[2026-08-20 17:04:43.266]# RECV HEX/158 <<<
F8 CA E8 5C 0E CA 12 02 42 F6 81 04 CA 00 04 82 FF D2 A0 C8 74 8D CA F1 61 4D E1 CA 33 EC F1 E2 80 52 63 40 FC 76 D6 44 5A 56 67 08 CC 01 CA 04 06 10 01 52 00 76 00 01 F4 CA CD 05 4C FC 76 33 48 86 CA 44 00 1C FC C8 83 4A 00 FE C0 82 66 04 
D6 C0 C9 74 A1 10 42 D5 67 A9 CA 74 82 21 D8 52 E0 C3 48 FD C8 55 F5 40 18 CA 0B C8 41 50 01 25 C8 00 CA 02 82 00 42 C0 FF AA 00 39 13 61 AD 00 31 9B 00 AB 4F 7D 57 5F AD 02 8A AC 02 8B AF 02 92 AE 02 9D A6 02 A3 6E 00 00 9C 00 00 AD
[2026-08-20 17:04:43.266]# RECV HEX/12 <<<
03 52 B0 03 4B AE 00 00 00 00 00 60
[2026-08-20 17:04:43.277]# RECV HEX/72 <<<
00 00 5F 00 00 72 00 00 10 33 AA 00 3C 13 61 AD 00 34 9B 00 AB 57 F9 60 73 68 00 00 8B 02 87 9D 02 94 AD 00 00 00 00 00 AF 00 00 B0 02 C9 00 00 00 00 00 00 00 00 00 00 00 00 00 00 00 AE 00 00 B0 09 2C AD 00 00 0D 6A
[2026-08-20 17:04:43.288]# RECV HEX/79 <<<
AA 00 39 13 61 AD 00 31 9B 00 AB 61 0D 68 EA AE 02 92 AE 02 A0 00 00 00 B2 00 00 B2 00 00 74 00 00 65 00 00 00 00 00 52 00 00 50 00 00 B2 00 00 B3 00 00 B0 03 66 72 03 73 0E 12 AA 00 3C 13 61 AD 00 34 9B 00 AB 69 84 71 FF 4D 00 00 00 00
[2026-08-20 17:04:43.299]# RECV HEX/88 <<<
00 00 00 00 B0 00 00 4D 00 00 5A 00 00 AE 04 5A 00 00 00 00 00 00 00 00 00 00 00 00 00 00 00 00 00 00 00 00 00 48 00 00 08 D6 AA 00 39 13 61 AD 00 31 9B 00 AB 72 9A 7A 91 00 00 00 48 00 00 4D 05 28 00 00 00 AE 00 00 00 00 00 AD 00 00 AF 03 
70 AD 03 69 B0 03 63 00
[2026-08-20 17:04:43.309]# RECV HEX/75 <<<
00 00 B3 00 00 00 00 00 00 00 00 0B B3 AA 00 3C 13 61 AD 00 34 9C 00 AB 7B 2C 83 B5 00 00 00 B2 00 00 B3 07 26 B3 07 1A B2 07 14 B2 07 11 B1 07 05 B0 06 FA B1 06 ED B2 06 E8 AF 06 DD B4 06 CD B1 06 C3 AF 06 BA B1 06 B4 16 7C
[2026-08-20 17:04:43.320]# RECV HEX/75 <<<
AA 00 39 13 61 AD 00 31 9B 00 AB 84 50 8C 38 B2 06 AC B3 06 AA B4 06 AA B0 06 AC B0 06 AD B2 06 B6 B3 06 BB B3 06 C1 B3 06 B9 B4 06 A4 B2 06 8F B1 06 7A B3 06 74 B0 06 70 17 FA AA 00 3C 13 61 AD 00 34 9C 00 AB 00 33 08 BE B2
[2026-08-20 17:04:43.331]# RECV HEX/86 <<<
06 70 AF 06 6F B1 06 74 B3 06 7B B3 06 87 B0 06 97 B4 06 A8 B3 06 BB B4 06 DA B0 07 04 00 00 00 00 00 00 B0 00 00 B1 26 AC AF 26 72 14 52 AA 00 39 13 61 AD 00 31 9D 00 AB 09 5A 11 5F B2 00 00 B0 06 BD B1 06 AB B3 06 9C B4 06 8C B3 06 7D B2 
06 66 B2 06 54 B4
[2026-08-20 17:04:43.341]# RECV HEX/78 <<<
06 46 B4 06 42 B6 06 3D B3 06 36 B3 06 33 AF 06 33 13 8A AA 00 39 13 61 AD 00 31 9D 00 AB 11 FB 19 F0 B1 06 34 AE 06 36 B0 06 37 AF 06 35 B3 06 33 B3 06 32 B2 06 2F B0 06 2C 00 00 00 AF 00 00 A4 01 AB 82 01 A9 68 01 A8 68 01 A8 12 2B
[2026-08-20 17:04:43.352]# RECV HEX/68 <<<
AA 00 3C 13 61 AD 00 34 9D 00 AB 1A 8C 23 21 71 01 A9 59 01 AB 63 01 AE 81 01 A5 00 00 00 00 00 00 00 00 00 00 00 00 00 00 00 00 00 00 00 00 00 00 00 00 00 00 00 00 00 00 00 00 00 08 C6 AA 00 39 13 61 AD
[2026-08-20 17:04:43.362]# RECV HEX/95 <<<
00 31 9C 00 AB 23 BD 2B AF 00 00 00 00 00 00 00 00 00 00 00 00 00 00 00 00 00 00 00 00 00 00 00 00 00 00 00 00 00 00 00 00 00 00 00 00 00 00 00 00 00 00 05 36 AA 00 39 13 61 AD 00 31 9D 00 AB 2C 4B 34 4C 00 00 00 00 00 00 00 00 00 00 00 00 
68 00 00 8F 01 C9 AD 01 CB 98 01 D3 00 00 00
[2026-08-20 17:04:43.373]# RECV HEX/78 <<<
00 00 00 00 00 00 00 00 00 00 00 00 00 00 00 09 1A AA 00 3C 13 61 AD 00 34 9C 00 AB 34 E9 3D 75 00 00 00 00 00 00 00 00 00 00 00 00 4C 00 00 00 00 00 00 00 00 00 00 00 00 00 00 00 00 00 00 00 00 00 00 00 00 00 00 00 00 00 00 00 00 05
[2026-08-20 17:04:43.383]# RECV HEX/60 <<<
9D AA 00 39 13 61 AD 00 31 9B 00 AB 3E 10 45 FA 00 00 00 00 00 00 00 00 00 00 00 00 00 00 00 00 00 00 00 00 00 00 00 00 00 00 00 00 00 00 00 00 00 00 00 00 00 00 00 00 00 00 05 08
[2026-08-20 17:04:43.394]# RECV HEX/88 <<<
AA 00 3C 13 61 AD 00 34 9B 00 AB 46 94 4F 15 00 00 00 00 00 00 00 00 00 00 00 00 00 00 00 00 00 00 B0 00 00 AF 09 A4 AF 00 00 B0 03 5C B3 03 52 00 00 00 B0 00 00 AD 02 8F AE 02 8B 0C BA AA 00 39 13 61 AD 00 31 9B 00 AB 4F AF 57 90 AE 02 8B 
AD 02 8D B1 02 96 AC 02
[2026-08-20 17:04:43.404]# RECV HEX/89 <<<
A3 80 02 A1 AE 00 00 A3 00 00 B2 03 53 B1 00 00 B2 00 00 00 00 00 69 00 00 8E 00 00 9E 00 00 10 E5 AA 00 3C 13 61 AD 00 34 9B 00 AB 58 2A 60 A3 7B 00 00 96 02 8C A4 02 9C AC 00 00 78 02 B7 AF 02 C1 AF 02 CE 00 00 00 00 00 00 00 00 00 00 00 
00 00 00 00 B1 00 00 AB 09
[2026-08-20 17:04:43.415]# RECV HEX/65 <<<
30 AC 00 00 0E F6 AA 00 39 13 61 AD 00 31 9B 00 AB 61 3D 69 1C AE 02 99 AD 02 A8 00 00 00 B0 00 00 B1 00 00 9B 00 00 51 00 00 4D 00 00 53 03 C8 87 03 B3 00 00 00 B1 00 00 B2 03 6B 49 00 00 0E 4D
[2026-08-20 17:04:43.426]# RECV HEX/84 <<<
AA 00 3C 13 61 AD 00 34 9B 00 AB 69 B6 72 31 55 00 00 00 00 00 6B 00 00 59 05 69 00 00 00 B0 00 00 59 00 00 48 00 00 00 00 00 00 00 00 00 00 00 60 00 00 00 00 00 00 00 00 47 00 00 08 C2 AA 00 39 13 61 AD 00 31 9C 00 AB 72 CD 7A C0 4D 00 00 
49 05 1D 46
[2026-08-20 17:04:43.426]# RECV HEX/11 <<<
05 34 00 00 00 B2 00 00 00 00 00
[2026-08-20 17:04:43.426]# RECV HEX/1 <<<
AF
[2026-08-20 17:04:43.436]# RECV HEX/76 <<<
00 00 B0 03 6C B0 03 67 B2 03 61 00 00 00 B2 00 00 00 00 00 00 00 00 0C 8E AA 00 39 13 61 AD 00 31 9B 00 AB 7B 5B 83 45 00 00 00 B2 00 00 B2 07 23 B3 07 18 B2 07 14 B1 07 0C B1 07 01 B2 06 F7 B1 06 EA B3 06 E4 B6 06 D9 B2 06 C9
[2026-08-20 17:04:43.447]# RECV HEX/70 <<<
B1 06 C0 B2 06 B6 14 AB AA 00 3C 13 61 AD 00 34 9B 00 AB 83 E0 8C 65 B0 06 B1 B2 06 AA B2 06 A7 B3 06 A7 B2 06 AC AF 06 AD B3 06 B3 B2 06 BB B4 06 C0 AF 06 B1 B3 06 9E B2 06 89 B2 06 78 B3 06 70 B3 06 6E 19 FA
[2026-08-20 17:04:43.458]# RECV HEX/75 <<<
AA 00 39 13 61 AD 00 31 9B 00 AB 00 60 08 49 B3 06 72 B2 06 70 B4 06 75 B3 06 7B B3 06 89 B2 06 99 AF 06 AE B2 06 C3 B4 06 E2 8B 07 1F 00 00 00 00 00 00 AF 00 00 AC 26 96 12 B7 AA 00 3C 13 61 AD 00 34 9E 00 AB 08 E4 11 87 B1
[2026-08-20 17:04:43.468]# RECV HEX/99 <<<
26 96 AE 00 00 B1 06 BA B3 06 A9 B3 06 99 B3 06 89 B2 06 78 B2 06 63 B3 06 50 B2 06 46 B3 06 42 B1 06 3C B1 06 35 AF 06 33 B2 06 33 15 89 AA 00 39 13 61 AD 00 31 9C 00 AB 12 23 1A 18 B1 06 36 AF 06 38 B2 06 35 B3 06 34 B0 06 34 B0 06 32 B3 
06 2E B3 06 2B B2 00 00 AF 00 00 A1 01 AB 77 01 A9 6E 01
[2026-08-20 17:04:43.479]# RECV HEX/65 <<<
A9 6D 01 A8 11 31 AA 00 39 13 61 AD 00 31 9C 00 AB 1A B4 22 AC 6F 01 AA 5E 01 AA 58 01 B0 9E 01 A6 00 00 00 00 00 00 00 00 00 00 00 00 00 00 00 00 00 00 00 00 00 00 00 00 00 00 00 00 00 00 09 89
[2026-08-20 17:04:43.489]# RECV HEX/69 <<<
AA 00 3C 13 61 AD 00 34 9C 00 AB 23 48 2B D9 00 00 00 00 00 00 00 00 00 00 00 00 00 00 00 00 00 00 00 00 00 00 00 00 00 00 00 00 00 00 00 00 00 00 00 00 00 00 00 00 00 00 00 00 00 04 F1 AA 00 39 13 61 AD 00
[2026-08-20 17:04:43.489]# RECV HEX/12 <<<
31 9D 00 AB 2C 76 34 77 00 00 00 00
[2026-08-20 17:04:43.500]# RECV HEX/82 <<<
00 00 00 00 00 00 00 00 76 00 00 9B 01 CB AD 01 CC 00 00 00 00 00 00 00 00 00 00 00 00 00 00 00 00 00 00 00 00 00 08 21 AA 00 39 13 61 AD 00 31 9C 00 AB 35 13 3D 06 00 00 00 00 00 00 00 00 00 00 00 00 00 00 00 00 00 00 00 00 00 00 00 00 00 
00 00
[2026-08-20 17:04:43.510]# RECV HEX/79 <<<
00 00 00 00 00 00 00 00 00 00 00 00 00 00 00 04 07 AA 00 3C 13 61 AD 00 34 9C 00 AB 3D A1 46 29 00 00 00 00 00 00 00 00 00 00 00 00 00 00 00 00 00 00 00 00 00 00 00 00 00 00 00 00 00 00 00 00 00 00 00 00 00 00 00 00 00 00 00 00 00 04 CF
[2026-08-20 17:04:43.521]# RECV HEX/61 <<<
AA 00 39 13 61 AD 00 31 9C 00 AB 46 C4 4E AD 00 00 00 00 00 00 00 00 00 00 00 00 00 00 00 6F 00 00 B2 09 CB AF 09 9A AE 00 00 B2 03 59 B0 03 50 00 00 00 B0 00 00 AF 02 8F 0D 77 AA 00
[2026-08-20 17:04:43.531]# RECV HEX/87 <<<
3C 13 61 AD 00 34 9B 00 AB 4F 47 57 C9 AE 02 8B AE 02 8B AD 02 90 AF 02 9B AD 02 A7 52 02 A2 51 00 00 A5 00 00 B1 03 58 00 00 00 9B 00 00 00 00 00 5B 00 00 AD 00 00 9C 02 8C 11 53 AA 00 39 13 61 AD 00 31 9A 00 AB 58 62 60 3F 96 02 87 96 02 
8E A6 00 00 00 00 00
[2026-08-20 17:04:43.531]# RECV HEX/11 <<<
AF 00 00 AF 02 C4 AF 00 00 00 00
[2026-08-20 17:04:43.542]# RECV HEX/78 <<<
00 00 00 00 00 00 00 00 00 00 B4 00 00 AE 09 22 00 00 00 0C 1E AA 00 3C 13 61 AD 00 34 9B 00 AB 60 D9 69 56 AF 00 00 AD 02 9B 00 00 00 B3 00 00 B1 00 00 00 00 00 76 00 00 00 00 00 50 00 00 55 00 00 B4 00 00 B2 00 00 AD 03 62 97 03 6D
[2026-08-20 17:04:43.553]# RECV HEX/64 <<<
00 00 00 0D 70 AA 00 39 13 61 AD 00 31 9B 00 AB 69 F0 71 CF 00 00 00 00 00 00 B2 00 00 53 05 8D 51 00 00 B2 04 4A 00 00 00 4F 00 00 00 00 00 4E 00 00 00 00 00 9D 00 00 00 00 00 48 00 00 0A 7E
[2026-08-20 17:04:43.564]# RECV HEX/96 <<<
AA 00 3C 13 61 AD 00 34 9C 00 AB 72 69 7A FD 00 00 00 49 00 00 4E 05 25 00 00 00 77 00 00 AE 00 00 B0 00 00 AF 03 6C B2 03 6C B1 03 66 B2 03 5D B2 03 51 AD 03 44 00 00 00 00 00 00 0E CF AA 00 39 13 61 AD 00 31 9B 00 AB 7B 98 83 81 B3 00 00 
B2 07 2D B3 07 20 B1 07 17 B2 07 14 B3 07 0A B1
[2026-08-20 17:04:43.574]# RECV HEX/77 <<<
06 FE B1 06 F2 B1 06 EA B2 06 E1 B6 06 D3 AF 06 C6 B1 06 BE B2 06 B5 16 E9 AA 00 39 13 61 AD 00 31 9B 00 AB 84 1C 8C 06 B0 06 AE B1 06 AB B1 06 A9 B2 06 A9 B1 06 AB B0 06 B1 B3 06 B8 B2 06 BB B1 06 B9 B2 06 AB B4 06 94 B3 06 82 AD
[2026-08-20 17:04:43.574]# RECV HEX/7 <<<
06 74 B2 06 6E 17 8A
[2026-08-20 17:04:43.585]# RECV HEX/62 <<<
AA 00 3C 13 61 AD 00 34 9B 00 AB 00 01 08 85 B4 06 6B B0 06 69 AF 06 72 B2 06 78 B0 06 81 B2 06 90 B2 06 9F B1 06 B4 AF 06 CC B0 06 EF 00 00 00 00 00 00 8E 00 00 B1 26 E0 AC 26 88 14 B0
[2026-08-20 17:04:43.585]# RECV HEX/10 <<<
AA 00 39 13 61 AD 00 31 9D 00
[2026-08-20 17:04:43.596]# RECV HEX/78 <<<
AB 09 21 11 1F A4 00 00 B1 06 C6 B1 06 B3 B0 06 A3 B3 06 91 B2 06 83 B2 06 6F B3 06 5C B2 06 4B B4 06 42 B2 06 3E B4 06 3A B3 06 34 B0 06 32 13 3A AA 00 3C 13 61 AD 00 34 9C 00 AB 11 BB 1A 4F AF 06 35 B2 06 37 B1 06 39 B2 06 36 B1 06
[2026-08-20 17:04:43.606]# RECV HEX/92 <<<
33 B2 06 33 B4 06 30 B2 06 2C B2 06 26 AE 00 00 B2 00 00 95 01 AA 6F 01 A8 6B 01 A9 71 01 A8 12 D6 AA 00 39 13 61 AD 00 31 9C 00 AB 1A EA 22 DF 64 01 AB 66 01 AB 52 01 AD 7A 01 A9 00 00 00 00 00 00 00 00 00 00 00 00 00 00 00 00 00 00 00 00 
00 00 00 00 00 00 00 00 00 00 09 C7
[2026-08-20 17:04:43.617]# RECV HEX/59 <<<
AA 00 39 13 61 AD 00 31 9C 00 AB 23 7A 2B 6B 00 00 00 00 00 00 00 00 00 00 00 00 00 00 00 00 00 00 00 00 00 00 00 00 00 00 00 00 00 00 00 00 00 00 00 00 00 00 00 00 00 00 04 AF
[2026-08-20 17:04:43.617]# RECV HEX/6 <<<
AA 00 3C 13 61 AD
[2026-08-20 17:04:43.628]# RECV HEX/87 <<<
00 34 9D 00 AB 2C 06 34 A6 00 00 00 00 00 00 00 00 00 00 00 00 00 00 00 7B 00 00 A0 01 CB AB 01 CF 00 00 00 00 00 00 00 00 00 00 00 00 00 00 00 00 00 00 00 00 00 07 F1 AA 00 39 13 61 AD 00 31 9C 00 AB 35 41 3D 33 00 00 00 00 00 00 00 00 00 
00 00 00 00 00 00 00
[2026-08-20 17:04:43.638]# RECV HEX/87 <<<
00 00 00 00 00 00 00 00 00 00 00 00 00 00 00 00 00 00 00 00 00 00 00 00 00 00 04 62 AA 00 39 13 61 AD 00 31 9C 00 AB 3D CE 45 BC 00 00 00 00 00 00 00 00 00 00 00 00 00 00 00 00 00 00 00 00 00 00 00 00 00 00 00 00 00 00 00 00 00 00 00 00 00 
00 00 00 00 00 05 88
[2026-08-20 17:04:43.649]# RECV HEX/62 <<<
AA 00 3C 13 61 AD 00 34 9B 00 AB 46 57 4E DB 00 00 00 00 00 00 00 00 00 00 00 00 00 00 00 00 00 00 AF 00 00 B1 09 BE 00 00 00 B1 00 00 B3 03 56 AF 03 4C B1 00 00 B0 02 8F AB 02 8C 0D 54
[2026-08-20 17:04:43.650]# RECV HEX/8 <<<
AA 00 39 13 61 AD 00 31
[2026-08-20 17:04:43.660]# RECV HEX/77 <<<
9B 00 AB 4F 75 57 5D AF 02 8A AD 02 8B B0 02 92 AC 02 9C A5 02 A3 00 00 00 85 00 00 AF 03 57 B2 03 4B AF 00 00 00 00 00 00 00 00 5E 00 00 76 00 00 0F 51 AA 00 3C 13 61 AD 00 34 9B 00 AB 57 F7 60 72 6A 00 00 90 02 88 9C 02 93 AF 00
[2026-08-20 17:04:43.660]# RECV HEX/11 <<<
00 48 00 00 AE 00 00 AF 02 C8 00
[2026-08-20 17:04:43.670]# RECV HEX/84 <<<
00 00 00 00 00 00 00 00 00 00 00 00 00 00 AE 00 00 B1 09 2A AE 00 00 0D B4 AA 00 39 13 61 AD 00 31 9B 00 AB 61 0C 68 EB AF 02 92 AB 02 A0 00 00 00 B1 00 00 B0 00 00 77 00 00 6A 00 00 00 00 00 52 00 00 51 00 00 B6 00 00 B1 00 00 B2 03 66 6E 
03 73 0E 16
[2026-08-20 17:04:43.681]# RECV HEX/62 <<<
AA 00 3C 13 61 AD 00 34 9B 00 AB 69 85 72 04 4B 00 00 00 00 00 00 00 00 B1 00 00 4A 00 00 59 00 00 AF 04 5A 00 00 00 00 00 00 00 00 00 00 00 00 00 00 00 00 00 00 00 00 00 00 00 00 07 91
[2026-08-20 17:04:43.691]# RECV HEX/81 <<<
AA 00 39 13 61 AD 00 31 9B 00 AB 72 9F 7A 93 00 00 00 49 00 00 4E 05 28 00 00 00 B0 00 00 B0 03 89 B0 00 00 AF 03 71 AF 03 69 B2 03 63 00 00 00 B2 00 00 00 00 00 00 00 00 0D 01 AA 00 3C 13 61 AD 00 34 9B 00 AB 7B 2E 83 B5 00 00 00 B0 00 00 
B3
[2026-08-20 17:04:43.702]# RECV HEX/86 <<<
07 2B B0 07 1E B2 07 17 B2 07 12 B2 07 08 B2 06 FC B1 06 EF B2 06 E8 B2 06 DE B3 06 CE B3 06 C4 B1 06 BA B2 06 B4 16 99 AA 00 39 13 61 AD 00 31 9B 00 AB 84 50 8C 38 AF 06 AC B3 06 A9 B0 06 A8 B0 06 AA B2 06 AB B2 06 B3 B2 06 B9 AF 06 BE B1 
06 B7 B2 06 A2 B2
[2026-08-20 17:04:43.712]# RECV HEX/75 <<<
06 8C B1 06 77 AF 06 71 B3 06 6C 17 CB AA 00 3C 13 61 AD 00 34 9C 00 AB 00 33 08 BA B0 06 6B B2 06 6A B0 06 70 B2 06 77 B2 06 82 B3 06 91 B3 06 A1 B0 06 B6 B3 06 D5 B2 06 FE 00 00 00 00 00 00 B2 00 00 B0 26 B3 AF 26 96 15 43
[2026-08-20 17:04:43.723]# RECV HEX/70 <<<
AA 00 39 13 61 AD 00 31 9D 00 AB 09 56 11 56 B2 00 00 AE 06 BE AE 06 AE B3 06 9E B4 06 8D AF 06 7F B2 06 67 B3 06 54 B4 06 47 B2 06 40 B2 06 3B B4 06 36 B3 06 32 B3 06 30 13 77 AA 00 39 13 61 AD 00 31 9C 00 AB
[2026-08-20 17:04:43.733]# RECV HEX/80 <<<
11 F2 19 E7 B1 06 34 B2 06 35 B3 06 38 B3 06 35 B3 06 32 B4 06 32 B2 06 2F B2 06 2A 00 00 00 AF 00 00 AC 01 AD 92 01 AA 70 01 A8 73 01 A8 12 51 AA 00 3C 13 61 AD 00 34 9C 00 AB 1A 82 23 12 75 01 A9 5D 01 AB 68 01 AC 5C 01 A7 4E 00 00 00 00
[2026-08-20 17:04:43.733]# RECV HEX/10 <<<
00 00 00 00 00 00 00 00 00 00
[2026-08-20 17:04:43.744]# RECV HEX/79 <<<
00 00 00 00 00 00 00 00 00 00 00 00 00 00 00 00 00 00 08 E2 AA 00 39 13 61 AD 00 31 9C 00 AB 23 AE 2B 9C 00 00 00 00 00 00 00 00 00 00 00 00 00 00 00 00 00 00 00 00 00 00 00 00 00 00 00 00 00 00 00 00 00 00 00 00 00 00 00 00 00 00 05 14
[2026-08-20 17:04:43.754]# RECV HEX/67 <<<
AA 00 39 13 61 AD 00 31 9C 00 AB 2C 37 34 34 00 00 00 00 00 00 00 00 00 00 00 00 68 00 00 87 01 CA AC 01 CB AD 01 D0 00 00 00 00 00 00 00 00 00 00 00 00 00 00 00 00 00 00 08 F7 AA 00 3C 13 61 AD 00 34
[2026-08-20 17:04:43.765]# RECV HEX/86 <<<
9C 00 AB 34 D0 3D 5E 00 00 00 00 00 00 00 00 00 00 00 00 00 00 00 00 00 00 00 00 00 00 00 00 00 00 00 00 00 00 00 00 00 00 00 00 00 00 00 00 00 00 00 00 00 05 21 AA 00 39 13 61 AD 00 31 9B 00 AB 3D F9 45 E2 00 00 00 00 00 00 00 00 00 00 00 
00 00 00 00 00 00
[2026-08-20 17:04:43.775]# RECV HEX/89 <<<
00 00 00 00 00 00 00 00 00 00 00 00 00 00 00 00 00 00 00 00 00 00 00 00 00 05 D8 AA 00 3C 13 61 AD 00 34 9B 00 AB 46 7D 4F 00 00 00 00 00 00 00 00 00 00 00 00 00 00 00 00 00 00 00 B2 00 00 B2 09 AE B0 00 00 B1 03 5D B0 03 54 B2 03 4B B0 00 
00 AF 02 91 B0 02 8D 0D A7
[2026-08-20 17:04:43.786]# RECV HEX/59 <<<
AA 00 39 13 61 AD 00 31 9B 00 AB 4F 9B 57 80 AD 02 8B AF 02 8D B1 02 96 AE 02 A4 7F 02 A5 B0 00 00 AF 00 00 AE 03 4F 9D 03 46 AF 00 00 00 00 00 7C 00 00 66 02 AC 87 00 00 11 82
[2026-08-20 17:04:43.796]# RECV HEX/90 <<<
AA 00 3C 13 61 AD 00 34 9B 00 AB 58 1B 60 9B 79 00 00 93 02 8A A5 02 9A AF 02 AB 55 00 00 B0 02 C0 AE 02 CC 00 00 00 00 00 00 00 00 00 00 00 00 00 00 00 B4 00 00 AB 09 2E AE 00 00 0E AB AA 00 39 13 61 AD 00 31 9B 00 AB 61 36 69 16 AE 02 97 
AC 02 A6 00 00 00 B1 00 00 B2
[2026-08-20 17:04:43.807]# RECV HEX/77 <<<
00 00 9C 00 00 61 04 0A 00 00 00 52 00 00 55 03 D2 4D 00 00 B2 00 00 B2 03 6A 4D 03 7E 0E 02 AA 00 3C 13 61 AD 00 34 9B 00 AB 69 B0 72 30 52 00 00 00 00 00 4E 00 00 93 05 69 4E 05 D3 B0 00 00 87 00 00 00 00 00 00 00 00 00 00 00 00
[2026-08-20 17:04:43.817]# RECV HEX/75 <<<
00 00 4E 00 00 00 00 00 00 00 00 00 00 00 09 88 AA 00 39 13 61 AD 00 31 9D 00 AB 72 CB 7A C5 4E 00 00 49 05 1C 00 00 00 00 00 00 B0 00 00 00 00 00 AE 00 00 AF 03 6D B0 03 67 B2 03 61 00 00 00 B0 00 00 00 00 00 00 00 00 0C 0E
[2026-08-20 17:04:43.828]# RECV HEX/70 <<<
AA 00 39 13 61 AD 00 31 9D 00 AB 7B 61 83 4A 00 00 00 B1 00 00 B3 07 27 B3 07 1B B2 07 14 B2 07 0E B1 07 04 B3 06 F9 B1 06 EC B2 06 E6 B2 06 DA B3 06 C9 AE 06 C0 B2 06 B5 14 C5 AA 00 3C 13 61 AD 00 34 9B 00 AB
[2026-08-20 17:04:43.838]# RECV HEX/98 <<<
83 E4 8C 6A B2 06 B0 B3 06 A9 B4 06 A6 B1 06 A5 B3 06 AA B1 06 AB B2 06 B1 B0 06 B8 B3 06 BD B1 06 AD B4 06 99 B0 06 85 AF 06 74 B3 06 6C B3 06 69 19 D8 AA 00 39 13 61 AD 00 31 9B 00 AB 00 65 08 4D AF 06 6F B2 06 6B B3 06 71 B2 06 77 B3 06 
85 B0 06 94 B1 06 A9 B2 06 BD B2 06 DD 8B 07 1D 00 00
[2026-08-20 17:04:43.849]# RECV HEX/74 <<<
00 00 00 00 AC 00 00 AE 26 8F 12 85 AA 00 3C 13 61 AD 00 34 9D 00 AB 08 E8 11 85 B1 26 8F B1 00 00 B2 06 BA B6 06 A9 B3 06 98 B3 06 89 B2 06 7A B3 06 62 B2 06 4E B5 06 43 B6 06 3F B3 06 39 AF 06 32 B2 06 2F AD 06 31 15 7A
[2026-08-20 17:04:43.860]# RECV HEX/71 <<<
AA 00 39 13 61 AD 00 31 9C 00 AB 12 20 1A 11 B2 06 32 B1 06 35 B2 06 36 B1 06 35 B2 06 32 B3 06 31 B4 06 2D B1 06 29 00 00 00 AF 00 00 AA 01 AB 88 01 A9 70 01 A9 72 01 A8 10 90 AA 00 39 13 61 AD 00 31 9C 00 AB 1A
[2026-08-20 17:04:43.870]# RECV HEX/91 <<<
AC 22 A1 76 01 A9 5E 01 AA 5F 01 AE 8C 01 A6 00 00 00 00 00 00 00 00 00 00 00 00 00 00 00 00 00 00 00 00 00 00 00 00 00 00 00 00 00 00 09 6F AA 00 3C 13 61 AD 00 34 9C 00 AB 23 3C 2B C9 00 00 00 00 00 00 00 00 00 00 00 00 00 00 00 00 00 00 
00 00 00 00 00 00 00 00 00 00 00
[2026-08-20 17:04:43.881]# RECV HEX/77 <<<
00 00 00 00 00 00 00 00 00 00 00 00 00 00 00 00 04 D5 AA 00 39 13 61 AD 00 31 9D 00 AB 2C 65 34 62 00 00 00 00 00 00 00 00 00 00 00 00 6E 00 00 9C 01 CA AC 01 CB 64 01 D2 00 00 00 00 00 00 00 00 00 00 00 00 00 00 00 00 00 00 09 28
[2026-08-20 17:04:43.891]# RECV HEX/68 <<<
AA 00 39 13 61 AD 00 31 9C 00 AB 34 FE 3C EB 00 00 00 00 00 00 00 00 00 00 00 00 00 00 00 00 00 00 00 00 00 00 00 00 00 00 00 00 00 00 00 00 00 00 00 00 00 00 00 00 00 00 05 D5 AA 00 3C 13 61 AD 00 34 9B
[2026-08-20 17:04:43.902]# RECV HEX/85 <<<
00 AB 3D 86 46 0C 00 00 00 00 00 00 00 00 00 00 00 00 00 00 00 00 00 00 00 00 00 00 00 00 00 00 00 00 00 00 00 00 00 00 00 00 00 00 00 00 00 00 00 00 00 04 96 AA 00 39 13 61 AD 00 31 9B 00 AB 46 A7 4E 8B 00 00 00 00 00 00 00 00 00 00 00 00 
00 00 00 00 00
[2026-08-20 17:04:43.912]# RECV HEX/89 <<<
00 AF 00 00 AF 09 A0 AE 00 00 AF 03 5B B4 03 51 00 00 00 AC 00 00 B0 02 90 0B F9 AA 00 3C 13 61 AD 00 34 9B 00 AB 4F 25 57 A1 AE 02 8C AD 02 8C AE 02 8F AC 02 99 AD 02 A6 64 02 A3 9A 00 00 00 00 00 B0 00 00 B0 00 00 B3 00 00 00 00 00 64 00 
00 9A 00 00 9A 00 00 10 8D
[2026-08-20 17:04:43.923]# RECV HEX/59 <<<
AA 00 39 13 61 AD 00 31 9B 00 AB 58 3B 60 1C 7F 02 81 9B 02 8E A7 00 00 9B 00 00 9D 02 B5 AF 02 C2 AF 02 D0 00 00 00 00 00 00 00 00 00 00 00 00 63 00 00 B0 09 1C B2 09 31 0E 65
[2026-08-20 17:04:43.933]# RECV HEX/85 <<<
AA 00 3C 13 61 AD 00 34 9B 00 AB 60 B6 69 31 AD 00 00 AC 02 9B AD 02 AA 48 00 00 B2 00 00 B0 09 D6 A0 00 00 4D 04 0A 51 00 00 52 03 CF B1 00 00 7E 00 00 B2 03 5F AD 03 6C 00 00 00 10 D8 AA 00 39 13 61 AD 00 31 9B 00 AB 69 CB 71 AC 52 00 00 
00 00 00 9F 00
[2026-08-20 17:04:43.944]# RECV HEX/84 <<<
00 4C 05 69 00 00 00 AF 00 00 00 00 00 49 00 00 00 00 00 46 00 00 00 00 00 8A 04 4E 00 00 00 00 00 00 09 91 AA 00 3C 13 61 AD 00 34 9D 00 AB 72 46 7A E0 48 00 00 4A 05 14 4C 05 21 68 05 3A 00 00 00 B2 00 00 9A 00 00 AF 03 69 B0 03 6A B2 03 
66 B0 03 5F
[2026-08-20 17:04:43.954]# RECV HEX/73 <<<
00 00 00 B3 00 00 00 00 00 00 00 00 0D BD AA 00 39 13 61 AD 00 31 9C 00 AB 7B 7C 83 66 B3 00 00 B0 07 33 B1 07 25 B3 07 19 B3 07 14 B3 07 0D B1 07 00 AF 06 F5 B2 06 EA B2 06 E3 B3 06 D6 B3 06 C7 B2 06 BD B2 06 B4 15 CD
[2026-08-20 17:04:43.965]# RECV HEX/75 <<<
AA 00 3C 13 61 AD 00 34 9C 00 AB 84 01 8C 8A B2 06 AE B1 06 A9 B4 06 A5 B2 06 A5 B4 06 A8 AF 06 AB B1 06 B0 B2 06 B7 B3 06 B7 B5 06 AA B3 06 95 B2 06 80 B2 06 71 B1 06 69 AF 06 67 18 F7 AA 00 39 13 61 AD 00 31 9C 00 AB 00 85
[2026-08-20 17:04:43.975]# RECV HEX/94 <<<
08 71 AD 06 68 B2 06 6A B1 06 70 B2 06 77 B2 06 85 B0 06 96 B1 06 AB B4 06 C1 B2 06 E4 4A 07 44 00 00 00 68 00 00 B2 26 F6 B2 26 96 14 48 AA 00 39 13 61 AD 00 31 9D 00 AB 09 0D 11 10 B0 26 B3 B0 00 00 B1 06 B5 B3 06 A5 B2 06 95 B0 06 85 B3 
06 73 B2 06 5C B2 06 49 B1 06 42 B4 06 3D
[2026-08-20 17:04:43.986]# RECV HEX/73 <<<
B0 06 37 B1 06 30 B2 06 2E 13 2A AA 00 3C 13 61 AD 00 34 9D 00 AB 11 AC 1A 42 B1 06 2F B1 06 32 B0 06 35 B3 06 33 B0 06 33 B0 06 32 B2 06 2F B3 06 2C B3 06 26 B1 00 00 AE 00 00 A6 01 AB 82 01 A9 76 01 A9 75 01 A8 12 D9
[2026-08-20 17:04:43.997]# RECV HEX/68 <<<
AA 00 39 13 61 AD 00 31 9C 00 AB 1A DD 22 CF 72 01 AA 67 01 AA 57 01 AF A1 01 A7 00 00 00 00 00 00 00 00 00 00 00 00 00 00 00 00 00 00 00 00 00 00 00 00 00 00 00 00 00 00 09 E3 AA 00 39 13 61 AD 00 31 9C
[2026-08-20 17:04:44.007]# RECV HEX/83 <<<
00 AB 23 6A 2B 5D 00 00 00 00 00 00 00 00 00 00 00 00 00 00 00 00 00 00 00 00 00 00 00 00 00 00 00 00 00 00 00 00 00 00 00 00 00 00 00 00 00 00 04 91 AA 00 3C 13 61 AD 00 34 9D 00 AB 2B F8 34 94 00 00 00 00 00 00 00 00 00 00 00 00 00 00 00 
83 00 00
[2026-08-20 17:04:44.007]# RECV HEX/12 <<<
AC 01 CB AC 01 CD 00 00 00 00 00 00
[2026-08-20 17:04:44.017]# RECV HEX/76 <<<
00 00 00 00 00 00 00 00 00 00 00 00 00 00 00 08 E3 AA 00 39 13 61 AD 00 31 9C 00 AB 35 2F 3D 1E 00 00 00 00 00 00 00 00 00 00 00 00 00 00 00 00 00 00 00 00 00 00 00 00 00 00 00 00 00 00 00 00 00 00 00 00 00 00 00 00 00 00 04 3B
[2026-08-20 17:04:44.028]# RECV HEX/72 <<<
AA 00 3C 13 61 AD 00 34 9C 00 AB 3D B9 46 42 00 00 00 00 00 00 00 00 00 00 00 00 00 00 00 00 00 00 00 00 00 00 00 00 00 00 00 00 00 00 00 00 00 00 00 00 00 00 00 00 00 00 00 00 00 05 00 AA 00 39 13 61 AD 00 31 9B 00
[2026-08-20 17:04:44.039]# RECV HEX/77 <<<
AB 46 DD 4E C3 00 00 00 00 00 00 00 00 00 00 00 00 00 00 00 B1 00 00 B1 09 C6 00 00 00 B0 00 00 AF 03 58 B3 03 4F 00 00 00 B0 00 00 AD 02 91 0C 8F AA 00 3C 13 61 AD 00 34 9B 00 AB 4F 5E 57 DD AE 02 8D AD 02 8D B0 02 94 AD 02 A1 A4
[2026-08-20 17:04:44.049]# RECV HEX/93 <<<
02 AD 00 00 00 5A 00 00 B1 00 00 B0 03 55 00 00 00 00 00 00 00 00 00 59 00 00 AD 00 00 93 02 88 0F FA AA 00 39 13 61 AD 00 31 9A 00 AB 58 76 60 53 94 02 86 9B 02 91 AA 00 00 00 00 00 B1 00 00 AD 02 C5 A8 00 00 00 00 00 00 00 00 00 00 00 00 
00 00 B3 00 00 B3 09 23 00 00 00 0C 4E
[2026-08-20 17:04:44.060]# RECV HEX/62 <<<
AA 00 3C 13 61 AD 00 34 9B 00 AB 60 ED 69 68 AB 00 00 AE 02 9B 00 00 00 B3 00 00 B1 00 00 00 00 00 7F 00 00 00 00 00 4F 00 00 56 00 00 B6 00 00 B0 00 00 B1 03 63 7A 03 6F 00 00 00 0D 86
[2026-08-20 17:04:44.070]# RECV HEX/72 <<<
AA 00 39 13 61 AD 00 31 9B 00 AB 6A 02 71 E0 00 00 00 00 00 00 B3 00 00 52 05 A2 55 00 00 B0 04 4D 00 00 00 50 00 00 00 00 00 4C 00 00 00 00 00 90 00 00 00 00 00 48 00 00 09 AE AA 00 39 13 61 AD 00 31 9C 00 AB 72 7B
[2026-08-20 17:04:44.070]# RECV HEX/12 <<<
7A 70 00 00 00 4A 00 00 4F 05 25 00
[2026-08-20 17:04:44.081]# RECV HEX/82 <<<
00 00 7F 00 00 AE 00 00 B2 00 00 AF 03 6C AF 03 6B B2 03 65 B4 03 5D B1 03 51 B1 03 43 00 00 00 0E 5A AA 00 3C 13 61 AD 00 34 9C 00 AB 7B 0C 83 95 00 00 00 B2 00 00 B2 00 00 B1 07 22 B1 07 19 B2 07 13 B3 07 09 B2 06 FD B1 06 F1 B3 06 E8 B3 
06 DF
[2026-08-20 17:04:44.091]# RECV HEX/73 <<<
B1 06 CF B4 06 C4 B3 06 BB B1 06 B1 16 35 AA 00 39 13 61 AD 00 31 9B 00 AB 84 30 8C 18 B4 06 AA B3 06 A6 B6 06 A5 B2 06 A4 B1 06 A7 B2 06 AC B2 06 B2 B3 06 B6 B3 06 B3 B1 06 A3 B2 06 8D AF 06 79 B4 06 6C B2 06 67 17 6C
[2026-08-20 17:04:44.102]# RECV HEX/76 <<<
AA 00 3C 13 61 AD 00 34 9C 00 AB 00 13 08 9E B1 06 63 AE 06 61 B3 06 6A B4 06 71 B2 06 79 B1 06 87 B3 06 98 B1 06 AC B4 06 C5 B2 06 EC 00 00 00 00 00 00 9D 00 00 AC 26 E0 AF 26 79 14 9B AA 00 39 13 61 AD 00 31 9D 00 AB 09 3A 11
[2026-08-20 17:04:44.112]# RECV HEX/94 <<<
3E 00 00 00 B3 00 00 B1 06 B0 B3 06 A0 B0 06 90 B0 06 81 B2 06 6B B2 06 57 B3 06 46 B1 06 3E B2 06 3A B4 06 35 B0 06 30 B2 06 2E 11 D2 AA 00 39 13 61 AD 00 31 9C 00 AB 11 DA 19 D2 B2 06 30 B2 06 33 B3 06 37 B1 06 34 B3 06 31 B1 06 31 B2 06 
2E B3 06 29 B2 06 22 B1 00 00 B2 00 00 97
[2026-08-20 17:04:44.123]# RECV HEX/72 <<<
01 AB 78 01 A8 72 01 A9 12 57 AA 00 3C 13 61 AD 00 34 9D 00 AB 1A 6D 23 05 76 01 A8 66 01 AB 6D 01 AB 53 01 AC 7C 01 A9 00 00 00 00 00 00 00 00 00 00 00 00 00 00 00 00 00 00 00 00 00 00 00 00 00 00 00 00 00 00 09 A2
[2026-08-20 17:04:44.133]# RECV HEX/73 <<<
AA 00 39 13 61 AD 00 31 9C 00 AB 23 A0 2B 90 00 00 00 00 00 00 00 00 00 00 00 00 00 00 00 00 00 00 00 00 00 00 00 00 00 00 00 00 00 00 00 00 00 00 00 00 00 00 00 00 00 00 04 FA AA 00 39 13 61 AD 00 31 9C 00 AB 2C 2C 34
[2026-08-20 17:04:44.144]# RECV HEX/80 <<<
30 00 00 00 00 00 00 00 00 00 00 00 00 62 00 00 8D 01 CA AD 01 CB AB 01 D0 00 00 00 00 00 00 00 00 00 00 00 00 00 00 00 00 00 00 08 E7 AA 00 3C 13 61 AD 00 34 9C 00 AB 34 CD 3D 5A 00 00 00 00 00 00 00 00 00 00 00 00 00 00 00 00 00 00 00 00
[2026-08-20 17:04:44.154]# RECV HEX/86 <<<
00 00 00 00 00 00 00 00 00 00 00 00 00 00 00 00 00 00 00 00 00 00 00 00 00 05 1A AA 00 39 13 61 AD 00 31 9B 00 AB 3D F5 45 DE 00 00 00 00 00 00 00 00 00 00 00 00 00 00 00 00 00 00 00 00 00 00 00 00 00 00 00 00 00 00 00 00 00 00 00 00 00 00 
00 00 00 00 05 D0
[2026-08-20 17:04:44.165]# RECV HEX/62 <<<
AA 00 3C 13 61 AD 00 34 9B 00 AB 46 79 4E FE 00 00 00 00 00 00 00 00 00 00 00 00 00 00 00 00 00 00 AF 00 00 AF 09 B4 00 00 00 B1 00 00 B4 03 55 B1 03 4C AE 00 00 B0 02 92 AF 02 8E 0D 95
[2026-08-20 17:04:44.175]# RECV HEX/88 <<<
AA 00 39 13 61 AD 00 31 9B 00 AB 4F 98 57 7B AE 02 8B AD 02 8D B1 02 96 AD 02 A4 81 02 A8 9F 00 00 AB 00 00 B0 03 52 00 00 00 B0 00 00 00 00 00 78 00 00 60 02 B0 7B 00 00 10 76 AA 00 3C 13 61 AD 00 34 9B 00 AB 58 15 60 90 79 00 00 92 02 88 
A6 00 00 B0 02 AA 4C 00
[2026-08-20 17:04:44.186]# RECV HEX/87 <<<
00 AF 00 00 AE 02 CA 00 00 00 00 00 00 00 00 00 00 00 00 00 00 00 B4 00 00 B0 09 2B AF 00 00 0D 31 AA 00 39 13 61 AD 00 31 9B 00 AB 61 2A 69 0B AE 02 95 AD 02 A3 00 00 00 AF 00 00 B2 00 00 9F 00 00 76 00 00 00 00 00 4F 00 00 4D 00 00 A0 00 
00 AE 00 00 B2 03 69
[2026-08-20 17:04:44.186]# RECV HEX/5 <<<
55 03 78 0D 5F
[2026-08-20 17:04:44.197]# RECV HEX/62 <<<
AA 00 3C 13 61 AD 00 34 9B 00 AB 69 A5 72 21 4E 00 00 00 00 00 00 00 00 B1 00 00 5A 05 E0 6D 00 00 B2 04 61 00 00 00 00 00 00 00 00 00 00 00 00 00 00 00 00 00 00 00 00 00 49 00 00 09 2D
[2026-08-20 17:04:44.207]# RECV HEX/73 <<<
AA 00 39 13 61 AD 00 31 9C 00 AB 72 BC 7A B1 49 00 00 49 05 1D 4B 05 2D 00 00 00 AE 00 00 00 00 00 AF 00 00 AE 03 6E B1 03 67 B2 03 61 00 00 00 B1 00 00 00 00 00 00 00 00 0C 64 AA 00 3C 13 61 AD 00 34 9B 00 AB 7B 4C 83
[2026-08-20 17:04:44.207]# RECV HEX/11 <<<
D0 00 00 00 B0 00 00 B1 07 2B B2
[2026-08-20 17:04:44.218]# RECV HEX/87 <<<
07 1C B3 07 17 B2 07 11 B1 07 05 B3 06 FA B2 06 EC B0 06 E6 B3 06 DC AF 06 CA B1 06 C0 AD 06 B6 B0 06 B0 16 A8 AA 00 39 13 61 AD 00 31 9B 00 AB 84 6B 8C 53 AF 06 A8 B2 06 A5 B4 06 A4 B3 06 A6 B3 06 A7 B1 06 AE B2 06 B5 B0 06 B9 B2 06 AF B4 
06 9A B3 06 85 B2 06
[2026-08-20 17:04:44.229]# RECV HEX/68 <<<
71 B1 06 6A AF 06 66 17 BF AA 00 39 13 61 AD 00 31 9B 00 AB 00 4E 08 37 B1 06 67 B1 06 65 B1 06 69 B4 06 73 B3 06 7D B2 06 8D B0 06 A0 B0 06 B4 B3 06 D3 AE 07 00 00 00 00 00 00 00 AE 00 00 AC 26 96 12 21
[2026-08-20 17:04:44.229]# RECV HEX/1 <<<
AA
[2026-08-20 17:04:44.240]# RECV HEX/88 <<<
00 3C 13 61 AD 00 34 9D 00 AB 08 D2 11 72 B1 26 72 B0 00 00 B1 06 BB AF 06 AB B2 06 9C B6 06 8B B1 06 7C B2 06 64 B1 06 50 B4 06 43 B4 06 3C B2 06 38 B4 06 32 AE 06 2F B3 06 2C 15 33 AA 00 39 13 61 AD 00 31 9C 00 AB 12 0E 1A 04 B1 06 31 B1 
06 33 B3 06 36 B4 06 34
[2026-08-20 17:04:44.251]# RECV HEX/91 <<<
B3 06 32 B1 06 32 B2 06 2E B3 06 28 00 00 00 AF 00 00 B0 01 AD 91 01 AA 77 01 A9 74 01 A8 10 8B AA 00 39 13 61 AD 00 31 9C 00 AB 1A A0 22 97 7A 01 A9 5D 01 AB 66 01 AD 78 01 A6 00 00 00 00 00 00 00 00 00 00 00 00 00 00 00 00 00 00 00 00 00 
00 00 00 00 00 00 00 00 00 09 4F
[2026-08-20 17:04:44.261]# RECV HEX/62 <<<
AA 00 3C 13 61 AD 00 34 9C 00 AB 23 33 2B C4 00 00 00 00 00 00 00 00 00 00 00 00 00 00 00 00 00 00 00 00 00 00 00 00 00 00 00 00 00 00 00 00 00 00 00 00 00 00 00 00 00 00 00 00 00 04 C7
[2026-08-20 17:04:44.261]# RECV HEX/6 <<<
AA 00 39 13 61 AD
[2026-08-20 17:04:44.272]# RECV HEX/76 <<<
00 31 9D 00 AB 2C 60 34 62 00 00 00 00 00 00 00 00 00 00 00 00 78 00 00 9F 01 CA AC 01 CC A0 01 D3 00 00 00 00 00 00 00 00 00 00 00 00 00 00 00 00 00 00 09 6E AA 00 39 13 61 AD 00 31 9C 00 AB 34 FE 3C F2 00 00 00 00 00 00 00 00
[2026-08-20 17:04:44.282]# RECV HEX/95 <<<
00 00 00 00 00 00 00 00 00 00 00 00 00 00 00 00 00 00 00 00 00 00 00 00 00 00 00 00 00 00 00 00 00 00 05 DC AA 00 3C 13 61 AD 00 34 9C 00 AB 3D 8D 46 14 00 00 00 00 00 00 00 00 00 00 00 00 00 00 00 00 00 00 00 00 00 00 00 00 00 00 00 00 00 
00 00 00 00 00 00 00 00 00 00 00 00 00 00 00
[2026-08-20 17:04:44.292]# RECV HEX/62 <<<
00 04 A6 AA 00 39 13 61 AD 00 31 9B 00 AB 46 AF 4E 98 00 00 00 00 00 00 00 00 00 00 00 00 00 00 00 00 00 00 AF 00 00 AE 09 A2 B0 00 00 AF 03 5B B3 03 52 00 00 00 AC 00 00 AE 02 92 0C 11
[2026-08-20 17:04:44.303]# RECV HEX/84 <<<
AA 00 3C 13 61 AD 00 34 9B 00 AB 4F 32 57 B4 AE 02 8E AE 02 8D AF 02 91 AD 02 9C AB 02 AB 4A 02 AE 79 00 00 00 00 00 B2 00 00 B2 00 00 B4 00 00 00 00 00 5E 00 00 A3 00 00 A1 00 00 10 9A AA 00 39 13 61 AD 00 31 9A 00 AB 58 4E 60 2A 87 02 81 
9F 02 90 AD
[2026-08-20 17:04:44.303]# RECV HEX/1 <<<
00
[2026-08-20 17:04:44.314]# RECV HEX/79 <<<
00 74 00 00 A8 02 B5 B1 02 C2 AF 02 D1 00 00 00 00 00 00 00 00 00 00 00 00 67 00 00 B4 09 1D AD 09 33 0E 86 AA 00 3C 13 61 AD 00 34 9B 00 AB 60 C3 69 3D AC 00 00 AD 02 9B AF 02 AB 5D 00 00 B1 00 00 B2 09 D5 A0 00 00 57 04 13 53 00 00 52
[2026-08-20 17:04:44.324]# RECV HEX/78 <<<
03 D5 B2 00 00 8E 00 00 B0 03 60 A5 03 6C 00 00 00 11 2C AA 00 39 13 61 AD 00 31 9B 00 AB 69 D7 71 B8 52 00 00 00 00 00 AB 00 00 54 05 6B 00 00 00 B0 00 00 00 00 00 49 00 00 00 00 00 49 00 00 00 00 00 93 04 4F 00 00 00 00 00 00 09 CD
[2026-08-20 17:04:44.335]# RECV HEX/69 <<<
AA 00 3C 13 61 AD 00 34 9C 00 AB 72 52 7A E4 00 00 00 4C 00 00 4B 05 22 85 05 3C 00 00 00 B2 00 00 9B 00 00 AE 03 69 AF 03 6A B2 03 66 B6 03 5F B0 03 53 B2 03 47 00 00 00 00 00 00 0E E0 AA 00 39 13 61 AD 00
[2026-08-20 17:04:44.345]# RECV HEX/89 <<<
31 9B 00 AB 7B 7F 83 67 B0 00 00 B1 07 35 B2 07 27 B3 07 1B B2 07 14 B3 07 0D B0 07 01 B2 06 F5 B0 06 EA B1 06 E1 B5 06 D6 AF 06 C7 B2 06 BC B3 06 B3 15 CF AA 00 3C 13 61 AD 00 34 9C 00 AB 84 02 8C 89 AE 06 AC B3 06 A8 B5 06 A4 B2 06 A3 B4 
06 A6 B4 06 A9 B0 06 AF B2
[2026-08-20 17:04:44.356]# RECV HEX/84 <<<
06 B4 B0 06 B5 B3 06 A8 B4 06 94 AF 06 7E AE 06 6F B0 06 67 B0 06 65 18 D4 AA 00 39 13 61 AD 00 31 9B 00 AB 00 83 08 6A B2 06 68 B1 06 68 B3 06 6D B0 06 73 AF 06 82 B2 06 92 B1 06 A6 B1 06 BC B0 06 DB 68 07 2D 00 00 00 00 00 00 B0 00 00 AE 
26 88 12 88
[2026-08-20 17:04:44.367]# RECV HEX/62 <<<
AA 00 39 13 61 AD 00 31 9B 00 AB 09 05 11 05 B2 26 8F B2 00 00 B1 06 B5 B4 06 A5 B4 06 96 B2 06 86 B1 06 76 B2 06 5E AF 06 4A B3 06 40 B1 06 3B B0 06 36 B1 06 2F B0 06 2C 12 F2 AA 00 3C
[2026-08-20 17:04:44.368]# RECV HEX/12 <<<
13 61 AD 00 34 9C 00 AB 11 A1 1A 33
[2026-08-20 17:04:44.378]# RECV HEX/87 <<<
B2 06 2D B3 06 30 B1 06 35 B2 06 34 B3 06 34 B3 06 31 B3 06 30 B1 06 2C B4 06 28 00 00 00 B1 00 00 A6 01 AC 87 01 A9 73 01 A9 76 01 A8 12 1D AA 00 39 13 61 AD 00 31 9C 00 AB 1A CF 22 C5 75 01 AA 63 01 AA 5C 01 AF 9D 01 A6 00 00 00 00 00 00 
00 00 00 00 00 00 00
[2026-08-20 17:04:44.378]# RECV HEX/11 <<<
00 00 00 00 00 00 00 00 00 00 00
[2026-08-20 17:04:44.389]# RECV HEX/70 <<<
00 00 00 00 00 00 09 CA AA 00 3C 13 61 AD 00 34 9C 00 AB 23 60 2B EF 00 00 00 00 00 00 00 00 00 00 00 00 00 00 00 00 00 00 00 00 00 00 00 00 00 00 00 00 00 00 00 00 00 00 00 00 00 00 00 00 00 00 00 00 00 05 1F
[2026-08-20 17:04:44.400]# RECV HEX/75 <<<
AA 00 39 13 61 AD 00 31 9D 00 AB 2C 8C 34 8B 00 00 00 00 00 00 00 00 00 00 00 00 87 00 00 A8 01 CB AE 01 CC 46 00 00 00 00 00 00 00 00 00 00 00 00 00 00 00 00 00 00 00 00 08 B0 AA 00 39 13 61 AD 00 31 9D 00 AB 35 27 3D 1C 00
[2026-08-20 17:04:44.400]# RECV HEX/12 <<<
00 00 00 00 00 00 00 00 00 00 00 00
[2026-08-20 17:04:44.411]# RECV HEX/78 <<<
00 00 00 00 00 00 00 00 00 00 00 00 00 00 00 00 00 00 00 00 00 00 00 00 00 00 00 00 00 04 32 AA 00 3C 13 61 AD 00 34 9C 00 AB 3D B7 46 42 00 00 00 00 00 00 00 00 00 00 00 00 00 00 00 00 00 00 00 00 00 00 00 00 00 00 00 00 00 00 00 00
[2026-08-20 17:04:44.411]# RECV HEX/10 <<<
00 00 00 00 00 00 00 00 00 00
[2026-08-20 17:04:44.422]# RECV HEX/64 <<<
00 00 00 04 FE AA 00 39 13 61 AD 00 31 9B 00 AB 46 DD 4E C4 00 00 00 00 00 00 00 00 00 00 00 00 00 00 00 A1 00 00 B0 09 C9 AE 09 9A B0 00 00 B0 03 58 B3 03 4F 00 00 00 AF 00 00 B0 02 92 0D D7
[2026-08-20 17:04:44.432]# RECV HEX/86 <<<
AA 00 3C 13 61 AD 00 34 9B 00 AB 4F 5F 57 E4 AE 02 8F AE 02 8F B1 02 96 AE 02 A4 9A 02 B2 00 00 00 5D 00 00 AF 00 00 AD 03 53 00 00 00 00 00 00 00 00 00 5A 00 00 AB 00 00 97 02 85 10 05 AA 00 39 13 61 AD 00 31 9B 00 AB 58 7E 60 5F 96 02 86 
A3 02 95 AD 02 A5
[2026-08-20 17:04:44.443]# RECV HEX/77 <<<
4C 00 00 AF 00 00 AD 02 C5 9C 00 00 00 00 00 00 00 00 00 00 00 00 00 00 B2 00 00 AF 09 24 00 00 00 0D 55 AA 00 3C 13 61 AD 00 34 9B 00 AB 60 F9 69 75 AD 00 00 AE 02 9C 00 00 00 B2 00 00 B3 00 00 00 00 00 82 00 00 4B 04 0A 4C 00 00
[2026-08-20 17:04:44.443]# RECV HEX/11 <<<
55 00 00 B0 00 00 B0 00 00 AE 03
[2026-08-20 17:04:44.454]# RECV HEX/68 <<<
65 66 03 70 00 00 00 0D E1 AA 00 39 13 61 AD 00 31 9B 00 AB 6A 0F 71 F1 4B 00 00 00 00 00 B0 00 00 00 00 00 5D 00 00 AF 04 4F 00 00 00 4E 00 00 00 00 00 4B 00 00 00 00 00 6A 00 00 00 00 00 48 00 00 08 FB
[2026-08-20 17:04:44.465]# RECV HEX/77 <<<
AA 00 39 13 61 AD 00 31 9C 00 AB 72 8B 7A 80 00 00 00 4A 00 00 4E 05 27 00 00 00 87 00 00 B0 03 84 AF 00 00 AE 03 6D B0 03 6B AE 03 64 B1 03 5C B1 03 4F B0 03 42 00 00 00 0E FD AA 00 3C 13 61 AD 00 34 9B 00 AB 7B 1C 83 A0 00 00 00
[2026-08-20 17:04:44.475]# RECV HEX/98 <<<
B2 00 00 B3 00 00 B2 07 21 B3 07 17 B1 07 12 B0 07 08 B3 06 FC AF 06 EE B2 06 E6 B2 06 DE AE 06 CD B4 06 C1 AE 06 B8 B1 06 AF 16 2E AA 00 39 13 61 AD 00 31 9B 00 AB 84 3B 8C 20 B0 06 A8 B2 06 A4 B2 06 A1 B2 06 A1 B2 06 A3 B4 06 A9 B2 06 B0 
B2 06 B4 B2 06 B1 B3 06 A0 B6 06 8C B2 06 77 B3 06 6A
[2026-08-20 17:04:44.486]# RECV HEX/67 <<<
B0 06 65 17 5B AA 00 3C 13 61 AD 00 34 9C 00 AB 00 1A 08 A2 AE 06 62 B1 06 60 B1 06 68 B3 06 6F AF 06 76 B2 06 85 B2 06 96 B4 06 AB B4 06 C4 B3 06 E9 00 00 00 00 00 00 9E 00 00 AF 26 BB AF 26 80 14 78
[2026-08-20 17:04:44.497]# RECV HEX/73 <<<
AA 00 39 13 61 AD 00 31 9D 00 AB 09 3E 11 3D 00 00 00 B1 00 00 AE 06 B0 B2 06 9F B2 06 90 B2 06 81 B4 06 6E B0 06 59 B2 06 47 B5 06 3E B3 06 3B B4 06 36 B3 06 2F AC 06 2E 11 DA AA 00 39 13 61 AD 00 31 9C 00 AB 11 D9 19
[2026-08-20 17:04:44.507]# RECV HEX/95 <<<
CA B2 06 30 B0 06 33 B2 06 37 B3 06 33 B3 06 32 B3 06 32 B3 06 2F B3 06 2C B2 06 25 B1 00 00 B2 00 00 9E 01 AB 7A 01 A8 76 01 A9 12 65 AA 00 3C 13 61 AD 00 34 9C 00 AB 1A 66 22 F4 78 01 A8 68 01 AB 69 01 AB 55 01 AD 99 01 A8 00 00 00 00 00 
00 00 00 00 00 00 00 00 00 00 00 00 00 00 00
[2026-08-20 17:04:44.518]# RECV HEX/71 <<<
00 00 00 00 00 00 00 00 00 00 0A A7 AA 00 39 13 61 AD 00 31 9C 00 AB 23 8F 2B 7D 00 00 00 00 00 00 00 00 00 00 00 00 00 00 00 00 00 00 00 00 00 00 00 00 00 00 00 00 00 00 00 00 00 00 00 00 00 00 00 00 00 00 04 D6
[2026-08-20 17:04:44.529]# RECV HEX/78 <<<
AA 00 3C 13 61 AD 00 34 9D 00 AB 2C 19 34 B4 00 00 00 00 00 00 00 00 00 00 00 00 00 00 00 8B 00 00 AD 01 CB AB 01 CE 00 00 00 00 00 00 00 00 00 00 00 00 00 00 00 00 00 00 00 00 00 08 2E AA 00 39 13 61 AD 00 31 9C 00 AB 35 4F 3D 3E 00
[2026-08-20 17:04:44.539]# RECV HEX/95 <<<
00 00 00 00 00 00 00 00 00 00 00 00 00 00 00 00 00 00 00 00 00 00 00 00 00 00 00 00 00 00 00 00 00 00 00 00 00 00 00 00 00 04 7B AA 00 39 13 61 AD 00 31 9C 00 AB 3D D9 45 C5 00 00 00 00 00 00 00 00 00 00 00 00 00 00 00 00 00 00 00 00 00 00 
00 00 00 00 00 00 00 00 00 00 00 00 00 00 00
[2026-08-20 17:04:44.550]# RECV HEX/69 <<<
00 00 00 00 00 05 9C AA 00 3C 13 61 AD 00 34 9B 00 AB 46 60 4E E0 00 00 00 00 00 00 00 00 00 00 00 00 00 00 00 00 00 00 B1 00 00 B0 09 BD 00 00 00 B0 00 00 B4 03 57 AF 03 4E 00 00 00 AD 00 00 AF 02 92 0C 2A
[2026-08-20 17:04:44.561]# RECV HEX/71 <<<
AA 00 39 13 61 AD 00 31 9B 00 AB 4F 7A 57 5E AE 02 8E AB 02 8F AD 02 98 AD 02 A7 8C 02 B3 00 00 00 6A 00 00 B2 03 5F 00 00 00 94 00 00 52 03 27 00 00 00 5E 00 00 9F 00 00 0E DC AA 00 3C 13 61 AD 00 34 9B 00 AB 57
[2026-08-20 17:04:44.571]# RECV HEX/96 <<<
F9 60 78 85 02 81 94 02 88 A8 02 98 B2 02 A9 66 00 00 B0 00 00 B0 02 C7 00 00 00 00 00 00 00 00 00 00 00 00 00 00 00 B2 00 00 B0 09 2C 00 00 00 0E 94 AA 00 39 13 61 AD 00 31 9B 00 AB 61 12 68 F3 AD 00 00 AF 02 9E 00 00 00 B1 00 00 B1 00 00 
00 00 00 82 00 00 00 00 00 4D 00 00 53 00 00 B3
[2026-08-20 17:04:44.582]# RECV HEX/75 <<<
00 00 B1 00 00 B2 03 67 5D 03 74 0D 1D AA 00 3C 13 61 AD 00 34 9B 00 AB 69 8D 72 0D 4B 00 00 4C 00 00 00 00 00 B3 00 00 00 00 00 62 00 00 B2 04 57 00 00 00 00 00 00 00 00 00 00 00 00 00 00 00 00 00 00 00 00 00 4B 00 00 07 FA
[2026-08-20 17:04:44.593]# RECV HEX/65 <<<
AA 00 39 13 61 AD 00 31 9D 00 AB 72 A9 7A A2 00 00 00 4C 00 00 4D 05 26 00 00 00 AE 00 00 B0 03 85 AE 00 00 AF 03 6C B0 03 68 B1 03 62 B6 03 59 B2 03 4C AF 03 3D 00 00 00 0F 5D AA 00 3C 13 61 AD
[2026-08-20 17:04:44.603]# RECV HEX/98 <<<
00 34 9C 00 AB 7B 3D 83 C6 00 00 00 B3 00 00 B0 00 00 B3 07 1C B2 07 14 B0 07 0E B2 07 03 B3 06 F7 B0 06 EA B2 06 E2 B3 06 D8 B1 06 C7 B1 06 BC B3 06 B2 B2 06 AB 16 44 AA 00 39 13 61 AD 00 31 9C 00 AB 84 61 8C 4C AF 06 A3 B1 06 9F B1 06 9E 
B3 06 A0 AF 06 A1 B3 06 A8 B2 06 B0 B1 06 B4 B3 06 AD
[2026-08-20 17:04:44.614]# RECV HEX/76 <<<
AF 06 98 B2 06 82 B2 06 6D B2 06 65 B3 06 62 17 69 AA 00 39 13 61 AD 00 31 9B 00 AB 00 47 08 30 B2 06 61 B2 06 61 B0 06 66 B3 06 70 B2 06 79 B2 06 87 B3 06 99 B1 06 AE B2 06 CC B4 06 F8 00 00 00 00 00 00 B2 00 00 B2 26 B3 13 0B
[2026-08-20 17:04:44.625]# RECV HEX/71 <<<
AA 00 3C 13 61 AD 00 34 9D 00 AB 08 CB 11 6E AD 26 5C B1 00 00 B3 06 C0 B2 06 AD B2 06 9D B6 06 8B B0 06 7D B2 06 68 B3 06 54 B0 06 45 B4 06 3D B4 06 38 B4 06 34 B3 06 31 B3 06 2E 15 32 AA 00 39 13 61 AD 00 31 9C
[2026-08-20 17:04:44.635]# RECV HEX/77 <<<
00 AB 12 09 19 FD B2 06 32 B1 06 35 B1 06 37 B3 06 35 B3 06 32 B2 06 32 B3 06 2F B3 06 2A 00 00 00 B0 00 00 B0 01 AE 97 01 AA 78 01 A9 7B 01 A8 11 96 AA 00 39 13 61 AD 00 31 9C 00 AB 1A 99 22 8C 77 01 A9 5E 01 AB 68 01 AD 66 01 A7
[2026-08-20 17:04:44.635]# RECV HEX/11 <<<
4F 00 00 00 00 00 00 00 00 00 00
[2026-08-20 17:04:44.646]# RECV HEX/83 <<<
00 00 00 00 00 00 00 00 00 00 00 00 00 00 00 00 00 00 00 09 7B AA 00 3C 13 61 AD 00 34 9C 00 AB 23 28 2B B7 00 00 00 00 00 00 00 00 00 00 00 00 00 00 00 00 00 00 00 00 00 00 00 00 00 00 00 00 00 00 00 00 00 00 00 00 00 00 00 00 00 00 00 00 
00 04 AF
[2026-08-20 17:04:44.657]# RECV HEX/62 <<<
AA 00 39 13 61 AD 00 31 9D 00 AB 2C 53 34 51 00 00 00 00 00 00 00 00 00 00 00 00 82 00 00 9B 01 CB AC 01 CB AC 01 D1 00 00 00 00 00 00 00 00 00 00 00 00 00 00 00 00 00 00 09 60 AA 00 3C
[2026-08-20 17:04:44.667]# RECV HEX/94 <<<
13 61 AD 00 34 9C 00 AB 34 ED 3D 78 00 00 00 00 00 00 00 00 00 00 00 00 00 00 00 00 00 00 00 00 00 00 00 00 00 00 00 00 00 00 00 00 00 00 00 00 00 00 00 00 00 00 00 00 00 05 58 AA 00 39 13 61 AD 00 31 9B 00 AB 3E 13 45 FC 00 00 00 00 00 00 
00 00 00 00 00 00 00 00 00 00 00 00 00 00
[2026-08-20 17:04:44.668]# RECV HEX/6 <<<
00 00 00 00 00 00
[2026-08-20 17:04:44.678]# RECV HEX/76 <<<
00 00 00 00 00 00 00 00 00 00 00 00 00 00 00 00 05 0D AA 00 3C 13 61 AD 00 34 9B 00 AB 46 96 4F 19 00 00 00 00 00 00 00 00 00 00 00 00 00 00 00 00 00 00 B1 00 00 AF 09 AD B0 00 00 B2 03 5D B2 03 54 B2 03 4B 00 00 00 AE 00 00 AF
[2026-08-20 17:04:44.689]# RECV HEX/63 <<<
02 91 0C 96 AA 00 39 13 61 AD 00 31 9B 00 AB 4F B3 57 97 AD 02 8F AD 02 93 B0 02 9E A9 02 AE 50 02 B9 AF 00 00 AE 00 00 00 00 00 73 00 00 B3 00 00 67 00 00 80 00 00 65 02 98 79 00 00 10 81
[2026-08-20 17:04:44.699]# RECV HEX/86 <<<
AA 00 3C 13 61 AD 00 34 9B 00 AB 58 31 60 AE 8A 00 00 9F 02 8E AB 00 00 AE 02 AF 62 02 BF B0 02 BF B0 02 CB 00 00 00 00 00 00 00 00 00 00 00 00 00 00 00 AF 00 00 B2 09 2E B0 00 00 0F 34 AA 00 39 13 61 AD 00 31 9B 00 AB 61 48 69 29 AE 02 97 
AC 02 A5 00 00 00
[2026-08-20 17:04:44.699]# RECV HEX/11 <<<
B1 00 00 B1 00 00 AA 00 00 89 04
[2026-08-20 17:04:44.710]# RECV HEX/77 <<<
17 46 00 00 50 03 CE 52 03 CE 61 00 00 B1 00 00 AA 03 69 00 00 00 0E B2 AA 00 3C 13 61 AD 00 34 9B 00 AB 69 C3 72 41 4F 00 00 00 00 00 57 00 00 B2 05 6D 53 05 DF 94 00 00 A5 00 00 00 00 00 00 00 00 00 00 00 00 00 00 4B 00 00 00 00
[2026-08-20 17:04:44.710]# RECV HEX/9 <<<
00 00 00 00 48 00 00 0A 2D
[2026-08-20 17:04:44.721]# RECV HEX/59 <<<
AA 00 39 13 61 AD 00 31 9D 00 AB 72 DD 7A D7 4E 00 00 4A 05 1C 48 05 32 00 00 00 AF 00 00 00 00 00 AE 00 00 B0 03 6D B1 03 67 B2 03 61 00 00 00 B1 00 00 00 00 00 00 00 00 0C B4
[2026-08-20 17:04:44.731]# RECV HEX/90 <<<
AA 00 39 13 61 AD 00 31 9D 00 AB 7B 73 83 60 00 00 00 B2 00 00 B4 07 23 B1 07 18 B1 07 12 B3 07 0A B1 06 FE B2 06 F4 B0 06 E6 B0 06 DF B2 06 D3 B3 06 C4 AF 06 B9 B2 06 AE 15 AA AA 00 3C 13 61 AD 00 34 9C 00 AB 83 FB 8C 83 B2 06 A9 B2 06 A2 
B1 06 9E B2 06 9D B2 06 A1 B3
[2026-08-20 17:04:44.742]# RECV HEX/86 <<<
06 A3 B4 06 A9 B1 06 B0 B2 06 B5 B0 06 A5 B2 06 92 B1 06 7D B2 06 6B B0 06 64 B3 06 61 19 90 AA 00 39 13 61 AD 00 31 9C 00 AB 00 7E 08 69 B1 06 65 B0 06 61 B1 06 67 B1 06 6E B2 06 7C B2 06 8B AF 06 9F B2 06 B4 B3 06 D3 91 07 0F 00 00 00 00 
00 00 B2 00 00 B1
[2026-08-20 17:04:44.742]# RECV HEX/4 <<<
26 88 12 5C
[2026-08-20 17:04:44.753]# RECV HEX/59 <<<
AA 00 39 13 61 AD 00 31 9D 00 AB 09 05 11 08 B1 26 96 B3 00 00 B2 06 B6 B4 06 A5 B2 06 97 B3 06 86 B2 06 78 B1 06 61 B0 06 4D B4 06 41 B1 06 3D B1 06 38 AE 06 31 AC 06 2F 13 0E
[2026-08-20 17:04:44.763]# RECV HEX/94 <<<
AA 00 3C 13 61 AD 00 34 9C 00 AB 11 A5 1A 39 B2 06 2F B1 06 32 B3 06 35 B0 06 36 B3 06 35 B3 06 33 B2 06 33 B1 06 2E B4 06 29 00 00 00 B2 00 00 A8 01 AC 8C 01 A9 79 01 A9 79 01 A8 12 44 AA 00 39 13 61 AD 00 31 9C 00 AB 1A D4 22 C8 77 01 AA 
64 01 AA 59 01 AE A2 01 A6 00 00 00 00 00
[2026-08-20 17:04:44.774]# RECV HEX/78 <<<
00 00 00 00 00 00 00 00 00 00 00 00 00 00 00 00 00 00 00 00 00 00 00 00 00 09 D6 AA 00 3C 13 61 AD 00 34 9C 00 AB 23 63 2B F1 00 00 00 00 00 00 00 00 00 00 00 00 00 00 00 00 00 00 00 00 00 00 00 00 00 00 00 00 00 00 00 00 00 00 00 00
[2026-08-20 17:04:44.784]# RECV HEX/70 <<<
00 00 00 00 00 00 00 00 00 05 24 AA 00 39 13 61 AD 00 31 9D 00 AB 2C 8D 34 8D 00 00 00 00 00 00 00 00 00 00 00 00 80 00 00 A8 01 CB AB 01 CC 53 01 D4 00 00 00 00 00 00 00 00 00 00 00 00 00 00 00 00 00 00 09 8B
[2026-08-20 17:04:44.795]# RECV HEX/75 <<<
AA 00 39 13 61 AD 00 31 9D 00 AB 35 29 3D 17 00 00 00 00 00 00 00 00 00 00 00 00 00 00 00 00 00 00 00 00 00 00 00 00 00 00 00 00 00 00 00 00 00 00 00 00 00 00 00 00 00 00 04 2F AA 00 3C 13 61 AD 00 34 9C 00 AB 3D B2 46 39 00
[2026-08-20 17:04:44.795]# RECV HEX/11 <<<
00 00 00 00 00 00 00 00 00 00 00
[2026-08-20 17:04:44.795]# RECV HEX/1 <<<
00
[2026-08-20 17:04:44.806]# RECV HEX/86 <<<
00 00 00 00 00 00 00 00 00 00 00 00 00 00 00 00 00 00 00 00 00 00 00 00 00 00 00 00 00 00 00 00 04 F0 AA 00 39 13 61 AD 00 31 9B 00 AB 46 D4 4E B9 00 00 00 00 00 00 00 00 00 00 00 00 00 00 00 00 00 00 B2 00 00 AF 09 9E AD 00 00 B1 03 59 B2 
03 51 00 00 00 B2
[2026-08-20 17:04:44.816]# RECV HEX/69 <<<
00 00 AE 02 92 0C 58 AA 00 3C 13 61 AD 00 34 9B 00 AB 4F 53 57 D1 AB 02 8E AD 02 8E AE 02 93 AE 02 A0 AA 02 AD 00 00 00 55 00 00 A6 00 00 B2 03 50 00 00 00 B3 00 00 00 00 00 5C 00 00 AA 00 00 A7 00 00 10 0F
[2026-08-20 17:04:44.827]# RECV HEX/70 <<<
AA 00 39 13 61 AD 00 31 9B 00 AB 58 6A 60 45 88 02 82 9D 02 92 A9 00 00 4A 00 00 AF 02 B6 AF 02 C3 B0 02 D4 00 00 00 00 00 00 00 00 00 00 00 00 8C 00 00 AF 09 21 AF 09 36 0E C6 AA 00 3C 13 61 AD 00 34 9B 00 AB
[2026-08-20 17:04:44.827]# RECV HEX/12 <<<
60 DF 69 5B AB 00 00 AE 02 9B 7D 00
[2026-08-20 17:04:44.838]# RECV HEX/86 <<<
00 A7 00 00 B0 09 E9 00 00 00 9C 00 00 56 04 14 53 00 00 52 00 00 B1 00 00 B3 00 00 AD 03 61 93 03 6C 00 00 00 0F 66 AA 00 39 13 61 AD 00 31 9B 00 AB 69 F5 71 D3 4D 00 00 00 00 00 00 00 00 5C 00 00 4A 00 00 B0 00 00 00 00 00 4C 00 00 00 00 
00 4B 00 00 00 00
[2026-08-20 17:04:44.848]# RECV HEX/74 <<<
00 A3 04 54 00 00 00 48 00 00 09 9A AA 00 3C 13 61 AD 00 34 9C 00 AB 72 6D 7B 01 00 00 00 4B 00 00 4C 05 22 AE 05 46 5A 00 00 AD 00 00 AA 00 00 AE 03 69 B0 03 6B B0 03 66 B2 03 5E B3 03 52 B2 03 45 00 00 00 00 00 00 0E AB
[2026-08-20 17:04:44.859]# RECV HEX/77 <<<
AA 00 39 13 61 AD 00 31 9C 00 AB 7B 9C 83 87 B2 00 00 B2 07 2F B3 07 20 B2 07 16 B3 07 11 B1 07 08 B1 06 FC B1 06 F0 B3 06 E5 B3 06 DD B3 06 D0 B2 06 C1 B2 06 B8 AE 06 AE 16 CD AA 00 39 13 61 AD 00 31 9C 00 AB 84 22 8C 0E B2 06 A7
[2026-08-20 17:04:44.870]# RECV HEX/84 <<<
B2 06 A3 B3 06 A0 B2 06 A0 B2 06 A2 B4 06 A6 B1 06 AC B1 06 B1 B2 06 AF B1 06 A1 B4 06 8C B3 06 77 B3 06 69 AC 06 62 17 17 AA 00 3C 13 61 AD 00 34 9C 00 AB 00 08 08 92 B2 06 5F B2 06 5F B2 06 63 B0 06 69 B1 06 6F B2 06 7F B4 06 8E B1 06 A4 
B2 06 BA B4
[2026-08-20 17:04:44.880]# RECV HEX/78 <<<
06 DC 51 07 31 00 00 00 5F 00 00 B0 26 D8 B0 26 5C 14 5C AA 00 39 13 61 AD 00 31 9D 00 AB 09 2E 11 31 00 00 00 B1 00 00 B2 06 AF B1 06 9E B4 06 8F B2 06 7E B1 06 6F B1 06 59 B0 06 46 B0 06 3F B0 06 3A B3 06 35 B3 06 2E AF 06 2C 11 AF
[2026-08-20 17:04:44.891]# RECV HEX/67 <<<
AA 00 39 13 61 AD 00 31 9D 00 AB 11 CE 19 C7 B2 06 2D B2 06 31 B3 06 34 B1 06 32 B2 06 31 B3 06 30 B3 06 2E B3 06 2C B4 06 25 B0 00 00 B0 00 00 A1 01 AB 7F 01 A9 7B 01 A9 12 58 AA 00 3C 13 61 AD 00 34
[2026-08-20 17:04:44.901]# RECV HEX/98 <<<
9C 00 AB 1A 63 22 F7 78 01 A8 65 01 AD 6C 01 AA 55 00 00 94 01 A8 00 00 00 00 00 00 00 00 00 00 00 00 00 00 00 00 00 00 00 00 00 00 00 00 00 00 00 00 00 00 09 F5 AA 00 39 13 61 AD 00 31 9C 00 AB 23 92 2B 82 00 00 00 00 00 00 00 00 00 00 00 
00 00 00 00 00 00 00 00 00 00 00 00 00 00 00 00 00 00
[2026-08-20 17:04:44.912]# RECV HEX/74 <<<
00 00 00 00 00 00 00 00 00 00 00 00 00 04 DE AA 00 39 13 61 AD 00 31 9C 00 AB 2C 1E 34 BC 00 00 00 00 00 00 00 00 00 00 00 00 00 00 00 88 00 00 AB 01 CB AC 01 CE 00 00 00 00 00 00 00 00 00 00 00 00 00 00 00 00 00 00 08 30
[2026-08-20 17:04:44.922]# RECV HEX/72 <<<
AA 00 3C 13 61 AD 00 34 9C 00 AB 35 58 3D 46 00 00 00 00 00 00 00 00 00 00 00 00 00 00 00 00 00 00 00 00 00 00 00 00 00 00 00 00 00 00 00 00 00 00 00 00 00 00 00 00 00 00 00 00 00 04 92 AA 00 39 13 61 AD 00 31 9C 00
[2026-08-20 17:04:44.933]# RECV HEX/77 <<<
AB 3D E1 45 CA 00 00 00 00 00 00 00 00 00 00 00 00 00 00 00 00 00 00 00 00 00 00 00 00 00 00 00 00 00 00 00 00 00 00 00 00 00 00 00 00 00 00 05 A9 AA 00 3C 13 61 AD 00 34 9B 00 AB 46 64 4E E6 00 00 00 00 00 00 00 00 00 00 00 00 00
[2026-08-20 17:04:44.943]# RECV HEX/93 <<<
00 00 00 00 00 B2 00 00 B0 09 C0 00 00 00 B1 00 00 B2 03 57 B2 03 4E 00 00 00 AF 00 00 AE 02 91 0C 3A AA 00 39 13 61 AD 00 31 9B 00 AB 4F 81 57 64 AE 02 8D AD 02 8E AE 02 95 AE 02 A3 9A 02 AF 00 00 00 5F 00 00 B0 00 00 AA 00 00 B1 03 38 55 
03 27 4E 03 23 62 00 00 A0 00 00 0F FD
[2026-08-20 17:04:44.954]# RECV HEX/62 <<<
AA 00 3C 13 61 AD 00 34 9B 00 AB 57 FE 60 77 82 00 00 93 02 87 A5 02 95 AE 00 00 67 00 00 AF 00 00 B0 02 C6 5A 00 00 00 00 00 00 00 00 00 00 00 00 00 00 B3 00 00 AF 09 2A 00 00 00 0D B2
[2026-08-20 17:04:44.954]# RECV HEX/4 <<<
AA 00 39 13
[2026-08-20 17:04:44.965]# RECV HEX/79 <<<
61 AD 00 31 9B 00 AB 61 11 68 EE AD 00 00 AE 02 9D 00 00 00 B3 00 00 B2 00 00 00 00 00 76 00 00 00 00 00 4D 00 00 55 00 00 B5 00 00 B2 00 00 B2 03 66 67 03 73 0D 19 AA 00 3C 13 61 AD 00 34 9B 00 AB 69 88 72 03 00 00 00 4B 00 00 00 00 00
[2026-08-20 17:04:44.976]# RECV HEX/97 <<<
B2 00 00 00 00 00 5F 00 00 B2 04 53 00 00 00 4E 00 00 00 00 00 48 00 00 00 00 00 4F 00 00 00 00 00 49 00 00 08 7A AA 00 39 13 61 AD 00 31 9C 00 AB 72 9E 7A 90 00 00 00 4B 00 00 4E 05 26 00 00 00 91 00 00 B0 03 83 B1 00 00 AF 03 6D B1 03 6A 
B1 03 64 B1 03 5B B2 03 4F AE 03 40 00 00 00 0F 2B
[2026-08-20 17:04:44.986]# RECV HEX/62 <<<
AA 00 3C 13 61 AD 00 34 9B 00 AB 7B 2B 83 AD 00 00 00 AF 00 00 B1 00 00 B2 07 21 B2 07 16 B2 07 11 B1 07 07 B2 06 FA B2 06 EE B1 06 E6 B2 06 DC B3 06 CD B3 06 C1 B2 06 B7 AF 06 AE 16 44
[2026-08-20 17:04:44.997]# RECV HEX/78 <<<
AA 00 39 13 61 AD 00 31 9B 00 AB 84 47 8C 2E B0 06 A7 B0 06 A3 B2 06 A2 B3 06 A2 B1 06 A3 B4 06 A9 B2 06 B0 B2 06 B3 AF 06 B0 AF 06 9E B4 06 87 B1 06 74 B1 06 67 AD 06 61 17 51 AA 00 3C 13 61 AD 00 34 9B 00 AB 00 28 08 AB B2 06 5E B1
[2026-08-20 17:04:45.007]# RECV HEX/98 <<<
06 5B B1 06 65 B3 06 6B B2 06 72 B1 06 81 B2 06 91 B4 06 A6 B3 06 BF B2 06 E3 00 00 00 00 00 00 8A 00 00 B1 26 C9 AE 26 79 14 59 AA 00 39 13 61 AD 00 31 9D 00 AB 09 47 11 45 00 00 00 B2 00 00 B4 06 A8 B3 06 98 B3 06 89 B2 06 79 B0 06 68 B0 
06 54 B1 06 43 B2 06 3A B2 06 37 B3 06 32 B1 06 2C B3
[2026-08-20 17:04:45.018]# RECV HEX/63 <<<
06 2A 11 AF AA 00 39 13 61 AD 00 31 9D 00 AB 11 E1 19 D2 B0 06 2C AE 06 30 B0 06 33 B1 06 2F B2 06 2E B3 06 2E B1 06 2C B2 06 29 B4 06 23 B1 00 00 AF 00 00 A2 01 AB 7E 01 A9 79 01 A9 12 56
[2026-08-20 17:04:45.028]# RECV HEX/71 <<<
AA 00 3C 13 61 AD 00 34 9C 00 AB 1A 6E 23 01 79 01 A8 69 01 AB 6A 01 AB 54 01 AD 8B 01 A8 00 00 00 00 00 00 00 00 00 00 00 00 00 00 00 00 00 00 00 00 00 00 00 00 00 00 00 00 00 00 09 B1 AA 00 39 13 61 AD 00 31 9C
[2026-08-20 17:04:45.028]# RECV HEX/13 <<<
00 AB 23 9C 2B 8A 00 00 00 00 00 00 00
[2026-08-20 17:04:45.039]# RECV HEX/78 <<<
00 00 00 00 00 00 00 00 00 00 00 00 00 00 00 00 00 00 00 00 00 00 00 00 00 00 00 00 00 00 00 00 00 00 00 04 F0 AA 00 39 13 61 AD 00 31 9D 00 AB 2C 25 34 24 00 00 00 00 00 00 00 00 00 00 00 00 49 00 00 8A 01 CB AD 01 CB AD 01 CE 00 00
[2026-08-20 17:04:45.049]# RECV HEX/80 <<<
00 00 00 00 00 00 00 00 00 00 00 00 00 00 00 00 08 BA AA 00 3C 13 61 AD 00 34 9C 00 AB 34 C0 3D 4E 00 00 00 00 00 00 00 00 00 00 00 00 00 00 00 00 00 00 00 00 00 00 00 00 00 00 00 00 00 00 00 00 00 00 00 00 00 00 00 00 00 00 00 00 00 05 01
[2026-08-20 17:04:45.060]# RECV HEX/63 <<<
AA 00 39 13 61 AD 00 31 9B 00 AB 3D E9 45 D0 00 00 00 00 00 00 00 00 00 00 00 00 00 00 00 00 00 00 00 00 00 00 00 00 00 00 00 00 00 00 00 00 00 00 00 00 00 00 00 00 00 00 05 B6 AA 00 3C 13
[2026-08-20 17:04:45.060]# RECV HEX/12 <<<
61 AD 00 34 9B 00 AB 46 6A 4E EC 00
[2026-08-20 17:04:45.071]# RECV HEX/87 <<<
00 00 00 00 00 00 00 00 00 00 00 00 00 00 00 00 00 B1 00 00 B0 09 BC 00 00 00 B1 00 00 B3 03 57 B2 03 4E 00 00 00 AF 00 00 AF 02 90 0C 42 AA 00 39 13 61 AD 00 31 9B 00 AB 4F 86 57 67 AE 02 8D AC 02 8E AF 02 96 AE 02 A4 97 02 AF 00 00 00 66 
00 00 B0 03 60 AE 00
[2026-08-20 17:04:45.081]# RECV HEX/78 <<<
00 99 00 00 00 00 00 4F 03 21 64 00 00 98 00 00 0F 99 AA 00 3C 13 61 AD 00 34 9A 00 AB 58 01 60 77 7F 00 00 93 02 87 A5 02 95 B0 00 00 64 00 00 AF 00 00 AF 02 C7 4E 00 00 00 00 00 00 00 00 00 00 00 00 00 00 B3 00 00 B3 09 2A 00 00 00
[2026-08-20 17:04:45.091]# RECV HEX/61 <<<
0C A9 AA 00 39 13 61 AD 00 31 9A 00 AB 61 10 68 EC AB 00 00 AD 02 9D 00 00 00 B4 00 00 B3 00 00 00 00 00 76 00 00 00 00 00 4C 00 00 56 00 00 B4 00 00 B1 00 00 B1 03 66 69 03 73 0D 13
[2026-08-20 17:04:45.102]# RECV HEX/86 <<<
AA 00 3C 13 61 AD 00 34 9A 00 AB 69 86 71 FF 00 00 00 00 00 00 00 00 00 B2 00 00 00 00 00 5F 00 00 B0 04 51 00 00 00 4F 00 00 00 00 00 4C 00 00 00 00 00 5C 00 00 00 00 00 49 00 00 09 35 AA 00 39 13 61 AD 00 31 9A 00 AB 72 9A 7A 8D 00 00 00 
49 00 00 4F 05 26
[2026-08-20 17:04:45.112]# RECV HEX/90 <<<
00 00 00 8E 00 00 AE 03 82 B2 00 00 AF 03 6D B1 03 6A AE 03 64 B3 03 5B B0 03 4F AF 03 40 00 00 00 0F 1A AA 00 3C 13 61 AD 00 34 9B 00 AB 7B 28 83 AD 00 00 00 B0 00 00 B1 00 00 B1 07 20 B1 07 17 B3 07 12 B2 07 08 B1 06 FB B0 06 EE B2 06 E5 
B4 06 DC B4 06 CC B3 06 C0 B1
[2026-08-20 17:04:45.123]# RECV HEX/66 <<<
06 B7 B1 06 AE 16 44 AA 00 39 13 61 AD 00 31 9B 00 AB 84 47 8C 2C B3 06 A6 AF 06 A4 B2 06 A0 B2 06 A1 AF 06 A3 B4 06 AA B0 06 AF B0 06 B4 B2 06 B1 B3 06 9F B2 06 87 B4 06 74 B2 06 67 B2 06 62 17 59
[2026-08-20 17:04:45.134]# RECV HEX/82 <<<
AA 00 3C 13 61 AD 00 34 9B 00 AB 00 26 08 A8 AE 06 5E AE 06 5C B2 06 64 B4 06 6B B3 06 73 B2 06 81 B2 06 92 B3 06 A6 B1 06 BE B1 06 E4 00 00 00 00 00 00 94 00 00 AE 26 B3 B0 26 79 14 42 AA 00 39 13 61 AD 00 31 9D 00 AB 09 44 11 40 00 00 00 
B1 00
[2026-08-20 17:04:45.144]# RECV HEX/90 <<<
00 B6 06 A8 B2 06 97 B3 06 86 B1 06 78 AF 06 66 B3 06 53 B3 06 42 B2 06 39 B6 06 37 B1 06 31 B0 06 29 B2 06 29 11 9B AA 00 39 13 61 AD 00 31 9C 00 AB 11 DC 19 CA B2 06 2A AF 06 2C B1 06 30 B1 06 2D B3 06 2C B2 06 2E B4 06 2A B3 06 28 B3 06 
23 B0 00 00 B0 00 00 A2 01 AB
[2026-08-20 17:04:45.155]# RECV HEX/70 <<<
80 01 A9 7E 01 A9 12 46 AA 00 3C 13 61 AD 00 34 9C 00 AB 1A 65 22 F7 7A 01 A8 6A 01 AB 69 01 AB 57 01 AD 98 01 A8 00 00 00 00 00 00 00 00 00 00 00 00 00 00 00 00 00 00 00 00 00 00 00 00 00 00 00 00 00 00 0A AE
[2026-08-20 17:04:45.166]# RECV HEX/75 <<<
AA 00 39 13 61 AD 00 31 9C 00 AB 23 92 2B 7F 00 00 00 00 00 00 00 00 00 00 00 00 00 00 00 00 00 00 00 00 00 00 00 00 00 00 00 00 00 00 00 00 00 00 00 00 00 00 00 00 00 00 04 DB AA 00 3C 13 61 AD 00 34 9D 00 AB 2C 1A 34 B4 00
[2026-08-20 17:04:45.176]# RECV HEX/98 <<<
00 00 00 00 00 00 00 00 00 00 00 00 00 00 86 00 00 AC 01 CB AD 01 CD 00 00 00 00 00 00 00 00 00 00 00 00 00 00 00 00 00 00 00 00 00 08 2A AA 00 39 13 61 AD 00 31 9C 00 AB 35 4F 3D 41 00 00 00 00 00 00 00 00 00 00 00 00 00 00 00 00 00 00 00 
00 00 00 00 00 00 00 00 00 00 00 00 00 00 00 00 00 00
[2026-08-20 17:04:45.187]# RECV HEX/66 <<<
00 00 00 00 00 04 7E AA 00 39 13 61 AD 00 31 9B 00 AB 3D DD 45 C6 00 00 00 00 00 00 00 00 00 00 00 00 00 00 00 00 00 00 00 00 00 00 00 00 00 00 00 00 00 00 00 00 00 00 00 00 00 00 00 00 00 00 05 A0
[2026-08-20 17:04:45.197]# RECV HEX/78 <<<
AA 00 3C 13 61 AD 00 34 9B 00 AB 46 61 4E E4 00 00 00 00 00 00 00 00 00 00 00 00 00 00 00 00 00 00 B1 00 00 B1 09 C1 00 00 00 B1 00 00 B3 03 57 B2 03 4E 00 00 00 AF 00 00 B0 02 91 0C 39 AA 00 39 13 61 AD 00 31 9B 00 AB 4F 7E 57 62 AF
[2026-08-20 17:04:45.208]# RECV HEX/91 <<<
02 8D AC 02 8E AF 02 95 AE 02 A3 9A 02 AE 00 00 00 5E 00 00 B1 00 00 AB 03 4B 00 00 00 5A 00 00 4F 03 22 60 00 00 A3 00 00 0F 37 AA 00 3C 13 61 AD 00 34 9B 00 AB 57 FC 60 75 83 00 00 94 02 87 A5 02 95 AD 00 00 63 00 00 AF 00 00 B0 02 C6 5C 
00 00 00 00 00 00 00 00 00 00 00
[2026-08-20 17:04:45.219]# RECV HEX/73 <<<
00 00 00 B2 00 00 B2 09 29 00 00 00 0D AE AA 00 39 13 61 AD 00 31 9B 00 AB 61 0F 68 EC AE 00 00 AE 02 9D 00 00 00 B3 00 00 B1 00 00 00 00 00 79 00 00 00 00 00 4D 00 00 56 00 00 B6 00 00 B2 00 00 AF 03 65 66 03 72 0D 14
[2026-08-20 17:04:45.230]# RECV HEX/74 <<<
AA 00 3C 13 61 AD 00 34 9A 00 AB 69 86 71 FE 00 00 00 4A 00 00 00 00 00 B3 00 00 00 00 00 60 00 00 AF 04 52 00 00 00 51 00 00 00 00 00 4B 00 00 00 00 00 5C 00 00 00 00 00 4B 00 00 09 83 AA 00 39 13 61 AD 00 31 9C 00 AB 72
[2026-08-20 17:04:45.241]# RECV HEX/89 <<<
98 7A 89 00 00 00 4A 00 00 4E 05 27 00 00 00 8F 00 00 AF 03 82 AF 00 00 AE 03 6C B0 03 6A B1 03 64 B2 03 5B B0 03 4F AE 03 41 00 00 00 0F 15 AA 00 3C 13 61 AD 00 34 9B 00 AB 7B 25 83 A6 00 00 00 B2 00 00 B3 00 00 B2 07 20 B2 07 16 B2 07 12 
B1 07 07 B0 06 FA B2 06 EE
[2026-08-20 17:04:45.251]# RECV HEX/79 <<<
B2 06 E6 AF 06 DD B2 06 CD B2 06 C1 B0 06 B7 B2 06 AE 16 38 AA 00 39 13 61 AD 00 31 9B 00 AB 84 40 8C 22 B0 06 A6 B2 06 A3 B2 06 A1 B2 06 A0 B1 06 A2 B4 06 A8 B2 06 AF B1 06 B2 AF 06 AF B3 06 9E B4 06 88 B2 06 74 B2 06 67 B1 06 61 17 40
[2026-08-20 17:04:45.262]# RECV HEX/70 <<<
AA 00 3C 13 61 AD 00 34 9B 00 AB 00 1D 08 9F B2 06 5E B0 06 5C B0 06 63 B4 06 6A B1 06 71 B2 06 80 B4 06 8F B3 06 A4 B2 06 BC B4 06 DF 00 00 00 00 00 00 76 00 00 AF 26 D8 AC 26 72 14 24 AA 00 39 13 61 AD 00 31
[2026-08-20 17:04:45.272]# RECV HEX/89 <<<
9D 00 AB 09 3B 11 36 00 00 00 B2 00 00 B3 06 A7 B3 06 95 B4 06 86 B2 06 77 B2 06 66 AF 06 53 B3 06 41 B4 06 39 B4 06 35 B4 06 30 AF 06 29 B4 06 27 11 82 AA 00 3C 13 61 AD 00 34 9C 00 AB 11 D1 1A 5C AE 06 29 B3 06 2C AF 06 2E B1 06 2D B0 06 
2E B0 06 2C B2 06 2B B4 06
[2026-08-20 17:04:45.283]# RECV HEX/83 <<<
28 B3 06 24 B0 00 00 B2 00 00 A2 01 AB 81 01 A9 78 01 A9 79 01 A8 12 EA AA 00 39 13 61 AD 00 31 9C 00 AB 1A F7 22 E4 71 01 AA 68 01 AA 56 01 AE 9C 01 A7 00 00 00 00 00 00 00 00 00 00 00 00 00 00 00 00 00 00 00 00 00 00 00 00 00 00 00 00 00 
00 0A 0B
[2026-08-20 17:04:45.293]# RECV HEX/59 <<<
AA 00 39 13 61 AD 00 31 9C 00 AB 23 7F 2B 6A 00 00 00 00 00 00 00 00 00 00 00 00 00 00 00 00 00 00 00 00 00 00 00 00 00 00 00 00 00 00 00 00 00 00 00 00 00 00 00 00 00 00 04 B3
[2026-08-20 17:04:45.293]# RECV HEX/3 <<<
AA 00 3C
[2026-08-20 17:04:45.304]# RECV HEX/87 <<<
13 61 AD 00 34 9D 00 AB 2C 05 34 9D 00 00 00 00 00 00 00 00 00 00 00 00 00 00 00 83 00 00 A8 01 CB AB 01 CC 00 00 00 00 00 00 00 00 00 00 00 00 00 00 00 00 00 00 00 00 00 07 F4 AA 00 39 13 61 AD 00 31 9D 00 AB 35 38 3D 20 00 00 00 00 00 00 
00 00 00 00 00 00 00
[2026-08-20 17:04:45.314]# RECV HEX/89 <<<
00 00 00 00 00 00 00 00 00 00 00 00 00 00 00 00 00 00 00 00 00 00 00 00 00 00 00 00 00 04 47 AA 00 3C 13 61 AD 00 34 9B 00 AB 3D BB 46 40 00 00 00 00 00 00 00 00 00 00 00 00 00 00 00 00 00 00 00 00 00 00 00 00 00 00 00 00 00 00 00 00 00 00 
00 00 00 00 00 00 00 00 00
[2026-08-20 17:04:45.325]# RECV HEX/63 <<<
00 00 04 FF AA 00 39 13 61 AD 00 31 9B 00 AB 46 DA 4E BA 00 00 00 00 00 00 00 00 00 00 00 00 00 00 00 53 00 00 B2 09 D1 AF 09 9B AE 00 00 B2 03 59 B4 03 50 00 00 00 AF 00 00 AF 02 91 0D 89
[2026-08-20 17:04:45.335]# RECV HEX/86 <<<
AA 00 3C 13 61 AD 00 34 9B 00 AB 4F 54 57 D2 AE 02 8D AE 02 8D AD 02 92 AF 02 9E AB 02 AB 00 00 00 55 00 00 A4 00 00 B3 03 52 00 00 00 B3 00 00 00 00 00 5C 00 00 AC 00 00 A5 02 8B 10 9D AA 00 39 13 61 AD 00 31 9A 00 AB 58 6C 60 48 8D 02 83 
9E 02 91 A8 00 00
[2026-08-20 17:04:45.346]# RECV HEX/77 <<<
00 00 00 B0 00 00 AF 02 C4 B0 02 D6 00 00 00 00 00 00 00 00 00 00 00 00 B3 00 00 B3 09 21 B1 09 36 0D FE AA 00 3C 13 61 AD 00 34 9B 00 AB 60 E2 69 5C AE 00 00 AE 02 9B 57 00 00 B3 00 00 B1 09 EA 00 00 00 99 00 00 4E 04 0E 51 00 00
[2026-08-20 17:04:45.357]# RECV HEX/79 <<<
53 00 00 AF 00 00 AD 00 00 B0 03 61 98 03 6C 00 00 00 0F 43 AA 00 39 13 61 AD 00 31 9B 00 AB 69 F6 71 D4 4A 00 00 00 00 00 B2 00 00 5E 05 79 4B 00 00 B2 04 46 00 00 00 4A 00 00 00 00 00 4B 00 00 00 00 00 A4 00 00 00 00 00 00 00 00 0A 77
[2026-08-20 17:04:45.368]# RECV HEX/81 <<<
AA 00 3C 13 61 AD 00 34 9C 00 AB 72 6F 7A FF 00 00 00 49 00 00 4C 05 23 B1 05 45 62 00 00 AF 00 00 AC 00 00 AF 03 69 B0 03 6B B1 03 66 B0 03 5E B4 03 52 B1 03 45 00 00 00 00 00 00 0F B7 AA 00 39 13 61 AD 00 31 9B 00 AB 7B 99 83 81 B2 00 00 
AF
[2026-08-20 17:04:45.378]# RECV HEX/77 <<<
07 31 B1 07 23 B3 07 17 B3 07 12 B2 07 0A B2 06 FD B0 06 F1 B1 06 E7 B3 06 DE B2 06 D1 B4 06 C3 B2 06 B9 B1 06 AF 16 D5 AA 00 3C 13 61 AD 00 34 9B 00 AB 84 1C 8C 9B B3 06 A8 AF 06 A3 B1 06 A0 B0 06 9F B3 06 A2 B4 06 A7 B2 06 AC B1
[2026-08-20 17:04:45.378]# RECV HEX/12 <<<
06 B1 B1 06 B1 B3 06 A2 AF 06 8D AD
[2026-08-20 17:04:45.389]# RECV HEX/72 <<<
06 78 B1 06 69 AE 06 60 AC 06 5F 18 AA AA 00 39 13 61 AD 00 31 9B 00 AB 00 95 08 79 AC 06 60 AE 06 61 AF 06 66 B4 06 6C B2 06 7A B4 06 8A B3 06 9E B3 06 B4 B2 06 D3 7B 07 19 00 00 00 00 00 00 AF 00 00 B1 26 80 12 5F
[2026-08-20 17:04:45.399]# RECV HEX/73 <<<
AA 00 39 13 61 AD 00 31 9D 00 AB 09 14 11 12 AF 26 A5 B1 00 00 B0 06 AB B2 06 9A B3 06 8A AF 06 7B B3 06 6D B3 06 58 B2 06 46 B3 06 3B B6 06 36 B3 06 30 B2 06 2B AD 06 28 12 D0 AA 00 3C 13 61 AD 00 34 9C 00 AB 11 AE 1A
[2026-08-20 17:04:45.410]# RECV HEX/87 <<<
3A B2 06 28 B0 06 2B B2 06 2E B1 06 30 B3 06 2F B1 06 2C B2 06 2C B3 06 29 B2 06 26 00 00 00 B1 00 00 A8 01 AC 8C 01 A9 7C 01 A9 78 01 A8 12 15 AA 00 39 13 61 AD 00 31 9C 00 AB 1A D5 22 C2 77 01 AA 62 01 AA 5D 01 AF 9B 01 A6 00 00 00 00 00 
00 00 00 00 00 00 00
[2026-08-20 17:04:45.421]# RECV HEX/82 <<<
00 00 00 00 00 00 00 00 00 00 00 00 00 00 00 00 00 00 09 CD AA 00 3C 13 61 AD 00 34 9C 00 AB 23 5D 2B E7 00 00 00 00 00 00 00 00 00 00 00 00 00 00 00 00 00 00 00 00 00 00 00 00 00 00 00 00 00 00 00 00 00 00 00 00 00 00 00 00 00 00 00 00 00 
05 14
[2026-08-20 17:04:45.431]# RECV HEX/74 <<<
AA 00 39 13 61 AD 00 31 9D 00 AB 2C 83 34 7C 00 00 00 00 00 00 00 00 00 00 00 00 78 00 00 9C 01 CA AD 01 CB 59 01 D3 00 00 00 00 00 00 00 00 00 00 00 00 00 00 00 00 00 00 09 61 AA 00 39 13 61 AD 00 31 9D 00 AB 35 17 3D 00
[2026-08-20 17:04:45.442]# RECV HEX/79 <<<
00 00 00 00 00 00 00 00 00 00 00 00 00 00 00 00 00 00 00 00 00 00 00 00 00 00 00 00 00 00 00 00 00 00 00 00 00 00 00 00 00 00 04 06 AA 00 3C 13 61 AD 00 34 9B 00 AB 3D 9A 46 1B 00 00 00 00 00 00 00 00 00 00 00 00 00 00 00 00 00 00 00 00
[2026-08-20 17:04:45.452]# RECV HEX/86 <<<
00 00 00 00 00 00 00 00 00 00 00 00 00 00 00 00 00 00 00 00 00 00 00 00 00 04 B9 AA 00 39 13 61 AD 00 31 9B 00 AB 46 B5 4E 96 00 00 00 00 00 00 00 00 00 00 00 00 00 00 00 00 00 00 AF 00 00 AE 09 A5 AF 00 00 AF 03 5C B2 03 52 00 00 00 B1 00 
00 AE 02 91 0C 1B
[2026-08-20 17:04:45.463]# RECV HEX/62 <<<
AA 00 3C 13 61 AD 00 34 9B 00 AB 4F 30 57 A9 AE 02 8D AE 02 8C AF 02 8F AF 02 99 AE 02 A8 65 02 A5 B2 00 00 B2 00 00 B0 03 51 B0 00 00 B1 00 00 00 00 00 67 00 00 88 02 A9 8F 00 00 12 59
[2026-08-20 17:04:45.474]# RECV HEX/90 <<<
AA 00 39 13 61 AD 00 31 9B 00 AB 58 43 60 1E 84 00 00 9C 02 8D A7 00 00 AD 00 00 75 02 BA AF 02 C1 AF 02 CE 00 00 00 00 00 00 00 00 00 00 00 00 00 00 00 B3 00 00 B1 09 30 0D 56 AA 00 3C 13 61 AD 00 34 9A 00 AB 60 B8 69 31 AF 00 00 AD 02 9A 
AF 02 A8 00 00 00 B1 00 00 B1
[2026-08-20 17:04:45.484]# RECV HEX/90 <<<
00 00 A2 00 00 5B 04 09 4D 00 00 52 03 C9 7C 03 B7 00 00 00 AE 00 00 B2 03 6B 4A 00 00 0F A8 AA 00 39 13 61 AD 00 31 9A 00 AB 69 CA 72 42 58 00 00 00 00 00 63 00 00 6C 05 68 4A 05 9C B2 00 00 65 00 00 46 05 32 00 00 00 00 00 00 00 00 00 56 
00 00 00 00 00 00 00 00 09 CA
[2026-08-20 17:04:45.495]# RECV HEX/62 <<<
AA 00 3C 13 61 AD 00 34 9C 00 AB 72 DE 7A D3 48 00 00 4E 05 12 4B 05 1E 00 00 00 00 00 00 B0 00 00 86 03 77 B1 03 67 AF 03 6C B2 03 66 B1 03 61 00 00 00 B1 00 00 00 00 00 00 00 00 0E 04
[2026-08-20 17:04:45.505]# RECV HEX/84 <<<
AA 00 39 13 61 AD 00 31 9B 00 AB 7B 6E 83 56 00 00 00 B3 00 00 B3 07 27 B3 07 1A B2 07 15 B3 07 0E B2 07 01 B3 06 F5 B2 06 E8 B1 06 E2 B5 06 D5 B3 06 C6 AF 06 BC B0 06 B1 14 C3 AA 00 3C 13 61 AD 00 34 9B 00 AB 83 F1 8C 77 B1 06 AB B0 06 A4 
AF 06 9F B2
[2026-08-20 17:04:45.516]# RECV HEX/87 <<<
06 9F B0 06 A3 B4 06 A4 B4 06 A9 B1 06 B1 B4 06 B5 B3 06 A7 B4 06 91 B1 06 7B B3 06 69 B1 06 62 B1 06 5F 19 7E AA 00 39 13 61 AD 00 31 9B 00 AB 00 72 08 58 B3 06 62 B2 06 5E B2 06 63 B0 06 69 AF 06 76 B2 06 85 B3 06 96 B1 06 AA B1 06 C9 AF 
06 F6 00 00 00 00 00
[2026-08-20 17:04:45.526]# RECV HEX/71 <<<
00 B2 00 00 AA 26 8F 13 0C AA 00 3C 13 61 AD 00 34 9D 00 AB 08 F3 11 8F B0 26 88 B1 00 00 AF 06 AE B3 06 9D B3 06 8D B2 06 7D B3 06 70 B3 06 5B B6 06 49 B2 06 3C B3 06 35 B3 06 31 B2 06 2C B3 06 2A B1 06 27 15 14
[2026-08-20 17:04:45.537]# RECV HEX/73 <<<
AA 00 39 13 61 AD 00 31 9C 00 AB 12 2B 1A 1D AD 06 2C B0 06 2D B2 06 2F B3 06 2E B3 06 2B B0 06 2C B2 06 29 B3 06 26 00 00 00 AF 00 00 AC 01 AD 97 01 AA 79 01 A9 78 01 A8 10 95 AA 00 39 13 61 AD 00 31 9C 00 AB 1A B9 22
[2026-08-20 17:04:45.547]# RECV HEX/91 <<<
A9 7C 01 A9 5F 01 AA 64 01 AE 81 01 A5 00 00 00 00 00 00 00 00 00 00 00 00 00 00 00 00 00 00 00 00 00 00 00 00 00 00 00 00 00 00 09 84 AA 00 3C 13 61 AD 00 34 9C 00 AB 23 44 2B CB 00 00 00 00 00 00 00 00 00 00 00 00 00 00 00 00 00 00 00 00 
00 00 00 00 00 00 00 00 00 00 00
[2026-08-20 17:04:45.558]# RECV HEX/75 <<<
00 00 00 00 00 00 00 00 00 00 00 00 00 00 04 DF AA 00 39 13 61 AD 00 31 9D 00 AB 2C 67 34 62 00 00 00 00 00 00 00 00 00 00 00 00 71 00 00 96 01 CA AD 01 CB A4 01 D2 00 00 00 00 00 00 00 00 00 00 00 00 00 00 00 00 00 00 09 68
[2026-08-20 17:04:45.568]# RECV HEX/73 <<<
AA 00 3C 13 61 AD 00 34 9B 00 AB 34 FE 3D 83 00 00 00 00 00 00 00 00 00 00 00 00 47 00 00 00 00 00 00 00 00 00 00 00 00 00 00 00 00 00 00 00 00 00 00 00 00 00 00 00 00 00 00 00 00 05 BA AA 00 39 13 61 AD 00 31 9B 00 AB
[2026-08-20 17:04:45.579]# RECV HEX/78 <<<
3E 1E 46 03 00 00 00 00 00 00 00 00 00 00 00 00 00 00 00 00 00 00 00 00 00 00 00 00 00 00 00 00 00 00 00 00 00 00 00 00 00 00 00 00 00 00 04 20 AA 00 39 13 61 AD 00 31 9B 00 AB 46 9D 4F 1A 00 00 00 00 00 00 00 00 00 00 00 00 00 00 00
[2026-08-20 17:04:45.589]# RECV HEX/91 <<<
00 00 00 B2 00 00 B0 09 AB AF 00 00 AF 03 5D B2 03 53 B2 03 4B B2 00 00 AF 02 91 0C 97 AA 00 3C 13 61 AD 00 34 9A 00 AB 4F B4 57 92 B2 02 8D AE 02 8B AE 02 8E B2 02 97 AF 02 A5 7D 02 A5 AF 00 00 AF 00 00 B0 03 52 9D 03 42 B1 00 00 00 00 00 
77 00 00 67 02 AC 8A 00 00 12 F7
[2026-08-20 17:04:45.600]# RECV HEX/68 <<<
AA 00 3C 13 61 AD 00 34 9A 00 AB 58 2B 60 9E 78 00 00 93 02 8A A3 02 9A AF 02 AA 4E 00 00 B2 02 BF B0 02 CB 00 00 00 00 00 00 00 00 00 00 00 00 00 00 00 B0 00 00 B0 09 2B AD 00 00 0E B1 AA 00 39 13 61 AD
[2026-08-20 17:04:45.611]# RECV HEX/78 <<<
00 31 9A 00 AB 61 37 69 10 AF 02 96 AD 02 A4 00 00 00 B1 00 00 B1 00 00 95 00 00 6F 00 00 00 00 00 53 00 00 4C 00 00 A9 00 00 B3 00 00 B1 03 68 5B 03 76 0D 76 AA 00 3C 13 61 AD 00 34 9A 00 AB 69 A9 72 21 4E 00 00 00 00 00 00 00 00 B3
[2026-08-20 17:04:45.621]# RECV HEX/96 <<<
00 00 54 05 DE 5D 00 00 AE 04 5F 00 00 00 00 00 00 00 00 00 00 00 00 00 00 00 00 00 00 00 00 00 4B 00 00 09 16 AA 00 39 13 61 AD 00 31 9C 00 AB 72 BC 7A AE 00 00 00 4B 00 00 4C 05 29 00 00 00 AF 00 00 00 00 00 AF 00 00 AE 03 6D B1 03 68 B0 
03 61 00 00 00 B2 00 00 00 00 00 00 00 00 0B F5
[2026-08-20 17:04:45.632]# RECV HEX/62 <<<
AA 00 3C 13 61 AD 00 34 9B 00 AB 7B 49 83 CB 00 00 00 B2 00 00 B2 07 2B B0 07 1C B3 07 15 B1 07 10 B1 07 05 B1 06 F8 B1 06 EC B2 06 E4 B4 06 D9 B0 06 C8 B2 06 BE B2 06 B4 AD 06 AC 16 90
[2026-08-20 17:04:45.632]# RECV HEX/1 <<<
AA
[2026-08-20 17:04:45.643]# RECV HEX/78 <<<
00 39 13 61 AD 00 31 9B 00 AB 84 65 8C 4C B3 06 A4 B2 06 A1 B3 06 9F AF 06 A2 B2 06 A1 B3 06 A9 B0 06 AF B3 06 B4 B3 06 AD B4 06 96 B3 06 81 B3 06 6B B2 06 63 B1 06 5E 17 72 AA 00 39 13 61 AD 00 31 9B 00 AB 00 46 08 2F B0 06 5D AF 06
[2026-08-20 17:04:45.653]# RECV HEX/95 <<<
5C B2 06 61 B2 06 68 B3 06 73 B3 06 80 B3 06 92 B1 06 A5 B3 06 C2 AF 06 E8 00 00 00 00 00 00 AC 00 00 B0 26 A5 12 A0 AA 00 3C 13 61 AD 00 34 9D 00 AB 08 CA 11 66 B0 26 72 B2 00 00 B2 06 B4 B2 06 A1 B4 06 91 B3 06 80 B3 06 72 B3 06 60 B1 06 
4D B0 06 3F B0 06 35 B4 06 32 B2 06 2F B2 06
[2026-08-20 17:04:45.664]# RECV HEX/65 <<<
2A B3 06 28 14 CD AA 00 39 13 61 AD 00 31 9C 00 AB 12 02 19 F6 B2 06 2B B2 06 2E B3 06 31 B3 06 2D B0 06 2C B4 06 2C B2 06 2A B3 06 26 B0 06 22 B0 00 00 B2 00 00 9A 01 AB 7E 01 A9 75 01 A9 11 88
[2026-08-20 17:04:45.674]# RECV HEX/84 <<<
AA 00 3C 13 61 AD 00 34 9C 00 AB 1A 92 23 20 76 01 A9 5E 01 AB 6A 01 AC 5A 01 A8 57 00 00 00 00 00 00 00 00 00 00 00 00 00 00 00 00 00 00 00 00 00 00 00 00 00 00 00 00 00 00 00 00 09 0C AA 00 39 13 61 AD 00 31 9C 00 AB 23 BB 2B A9 00 00 00 
00 00 00 00
[2026-08-20 17:04:45.685]# RECV HEX/84 <<<
00 00 00 00 00 00 00 00 00 00 00 00 00 00 00 00 00 00 00 00 00 00 00 00 00 00 00 00 00 00 00 00 00 00 00 05 2E AA 00 39 13 61 AD 00 31 9C 00 AB 2C 45 34 43 00 00 00 00 00 00 00 00 00 00 00 00 6F 00 00 90 01 CA AC 01 CB AE 01 D0 00 00 00 00 
00 00 00 00
[2026-08-20 17:04:45.685]# RECV HEX/10 <<<
00 00 00 00 00 00 00 00 00 00
[2026-08-20 17:04:45.696]# RECV HEX/64 <<<
09 25 AA 00 3C 13 61 AD 00 34 9C 00 AB 34 DF 3D 68 00 00 00 00 00 00 00 00 00 00 00 00 00 00 00 00 00 00 00 00 00 00 00 00 00 00 00 00 00 00 00 00 00 00 00 00 00 00 00 00 00 00 00 00 00 05 3A
[2026-08-20 17:04:45.706]# RECV HEX/64 <<<
AA 00 39 13 61 AD 00 31 9C 00 AB 3E 03 45 E8 00 00 00 00 00 00 00 00 00 00 00 00 00 00 00 00 00 00 00 00 00 00 00 00 00 00 00 00 00 00 00 00 00 00 00 00 00 00 00 00 00 00 04 EA AA 00 3C 13 61
[2026-08-20 17:04:45.706]# RECV HEX/12 <<<
AD 00 34 9B 00 AB 46 82 4E FF 00 00
[2026-08-20 17:04:45.717]# RECV HEX/87 <<<
00 00 00 00 00 00 00 00 00 00 00 00 00 00 00 00 AF 00 00 B0 09 B6 00 00 00 B0 00 00 B4 03 55 B0 03 4D B1 00 00 AF 02 92 AB 02 8E 0D 9F AA 00 39 13 61 AD 00 31 9B 00 AB 4F 99 57 78 AE 02 8B AE 02 8D AF 02 95 AE 02 A2 8E 02 A8 64 00 00 9A 00 
00 B0 03 56 B2 03 46
[2026-08-20 17:04:45.727]# RECV HEX/79 <<<
B0 00 00 00 00 00 00 00 00 60 00 00 75 00 00 10 01 AA 00 3C 13 61 AD 00 34 9A 00 AB 58 12 60 87 72 00 00 8E 02 88 A5 02 96 B0 00 00 52 00 00 AF 00 00 AE 02 C9 47 00 00 00 00 00 00 00 00 00 00 00 00 00 00 B2 00 00 B2 09 2B B0 00 00 0D 51
[2026-08-20 17:04:45.738]# RECV HEX/59 <<<
AA 00 39 13 61 AD 00 31 9A 00 AB 61 21 68 FB AC 02 93 AC 02 A0 00 00 00 B1 00 00 B2 00 00 00 00 00 77 00 00 00 00 00 50 00 00 52 00 00 B1 00 00 B0 00 00 B1 03 66 6C 03 74 0D C8
[2026-08-20 17:04:45.738]# RECV HEX/12 <<<
AA 00 3C 13 61 AD 00 34 9A 00 AB 69
[2026-08-20 17:04:45.749]# RECV HEX/87 <<<
95 72 0D 4B 00 00 00 00 00 00 00 00 B1 00 00 4B 00 00 5F 00 00 AF 04 58 00 00 00 00 00 00 00 00 00 47 00 00 00 00 00 00 00 00 00 00 00 48 00 00 08 3D AA 00 39 13 61 AD 00 31 9C 00 AB 72 A7 7A 98 00 00 00 4B 00 00 4D 05 26 00 00 00 A0 00 00 
AF 03 83 AE 00 00 AF
[2026-08-20 17:04:45.749]# RECV HEX/11 <<<
03 6C B2 03 69 B0 03 63 B3 03 5A
[2026-08-20 17:04:45.760]# RECV HEX/73 <<<
B2 03 4D B2 03 3F 00 00 00 0F 45 AA 00 3C 13 61 AD 00 34 9B 00 AB 7B 33 83 B5 00 00 00 B0 00 00 B3 00 00 B3 07 1F B2 07 15 B1 07 10 B2 07 07 B3 06 F9 B1 06 EC B1 06 E5 B4 06 DA B3 06 CA B0 06 BE B2 06 B5 AF 06 AD 16 44
[2026-08-20 17:04:45.770]# RECV HEX/67 <<<
AA 00 39 13 61 AD 00 31 9B 00 AB 84 4F 8C 34 B2 06 A5 B2 06 A3 AF 06 A0 B2 06 A1 B2 06 A1 B4 06 A9 B1 06 AF B2 06 B2 B3 06 AE B3 06 99 B2 06 83 AF 06 70 B2 06 64 B1 06 5F 17 4B AA 00 3C 13 61 AD 00 34
[2026-08-20 17:04:45.781]# RECV HEX/87 <<<
9B 00 AB 00 2E 08 B3 AE 06 5B AF 06 5A B0 06 62 B2 06 68 B3 06 70 B2 06 7E B1 06 8D B2 06 A1 B0 06 BB B2 06 DE 00 00 00 00 00 00 8A 00 00 AD 26 BB B6 26 63 14 1A AA 00 39 13 61 AD 00 31 9D 00 AB 09 4F 11 4C B1 00 00 B1 06 B7 B2 06 A3 B2 06 
93 B2 06 83 B2 06 75
[2026-08-20 17:04:45.791]# RECV HEX/85 <<<
B2 06 62 B3 06 51 B2 06 40 B6 06 37 B0 06 34 B3 06 2F AD 06 2A B0 06 28 12 FB AA 00 39 13 61 AD 00 31 9C 00 AB 11 E8 19 D9 B1 06 2A AF 06 2D B3 06 30 B2 06 2D B1 06 2C B4 06 2B B3 06 29 B0 06 26 B6 06 22 B2 00 00 B2 00 00 9B 01 AB 7C 01 A9 
75 01 A9 12 4C
[2026-08-20 17:04:45.802]# RECV HEX/72 <<<
AA 00 3C 13 61 AD 00 34 9D 00 AB 1A 74 23 0A 75 01 A8 6E 01 AA 68 01 AB 56 01 AD 92 01 A8 00 00 00 00 00 00 00 00 00 00 00 00 00 00 00 00 00 00 00 00 00 00 00 00 00 00 00 00 00 00 09 C8 AA 00 39 13 61 AD 00 31 9C 00
[2026-08-20 17:04:45.813]# RECV HEX/82 <<<
AB 23 A5 2B 91 00 00 00 00 00 00 00 00 00 00 00 00 00 00 00 00 00 00 00 00 00 00 00 00 00 00 00 00 00 00 00 00 00 00 00 00 00 00 00 00 00 00 05 00 AA 00 39 13 61 AD 00 31 9D 00 AB 2C 2C 34 2B 00 00 00 00 00 00 00 00 00 00 00 00 56 00 00 8B 
01 CB
[2026-08-20 17:04:45.823]# RECV HEX/88 <<<
AC 01 CB AD 01 CF 00 00 00 00 00 00 00 00 00 00 00 00 00 00 00 00 00 00 08 D6 AA 00 3C 13 61 AD 00 34 9C 00 AB 34 C8 3D 54 00 00 00 00 00 00 00 00 00 00 00 00 00 00 00 00 00 00 00 00 00 00 00 00 00 00 00 00 00 00 00 00 00 00 00 00 00 00 00 
00 00 00 00 00 00 05 0F
[2026-08-20 17:04:45.834]# RECV HEX/63 <<<
AA 00 39 13 61 AD 00 31 9C 00 AB 3D EF 45 D5 00 00 00 00 00 00 00 00 00 00 00 00 00 00 00 00 00 00 00 00 00 00 00 00 00 00 00 00 00 00 00 00 00 00 00 00 00 00 00 00 00 00 05 C2 AA 00 3C 13
[2026-08-20 17:04:45.845]# RECV HEX/98 <<<
61 AD 00 34 9B 00 AB 46 6F 4E F1 00 00 00 00 00 00 00 00 00 00 00 00 00 00 00 00 00 00 B1 00 00 B1 09 BA 00 00 00 AF 00 00 B0 03 57 B2 03 4D AE 00 00 B0 00 00 B0 02 8F 0C F4 AA 00 39 13 61 AD 00 31 9B 00 AB 4F 8B 57 69 AE 02 8C AD 02 8D AE 
02 95 AE 02 A3 9B 02 AC 00 00 00 6E 00 00 B2 03 5E B0
[2026-08-20 17:04:45.856]# RECV HEX/81 <<<
00 00 98 00 00 00 00 00 55 00 00 65 00 00 91 00 00 0F 82 AA 00 3C 13 61 AD 00 34 9A 00 AB 58 03 60 79 7F 02 7F 93 02 88 A6 02 96 B0 00 00 60 00 00 AF 00 00 AE 02 C7 00 00 00 00 00 00 00 00 00 00 00 00 00 00 00 B0 00 00 B1 09 2A 00 00 00 0C 
D9
[2026-08-20 17:04:45.866]# RECV HEX/59 <<<
AA 00 39 13 61 AD 00 31 9A 00 AB 61 13 68 EC AD 00 00 AF 02 9E 00 00 00 B4 00 00 B3 00 00 00 00 00 77 00 00 00 00 00 4F 00 00 56 00 00 B3 00 00 B0 00 00 B1 03 66 65 03 73 0D 19
[2026-08-20 17:04:45.877]# RECV HEX/97 <<<
AA 00 3C 13 61 AD 00 34 9A 00 AB 69 86 71 FD 00 00 00 4B 00 00 00 00 00 B1 00 00 00 00 00 60 00 00 B2 04 53 00 00 00 50 00 00 00 00 00 4A 00 00 00 00 00 55 00 00 00 00 00 4A 00 00 09 7B AA 00 39 13 61 AD 00 31 9C 00 AB 72 97 7A 8A 00 00 00 
4B 00 00 4E 05 27 00 00 00 93 00 00 AF 03 81 AE 00
[2026-08-20 17:04:45.888]# RECV HEX/79 <<<
00 B0 03 6B AF 03 69 B1 03 64 B2 03 5A AF 03 4E AF 03 40 00 00 00 0F 14 AA 00 3C 13 61 AD 00 34 9B 00 AB 7B 26 83 A8 00 00 00 AF 00 00 B4 00 00 B2 07 20 B3 07 15 B0 07 10 B1 07 07 B1 06 FA B1 06 ED B2 06 E5 B6 06 DB B1 06 CA B3 06 BF B1
[2026-08-20 17:04:45.898]# RECV HEX/66 <<<
06 B6 B1 06 AC 16 30 AA 00 39 13 61 AD 00 31 9B 00 AB 84 43 8C 26 B2 06 A4 B2 06 A1 B3 06 9F B1 06 9F B1 06 A0 B0 06 A7 B1 06 AD B1 06 B1 B1 06 AD B1 06 9B B0 06 83 B4 06 71 B2 06 64 B1 06 5E 17 22
[2026-08-20 17:04:45.909]# RECV HEX/82 <<<
AA 00 3C 13 61 AD 00 34 9B 00 AB 00 20 08 A2 B2 06 5B B1 06 58 B1 06 61 B2 06 67 B3 06 70 B2 06 7D B6 06 8D B2 06 A1 B2 06 BA B3 06 DC 00 00 00 00 00 00 79 00 00 B2 26 C2 B4 26 6B 14 03 AA 00 39 13 61 AD 00 31 9D 00 AB 09 3E 11 3B 00 00 00 
B0 00
[2026-08-20 17:04:45.919]# RECV HEX/89 <<<
00 B2 06 A7 AF 06 95 B3 06 86 AF 06 77 B1 06 65 B2 06 52 B2 06 41 B3 06 39 B3 06 36 B0 06 31 B3 06 2A B2 06 29 11 7F AA 00 39 13 61 AD 00 31 9D 00 AB 11 D6 19 C6 B1 06 2A AE 06 2E B2 06 30 B0 06 2E B2 06 2E B0 06 2D B3 06 2B B2 06 28 B3 06 
23 B0 00 00 B2 00 00 A2 01
[2026-08-20 17:04:45.930]# RECV HEX/71 <<<
AB 7E 01 A9 71 01 A9 12 2E AA 00 3C 13 61 AD 00 34 9C 00 AB 1A 61 22 F0 74 01 A8 52 00 00 65 00 00 56 01 AF A2 01 A7 00 00 00 00 00 00 00 00 00 00 00 00 00 00 00 00 00 00 00 00 00 00 00 00 00 00 00 00 00 00 09 33
[2026-08-20 17:04:45.940]# RECV HEX/75 <<<
AA 00 39 13 61 AD 00 31 9C 00 AB 23 8B 2B 7B 00 00 00 00 00 00 00 00 00 00 00 00 00 00 00 00 00 00 00 00 00 00 00 00 00 00 00 00 00 00 00 00 00 00 00 00 00 00 00 00 00 00 04 D0 AA 00 3C 13 61 AD 00 34 9D 00 AB 2C 17 34 B1 00
[2026-08-20 17:04:45.951]# RECV HEX/87 <<<
00 00 00 00 00 00 00 00 00 00 00 00 00 00 84 00 00 A9 01 CB AC 01 CD 00 00 00 00 00 00 00 00 00 00 00 00 00 00 00 00 00 00 00 00 00 08 1E AA 00 39 13 61 AD 00 31 9C 00 AB 35 4D 3D 3C 00 00 00 00 00 00 00 00 00 00 00 00 00 00 00 00 00 00 00 
00 00 00 00 00 00 00
[2026-08-20 17:04:45.961]# RECV HEX/77 <<<
00 00 00 00 00 00 00 00 00 00 00 00 00 00 00 00 04 77 AA 00 39 13 61 AD 00 31 9B 00 AB 3D D7 45 C2 00 00 00 00 00 00 00 00 00 00 00 00 00 00 00 00 00 00 00 00 00 00 00 00 00 00 00 00 00 00 00 00 00 00 00 00 00 00 00 00 00 00 05 96
[2026-08-20 17:04:45.972]# RECV HEX/66 <<<
AA 00 3C 13 61 AD 00 34 9B 00 AB 46 5C 4E DD 00 00 00 00 00 00 00 00 00 00 00 00 00 00 00 00 00 00 B1 00 00 B0 09 C1 00 00 00 B1 00 00 B3 03 57 B1 03 4E 00 00 00 AE 00 00 AE 02 91 0C 28 AA 00 39 13
[2026-08-20 17:04:45.982]# RECV HEX/80 <<<
61 AD 00 31 9B 00 AB 4F 77 57 5A AE 02 8D AD 02 8E AF 02 95 AF 02 A3 98 02 AE 00 00 00 5E 00 00 B0 00 00 AD 03 4C 00 00 00 5B 00 00 51 03 21 62 00 00 A4 00 00 0F 2E AA 00 3C 13 61 AD 00 34 9A 00 AB 57 F4 60 6C 84 00 00 94 02 87 A2 02 94 B0
[2026-08-20 17:04:45.982]# RECV HEX/12 <<<
00 00 60 00 00 B0 00 00 B0 02 C6 62
[2026-08-20 17:04:45.993]# RECV HEX/80 <<<
00 00 00 00 00 00 00 00 00 00 00 00 00 00 B0 00 00 B2 09 28 00 00 00 0D 9D AA 00 39 13 61 AD 00 31 9B 00 AB 61 06 68 E5 AE 00 00 AC 02 9D 00 00 00 B3 00 00 B2 00 00 00 00 00 79 00 00 00 00 00 4C 00 00 57 00 00 B3 00 00 AE 00 00 B1 03 65 67
[2026-08-20 17:04:45.993]# RECV HEX/4 <<<
03 73 0D 00
[2026-08-20 17:04:46.004]# RECV HEX/62 <<<
AA 00 3C 13 61 AD 00 34 9A 00 AB 69 7F 71 F6 00 00 00 00 00 00 00 00 00 B1 00 00 00 00 00 60 00 00 B1 04 52 00 00 00 50 00 00 00 00 00 49 00 00 00 00 00 63 00 00 00 00 00 48 00 00 09 2B
[2026-08-20 17:04:46.014]# RECV HEX/90 <<<
AA 00 39 13 61 AD 00 31 9A 00 AB 72 91 7A 83 00 00 00 4A 00 00 4E 05 27 00 00 00 91 00 00 AF 03 80 AF 00 00 B0 03 6A AE 03 69 AE 03 64 B2 03 5B B2 03 4F B0 03 41 00 00 00 0F 04 AA 00 3C 13 61 AD 00 34 9B 00 AB 7B 1F 83 A2 00 00 00 B2 00 00 
AF 00 00 B1 07 21 B2 07 16 B0
[2026-08-20 17:04:46.025]# RECV HEX/90 <<<
07 11 B1 07 07 B2 06 FA B3 06 ED B3 06 E5 B5 06 DC B2 06 CC B1 06 BF B2 06 B6 B2 06 AC 16 29 AA 00 39 13 61 AD 00 31 9B 00 AB 84 3D 8C 21 B0 06 A4 B2 06 A1 B3 06 9F B2 06 9F B2 06 A0 B4 06 A7 B2 06 AB B0 06 AF B2 06 AC AF 06 9B B1 06 85 B0 
06 71 AD 06 63 B2 06 5E 17 0F
[2026-08-20 17:04:46.036]# RECV HEX/70 <<<
AA 00 3C 13 61 AD 00 34 9B 00 AB 00 1C 08 9E B2 06 5A B2 06 58 B1 06 61 B0 06 67 B3 06 6E B1 06 7C B3 06 8D B0 06 A1 B3 06 B9 B1 06 DC 00 00 00 00 00 00 7A 00 00 AA 26 D8 B5 26 63 13 F6 AA 00 39 13 61 AD 00 31
[2026-08-20 17:04:46.047]# RECV HEX/78 <<<
9D 00 AB 09 3A 11 38 00 00 00 B2 00 00 B4 06 A6 B2 06 96 B4 06 87 B2 06 78 AF 06 66 B1 06 54 B3 06 42 B2 06 3A B6 06 36 B3 06 31 B4 06 2A B2 06 29 11 8E AA 00 39 13 61 AD 00 31 9D 00 AB 11 D4 19 C3 B2 06 2B B0 06 2D B1 06 31 B2 06 2D
[2026-08-20 17:04:46.057]# RECV HEX/94 <<<
B2 06 2E B2 06 2C B2 06 2A B3 06 28 B3 06 23 B0 00 00 AD 00 00 A3 01 AB 81 01 A9 74 01 A9 12 2F AA 00 3C 13 61 AD 00 34 9C 00 AB 1A 5F 22 EA 76 01 A8 55 00 00 65 01 AA 57 01 AF A1 01 A7 00 00 00 00 00 00 00 00 00 00 00 00 00 00 00 00 00 00 
00 00 00 00 00 00 00 00 00 00 00 00 09 DB
[2026-08-20 17:04:46.068]# RECV HEX/59 <<<
AA 00 39 13 61 AD 00 31 9C 00 AB 23 85 2B 71 00 00 00 00 00 00 00 00 00 00 00 00 00 00 00 00 00 00 00 00 00 00 00 00 00 00 00 00 00 00 00 00 00 00 00 00 00 00 00 00 00 00 04 C0
[2026-08-20 17:04:46.068]# RECV HEX/3 <<<
AA 00 3C
[2026-08-20 17:04:46.079]# RECV HEX/88 <<<
13 61 AD 00 34 9D 00 AB 2C 0D 34 A6 00 00 00 00 00 00 00 00 00 00 00 00 00 00 00 87 00 00 AC 01 CB AC 01 CD 00 00 00 00 00 00 00 00 00 00 00 00 00 00 00 00 00 00 00 00 00 08 0F AA 00 39 13 61 AD 00 31 9B 00 AB 35 41 3D 2C 00 00 00 00 00 00 
00 00 00 00 00 00 00 00
[2026-08-20 17:04:46.089]# RECV HEX/88 <<<
00 00 00 00 00 00 00 00 00 00 00 00 00 00 00 00 00 00 00 00 00 00 00 00 00 00 00 00 04 5A AA 00 3C 13 61 AD 00 34 9B 00 AB 3D C6 46 4B 00 00 00 00 00 00 00 00 00 00 00 00 00 00 00 00 00 00 00 00 00 00 00 00 00 00 00 00 00 00 00 00 00 00 00 
00 00 00 00 00 00 00 00
[2026-08-20 17:04:46.100]# RECV HEX/63 <<<
00 00 05 15 AA 00 39 13 61 AD 00 31 9B 00 AB 46 E5 4E CB 00 00 00 00 00 00 00 00 00 00 00 00 00 00 00 AA 00 00 B1 09 C8 AE 09 9A B0 00 00 B2 03 58 B3 03 50 00 00 00 AD 00 00 AF 02 93 0D F0
[2026-08-20 17:04:46.111]# RECV HEX/86 <<<
AA 00 3C 13 61 AD 00 34 9B 00 AB 4F 65 57 E3 AE 02 8F AD 02 8F B2 02 96 AF 02 A5 9E 02 B3 00 00 00 5D 00 00 AD 00 00 AE 03 52 00 00 00 00 00 00 00 00 00 58 00 00 AE 00 00 9A 02 86 10 14 AA 00 39 13 61 AD 00 31 9A 00 AB 58 7D 60 5A 94 02 86 
A2 02 95 AB 00 00
[2026-08-20 17:04:46.121]# RECV HEX/88 <<<
00 00 00 AF 00 00 AD 02 C5 A9 00 00 00 00 00 00 00 00 00 00 00 00 00 00 AF 00 00 AE 09 22 00 00 00 0C 5D AA 00 3C 13 61 AD 00 34 9B 00 AB 60 F4 69 71 AE 00 00 AD 02 9C 00 00 00 B1 00 00 AF 00 00 00 00 00 89 00 00 53 04 0E 4C 00 00 56 00 00 
B3 00 00 B3 00 00 B2 03
[2026-08-20 17:04:46.121]# RECV HEX/1 <<<
64
[2026-08-20 17:04:46.132]# RECV HEX/67 <<<
6C 03 71 00 00 00 0D F7 AA 00 39 13 61 AD 00 31 9B 00 AB 6A 0B 71 EA 00 00 00 00 00 00 B1 00 00 47 05 C1 59 00 00 B0 04 4E 00 00 00 4E 00 00 00 00 00 4B 00 00 00 00 00 7F 00 00 00 00 00 48 00 00 09 C4
[2026-08-20 17:04:46.142]# RECV HEX/78 <<<
AA 00 39 13 61 AD 00 31 9B 00 AB 72 85 7A 76 00 00 00 4B 00 00 4E 05 25 00 00 00 8A 00 00 AF 03 80 AF 00 00 B0 03 6A B0 03 69 B0 03 64 B3 03 5B B0 03 4F B0 03 41 00 00 00 0E E7 AA 00 3C 13 61 AD 00 34 9B 00 AB 7B 12 83 98 00 00 00 AE
[2026-08-20 17:04:46.153]# RECV HEX/85 <<<
00 00 B3 00 00 B2 07 21 B2 07 17 B1 07 12 B2 07 08 B1 06 FB B2 06 EE B1 06 E6 B2 06 DC B1 06 CD AF 06 BF AC 06 B5 B2 06 AD 16 0C AA 00 39 13 61 AD 00 31 9B 00 AB 84 33 8C 15 B1 06 A5 B1 06 A2 B2 06 9E B0 06 9E B1 06 A0 B3 06 A6 B1 06 AC B2 
06 B0 B3 06 AC
[2026-08-20 17:04:46.163]# RECV HEX/79 <<<
B3 06 9D AF 06 85 B0 06 71 B2 06 64 B2 06 5D 17 00 AA 00 3C 13 61 AD 00 34 9B 00 AB 00 10 08 90 B1 06 5B AE 06 59 B2 06 60 B0 06 66 B6 06 6D B0 06 7C B1 06 8C B2 06 A0 B1 06 B8 B1 06 DA 00 00 00 00 00 00 66 00 00 AE 26 D8 AF 26 72 13 CB
[2026-08-20 17:04:46.174]# RECV HEX/62 <<<
AA 00 39 13 61 AD 00 31 9D 00 AB 09 2B 11 27 00 00 00 B3 00 00 B1 06 A8 B2 06 98 B3 06 89 B2 06 79 B1 06 6A B2 06 55 B2 06 44 B2 06 3A B6 06 37 B3 06 31 B1 06 2A B2 06 29 11 79 AA 00 3C
[2026-08-20 17:04:46.184]# RECV HEX/99 <<<
13 61 AD 00 34 9C 00 AB 11 C3 1A 4E AF 06 2A AF 06 2D B1 06 31 B3 06 2E B1 06 2E B3 06 2C B3 06 2C B4 06 28 B2 06 24 AF 00 00 B2 00 00 A6 01 AC 88 01 A9 77 01 A9 77 01 A8 12 E2 AA 00 39 13 61 AD 00 31 9C 00 AB 1A E9 22 D7 75 01 AA 64 01 AA 
5B 01 AF 9E 01 A6 00 00 00 00 00 00 00 00 00 00 00 00 00
[2026-08-20 17:04:46.195]# RECV HEX/77 <<<
00 00 00 00 00 00 00 00 00 00 00 00 00 00 00 00 00 09 F7 AA 00 39 13 61 AD 00 31 9B 00 AB 23 72 2B 5D 00 00 00 00 00 00 00 00 00 00 00 00 00 00 00 00 00 00 00 00 00 00 00 00 00 00 00 00 00 00 00 00 00 00 00 00 00 00 00 00 00 00 04
[2026-08-20 17:04:46.195]# RECV HEX/1 <<<
98
[2026-08-20 17:04:46.206]# RECV HEX/66 <<<
AA 00 3C 13 61 AD 00 34 9D 00 AB 2B F8 34 92 00 00 00 00 00 00 00 00 00 00 00 00 00 00 00 88 00 00 AA 01 CC AC 01 CC 49 01 D7 00 00 00 00 00 00 00 00 00 00 00 00 00 00 00 00 00 00 0A 05 AA 00 39 13
[2026-08-20 17:04:46.216]# RECV HEX/90 <<<
61 AD 00 31 9B 00 AB 35 2D 3D 14 00 00 00 00 00 00 00 00 00 00 00 00 00 00 00 00 00 00 00 00 00 00 00 00 00 00 00 00 00 00 00 00 00 00 00 00 00 00 00 00 00 00 04 2E AA 00 3C 13 61 AD 00 34 9B 00 AB 3D AF 46 2F 00 00 00 00 00 00 00 00 00 00 
00 00 00 00 00 00 00 00 00 00
[2026-08-20 17:04:46.227]# RECV HEX/86 <<<
00 00 00 00 00 00 00 00 00 00 00 00 00 00 00 00 00 00 00 00 00 00 00 00 00 04 E2 AA 00 39 13 61 AD 00 31 9B 00 AB 46 CA 4E AA 00 00 00 00 00 00 00 00 00 00 00 00 00 00 00 00 00 00 B0 00 00 AF 09 9F AE 00 00 AD 03 5A B4 03 51 00 00 00 AE 00 
00 AF 02 94 0C 3D
[2026-08-20 17:04:46.238]# RECV HEX/62 <<<
AA 00 3C 13 61 AD 00 34 9B 00 AB 4F 44 57 BF AE 02 90 AE 02 90 B0 02 95 AE 02 A3 9E 02 B3 00 00 00 5A 00 00 00 00 00 B2 00 00 AE 00 00 B2 00 00 00 00 00 78 00 00 A5 02 9D A2 00 00 10 61
[2026-08-20 17:04:46.248]# RECV HEX/78 <<<
AA 00 39 13 61 AD 00 31 9A 00 AB 58 59 60 33 8A 00 00 AB 00 00 AC 02 A6 6C 00 00 A8 02 B5 AF 02 C3 AF 02 D2 00 00 00 00 00 00 00 00 00 00 00 00 00 00 00 B3 00 00 AE 09 34 0D A7 AA 00 3C 13 61 AD 00 34 9A 00 AB 60 CD 69 45 AE 00 00 AC
[2026-08-20 17:04:46.258]# RECV HEX/97 <<<
02 9B AF 02 AB 00 00 00 B0 00 00 00 00 00 AB 00 00 76 04 16 4E 00 00 51 03 D9 B3 00 00 8B 00 00 B2 03 61 85 03 6C 00 00 00 0F 5C AA 00 39 13 61 AD 00 31 9A 00 AB 69 DF 71 C0 4E 00 00 00 00 00 B1 00 00 5A 05 6F 00 00 00 AE 00 00 00 00 00 49 
00 00 00 00 00 49 00 00 00 00 00 99 04 51 00 00 00
[2026-08-20 17:04:46.269]# RECV HEX/67 <<<
00 00 00 09 EE AA 00 3C 13 61 AD 00 34 9C 00 AB 72 5A 7A ED 00 00 00 4B 00 00 4B 05 20 8E 05 3C 00 00 00 B0 00 00 9F 00 00 B0 03 67 B0 03 68 B0 03 64 B2 03 5E B2 03 52 AF 03 45 00 00 00 00 00 00 0E EB
[2026-08-20 17:04:46.279]# RECV HEX/72 <<<
AA 00 39 13 61 AD 00 31 9B 00 AB 7B 87 83 70 00 00 00 B1 00 00 B4 07 26 B0 07 19 B3 07 13 B2 07 0B B1 06 FE B2 06 F2 B2 06 E8 B3 06 DE B6 06 D1 B0 06 C2 B2 06 B8 B2 06 AE 15 D4 AA 00 3C 13 61 AD 00 34 9C 00 AB 84 0B
[2026-08-20 17:04:46.279]# RECV HEX/1 <<<
8C
[2026-08-20 17:04:46.290]# RECV HEX/87 <<<
92 AF 06 A7 B1 06 A1 B0 06 9F B0 06 9E AF 06 A0 B2 06 A4 B4 06 AA B2 06 AE B2 06 AF B0 06 9F B3 06 8B B0 06 75 B0 06 67 B1 06 5E AF 06 5D 18 76 AA 00 39 13 61 AD 00 31 9B 00 AB 00 8D 08 72 B1 06 5F B2 06 5F B2 06 64 B3 06 6B B0 06 79 B2 06 
89 B2 06 9E B2 06 B3
[2026-08-20 17:04:46.300]# RECV HEX/79 <<<
B3 06 D4 6A 07 31 00 00 00 00 00 00 B0 00 00 AC 26 79 12 4A AA 00 39 13 61 AD 00 31 9D 00 AB 09 0D 11 0D B2 26 B3 B0 00 00 B0 06 AC B2 06 9C B1 06 8C B3 06 7C B2 06 6E B2 06 59 B4 06 47 B4 06 3B B3 06 36 AE 06 31 B1 06 2B B0 06 29 12 DC
[2026-08-20 17:04:46.311]# RECV HEX/66 <<<
AA 00 3C 13 61 AD 00 34 9C 00 AB 11 A9 1A 39 AF 06 2A B2 06 2D B1 06 2F B1 06 31 B2 06 2F B1 06 2D B3 06 2C B3 06 29 B3 06 24 00 00 00 AD 00 00 AA 01 AC 8B 01 A9 75 01 A9 77 01 A8 12 08 AA 00 39 13
[2026-08-20 17:04:46.321]# RECV HEX/78 <<<
61 AD 00 31 9C 00 AB 1A D4 22 C3 77 01 AA 61 01 AA 60 01 AE 9A 01 A6 00 00 00 00 00 00 00 00 00 00 00 00 00 00 00 00 00 00 00 00 00 00 00 00 00 00 00 00 00 00 09 CD AA 00 3C 13 61 AD 00 34 9C 00 AB 23 5E 2B E6 00 00 00 00 00 00 00 00
[2026-08-20 17:04:46.321]# RECV HEX/11 <<<
00 00 00 00 00 00 00 00 00 00 00
[2026-08-20 17:04:46.332]# RECV HEX/87 <<<
00 00 00 00 00 00 00 00 00 00 00 00 00 00 00 00 00 00 00 00 00 00 00 00 00 00 05 14 AA 00 39 13 61 AD 00 31 9D 00 AB 2C 82 34 7C 00 00 00 00 00 00 00 00 00 00 00 00 87 00 00 A5 01 CC AC 01 CC 76 01 D5 00 00 00 00 00 00 00 00 00 00 00 00 00 
00 00 00 00 00 09 99
[2026-08-20 17:04:46.342]# RECV HEX/59 <<<
AA 00 39 13 61 AD 00 31 9D 00 AB 35 18 3D 04 00 00 00 00 00 00 00 00 00 00 00 00 00 00 00 00 00 00 00 00 00 00 00 00 00 00 00 00 00 00 00 00 00 00 00 00 00 00 00 00 00 00 04 0B
[2026-08-20 17:04:46.353]# RECV HEX/85 <<<
AA 00 3C 13 61 AD 00 34 9B 00 AB 3D 9F 46 20 00 00 00 00 00 00 00 00 00 00 00 00 00 00 00 00 00 00 00 00 00 00 00 00 00 00 00 00 00 00 00 00 00 00 00 00 00 00 00 00 00 00 00 00 00 04 C3 AA 00 39 13 61 AD 00 31 9B 00 AB 46 BA 4E 9B 00 00 00 
00 00 00 00 00
[2026-08-20 17:04:46.363]# RECV HEX/90 <<<
00 00 00 00 00 00 00 00 00 00 AF 00 00 AE 09 A4 B0 00 00 B0 03 5B B2 03 52 00 00 00 B0 00 00 B2 02 95 0C 2C AA 00 3C 13 61 AD 00 34 9B 00 AB 4F 35 57 AF AF 02 92 AD 02 90 B2 02 96 AE 02 A4 9B 02 B4 00 00 00 A4 00 00 00 00 00 00 00 00 9C 00 
00 B1 00 00 00 00 00 90 00 00
[2026-08-20 17:04:46.374]# RECV HEX/67 <<<
92 02 9C 99 00 00 0F C6 AA 00 39 13 61 AD 00 31 9B 00 AB 58 48 60 20 8C 00 00 AE 00 00 AC 02 A5 A3 00 00 91 02 BA AC 02 C1 AE 02 CF 00 00 00 00 00 00 00 00 00 00 00 00 00 00 00 B2 00 00 AE 09 32 0D A1
[2026-08-20 17:04:46.385]# RECV HEX/75 <<<
AA 00 3C 13 61 AD 00 34 9A 00 AB 60 B9 69 2D B0 00 00 AD 02 9A AF 02 A9 00 00 00 B1 00 00 00 00 00 AF 00 00 7A 04 18 4E 00 00 52 03 D6 9C 00 00 00 00 00 B2 00 00 9C 03 6B 00 00 00 0E 49 AA 00 3C 13 61 AD 00 34 9A 00 AB 69 C7
[2026-08-20 17:04:46.395]# RECV HEX/100 <<<
72 3E 4F 00 00 00 00 00 8A 00 00 80 05 6C 00 00 00 B1 00 00 6A 00 00 48 00 00 00 00 00 00 00 00 00 00 00 5D 00 00 00 00 00 00 00 00 49 00 00 09 33 AA 00 39 13 61 AD 00 31 9C 00 AB 72 DA 7A CD 4D 00 00 4D 05 21 47 05 38 00 00 00 AF 00 00 75 
00 00 B0 03 65 AA 03 67 AF 03 64 B2 03 5F B4 03 54 B3 03 47
[2026-08-20 17:04:46.406]# RECV HEX/67 <<<
AE 03 38 00 00 00 0F BE AA 00 39 13 61 AD 00 31 9B 00 AB 7B 67 83 4B 00 00 00 B1 00 00 B2 00 00 B3 07 1B B2 07 13 B2 07 0B B2 07 01 B1 06 F6 B3 06 E7 B3 06 E0 B3 06 D4 B4 06 C3 B2 06 BA B0 06 AF 14 74
[2026-08-20 17:04:46.417]# RECV HEX/76 <<<
AA 00 3C 13 61 AD 00 34 9B 00 AB 83 E6 8C 6A B3 06 A9 B1 06 A1 B2 06 9C B2 06 9C B1 06 A0 AF 06 A1 B2 06 A7 AF 06 AE B3 06 B2 B2 06 A3 B5 06 91 B1 06 7A B0 06 67 B2 06 60 B2 06 5C 19 3D AA 00 39 13 61 AD 00 31 9B 00 AB 00 64 08
[2026-08-20 17:04:46.427]# RECV HEX/78 <<<
4C B2 06 5F B1 06 5B AF 06 61 B2 06 69 B1 06 75 B3 06 84 B0 06 97 B2 06 AC B4 06 CC 9E 07 00 00 00 00 00 00 00 B2 00 00 AF 26 9D 11 FC AA 00 3C 13 61 AD 00 34 9D 00 AB 08 E7 11 83 B0 26 96 B0 00 00 AF 06 B0 B3 06 A0 B2 06 91 B2 06 80
[2026-08-20 17:04:46.437]# RECV HEX/88 <<<
B0 06 72 B1 06 5D B2 06 4B B4 06 3D B3 06 37 B4 06 31 AC 06 2D B1 06 2A B3 06 28 15 13 AA 00 39 13 61 AD 00 31 9C 00 AB 12 1F 1A 11 B2 06 2C B1 06 2E B3 06 31 B3 06 2F B2 06 2C B3 06 2D B3 06 29 B1 06 25 00 00 00 AF 00 00 AF 00 00 99 01 AA 
79 01 A9 75 01 A8 0F DE
[2026-08-20 17:04:46.448]# RECV HEX/59 <<<
AA 00 39 13 61 AD 00 31 9C 00 AB 1A AC 22 9E 79 01 A9 5F 01 AB 68 01 AD 67 01 A6 4A 01 AF 00 00 00 00 00 00 00 00 00 00 00 00 00 00 00 00 00 00 00 00 00 00 00 00 00 00 00 0A 4E
[2026-08-20 17:04:46.458]# RECV HEX/98 <<<
AA 00 3C 13 61 AD 00 34 9C 00 AB 23 3A 2B C4 00 00 00 00 00 00 00 00 00 00 00 00 00 00 00 00 00 00 00 00 00 00 00 00 00 00 00 00 00 00 00 00 00 00 00 00 00 00 00 00 00 00 00 00 00 04 CE AA 00 39 13 61 AD 00 31 9D 00 AB 2C 60 34 5A 00 00 00 
00 00 00 00 00 00 00 00 00 8C 00 00 A4 01 CB AE 01 CB
[2026-08-20 17:04:46.469]# RECV HEX/77 <<<
AE 01 D2 00 00 00 00 00 00 00 00 00 00 00 00 00 00 00 00 00 00 09 8E AA 00 3C 13 61 AD 00 34 9C 00 AB 34 F6 3D 7D 00 00 00 00 00 00 00 00 00 00 00 00 00 00 00 00 00 00 00 00 00 00 00 00 00 00 00 00 00 00 00 00 00 00 00 00 00 00 00
[2026-08-20 17:04:46.479]# RECV HEX/67 <<<
00 00 00 00 00 00 05 66 AA 00 39 13 61 AD 00 31 9B 00 AB 3E 18 45 FB 00 00 00 00 00 00 00 00 00 00 00 00 00 00 00 00 00 00 00 00 00 00 00 00 00 00 00 00 00 00 00 00 00 00 00 00 00 00 00 00 00 00 05 11
[2026-08-20 17:04:46.490]# RECV HEX/81 <<<
AA 00 3C 13 61 AD 00 34 9B 00 AB 46 96 4F 11 00 00 00 00 00 00 00 00 00 00 00 00 00 00 00 00 00 00 B0 00 00 AF 09 AC B0 00 00 B1 03 5D B3 03 54 B0 03 4C 00 00 00 AF 00 00 B2 02 94 0C 92 AA 00 39 13 61 AD 00 31 9B 00 AB 4F AB 57 8A AD 02 91 
AF
[2026-08-20 17:04:46.500]# RECV HEX/89 <<<
02 96 B0 02 A2 A5 02 B3 00 00 00 7E 00 00 AE 00 00 00 00 00 64 00 00 B2 00 00 00 00 00 00 00 00 6D 00 00 86 02 7C 0E 3E AA 00 3C 13 61 AD 00 34 9A 00 AB 58 24 60 99 8B 02 81 A9 00 00 AF 02 A3 AE 02 AF 6C 00 00 AF 02 BE AF 02 CB 00 00 00 00 
00 00 00 00 00 00 00 00 00
[2026-08-20 17:04:46.511]# RECV HEX/72 <<<
00 00 B0 00 00 B2 09 2E AF 00 00 0E FE AA 00 39 13 61 AD 00 31 9A 00 AB 61 32 69 0C AF 02 97 AE 02 A3 00 00 00 B2 00 00 B1 00 00 B0 00 00 9A 04 1D 4E 00 00 4E 03 CF 4E 03 E3 B2 00 00 B4 00 00 AD 03 68 00 00 00 0F 0B
[2026-08-20 17:04:46.521]# RECV HEX/77 <<<
AA 00 3C 13 61 AD 00 34 9A 00 AB 69 A5 72 19 4D 00 00 00 00 00 00 00 00 B2 00 00 59 05 E1 5A 00 00 AF 04 5F 00 00 00 00 00 00 00 00 00 00 00 00 00 00 00 00 00 00 00 00 00 48 00 00 09 0B AA 00 39 13 61 AD 00 31 9A 00 AB 72 B4 7A A4
[2026-08-20 17:04:46.532]# RECV HEX/77 <<<
00 00 00 4C 00 00 4B 05 28 00 00 00 B0 00 00 9E 03 7C B1 00 00 AC 03 64 B0 03 65 B2 03 60 B2 03 57 B3 03 4A B0 03 3B 00 00 00 0F 3A AA 00 3C 13 61 AD 00 34 9B 00 AB 7B 3F 83 BF 00 00 00 AF 00 00 B3 00 00 B3 07 1E B3 07 14 B1 07 0E
[2026-08-20 17:04:46.542]# RECV HEX/87 <<<
B1 07 05 B2 06 F8 B0 06 EA B1 06 E3 B4 06 D8 B6 06 C6 B0 06 BB B1 06 B0 B1 06 A9 16 3E AA 00 39 13 61 AD 00 31 9B 00 AB 84 59 8C 3B B0 06 A2 B2 06 9E B3 06 9D B0 06 9E B2 06 9F B3 06 A5 B1 06 AC B2 06 AF B3 06 AB B0 06 95 B4 06 7E B0 06 69 
B3 06 60 B1 06 5D 17
[2026-08-20 17:04:46.542]# RECV HEX/1 <<<
29
[2026-08-20 17:04:46.553]# RECV HEX/62 <<<
AA 00 3C 13 61 AD 00 34 9B 00 AB 00 35 08 B8 B2 06 5A AE 06 59 B1 06 60 B0 06 69 B2 06 71 B1 06 7F B3 06 91 B3 06 A5 B6 06 C1 B1 06 EA 00 00 00 00 00 00 B2 00 00 B1 26 BB AC 26 88 14 8E
[2026-08-20 17:04:46.563]# RECV HEX/93 <<<
AA 00 39 13 61 AD 00 31 9D 00 AB 09 54 11 51 00 00 00 B1 00 00 B6 06 A6 B3 06 96 B2 06 85 B2 06 77 B1 06 63 B2 06 51 B3 06 41 B2 06 38 B2 06 35 B0 06 30 B2 06 2B AF 06 2A 11 AC AA 00 39 13 61 AD 00 31 9C 00 AB 11 ED 19 DE AD 06 2C B2 06 2F 
B2 06 33 B3 06 2E B1 06 2D B2 06 2D B2
[2026-08-20 17:04:46.574]# RECV HEX/87 <<<
06 2B B3 06 27 B3 06 22 B0 00 00 AE 00 00 A0 01 AB 7A 01 A8 75 01 A9 12 5C AA 00 3C 13 61 AD 00 34 9C 00 AB 1A 79 23 0B 76 01 A8 6E 01 AA 6C 01 AB 55 01 AD 8F 01 A8 00 00 00 00 00 00 00 00 00 00 00 00 00 00 00 00 00 00 00 00 00 00 00 00 00 
00 00 00 00 00 09 CE
[2026-08-20 17:04:46.585]# RECV HEX/59 <<<
AA 00 39 13 61 AD 00 31 9C 00 AB 23 A7 2B 93 00 00 00 00 00 00 00 00 00 00 00 00 00 00 00 00 00 00 00 00 00 00 00 00 00 00 00 00 00 00 00 00 00 00 00 00 00 00 00 00 00 00 05 04
[2026-08-20 17:04:46.595]# RECV HEX/89 <<<
AA 00 39 13 61 AD 00 31 9D 00 AB 2C 2F 34 2D 00 00 00 00 00 00 00 00 00 00 00 00 5C 00 00 9E 01 CB AC 01 CC AC 01 CE 00 00 00 00 00 00 00 00 00 00 00 00 00 00 00 00 00 00 08 F3 AA 00 3C 13 61 AD 00 34 9C 00 AB 34 C9 3D 52 00 00 00 00 00 00 
00 00 00 00 00 00 00 00 00
[2026-08-20 17:04:46.606]# RECV HEX/86 <<<
00 00 00 00 00 00 00 00 00 00 00 00 00 00 00 00 00 00 00 00 00 00 00 00 00 00 00 00 00 00 05 0E AA 00 39 13 61 AD 00 31 9B 00 AB 3D ED 45 D4 00 00 00 00 00 00 00 00 00 00 00 00 00 00 00 00 00 00 00 00 00 00 00 00 00 00 00 00 00 00 00 00 00 
00 00 00 00 00 00
[2026-08-20 17:04:46.616]# RECV HEX/67 <<<
00 00 00 05 BE AA 00 3C 13 61 AD 00 34 9B 00 AB 46 6F 4E ED 00 00 00 00 00 00 00 00 00 00 00 00 00 00 00 00 00 00 B2 00 00 B0 09 B5 00 00 00 B2 00 00 B4 03 57 B2 03 4E 00 00 00 AF 00 00 AD 02 95 0C 47
[2026-08-20 17:04:46.627]# RECV HEX/74 <<<
AA 00 39 13 61 AD 00 31 9A 00 AB 4F 87 57 63 AA 02 92 AD 02 93 B0 02 9E AE 02 AF 5E 02 B9 00 00 00 77 00 00 00 00 00 7C 00 00 7F 00 00 00 00 00 00 00 00 63 00 00 A0 02 89 0E 52 AA 00 3C 13 61 AD 00 34 9A 00 AB 57 FD 60 73
[2026-08-20 17:04:46.637]# RECV HEX/91 <<<
8E 02 80 9C 02 8D AA 02 9D AF 02 AB 52 00 00 AF 00 00 AE 02 C7 4F 00 00 00 00 00 00 00 00 00 00 00 00 00 00 B3 00 00 B0 09 2B 00 00 00 0E E5 AA 00 39 13 61 AD 00 31 9A 00 AB 61 0D 68 E5 AD 00 00 AE 02 9E 00 00 00 B6 00 00 B2 00 00 00 00 00 
8F 00 00 68 04 08 4B 00 00 57 00
[2026-08-20 17:04:46.637]# RECV HEX/2 <<<
00 B1
[2026-08-20 17:04:46.648]# RECV HEX/75 <<<
00 00 B0 00 00 B2 03 67 53 03 76 0D 86 AA 00 3C 13 61 AD 00 34 9A 00 AB 69 7E 71 F4 00 00 00 4C 00 00 00 00 00 B2 00 00 00 00 00 64 00 00 B1 04 53 00 00 00 4E 00 00 00 00 00 48 00 00 00 00 00 5D 00 00 00 00 00 48 00 00 09 71
[2026-08-20 17:04:46.658]# RECV HEX/68 <<<
AA 00 39 13 61 AD 00 31 9A 00 AB 72 8E 7A 7E 00 00 00 4A 00 00 4E 05 28 00 00 00 92 00 00 AF 03 7A AF 00 00 AF 03 67 AF 03 66 B0 03 62 B1 03 59 B0 03 4D AE 03 3F 00 00 00 0E E7 AA 00 3C 13 61 AD 00 34 9B
[2026-08-20 17:04:46.669]# RECV HEX/86 <<<
00 AB 7B 19 83 9A 00 00 00 AE 00 00 B3 00 00 B3 07 22 B1 07 16 B1 07 0F B1 07 05 B2 06 F9 B3 06 EB B0 06 E3 B6 06 DA AF 06 C9 B3 06 BD B1 06 B4 B3 06 AA 16 07 AA 00 39 13 61 AD 00 31 9B 00 AB 84 34 8C 15 AF 06 A3 B0 06 9E B3 06 9C B1 06 9B 
B1 06 9F B2 06 A3
[2026-08-20 17:04:46.679]# RECV HEX/88 <<<
B4 06 A9 B2 06 AD B5 06 A9 B1 06 9A B5 06 85 B2 06 70 AF 06 63 B3 06 5C 16 EA AA 00 3C 13 61 AD 00 34 9B 00 AB 00 0F 08 8B B1 06 5A B0 06 58 B3 06 5F B0 06 65 B2 06 6B B2 06 7B B4 06 8B B2 06 A0 B3 06 B8 B5 06 DB 00 00 00 00 00 00 77 00 00 
AF 26 D1 B2 26 79 13 DD
[2026-08-20 17:04:46.690]# RECV HEX/59 <<<
AA 00 39 13 61 AD 00 31 9B 00 AB 09 26 11 23 AF 26 AC B2 00 00 AF 06 AC B2 06 9B B4 06 8D B2 06 7C B1 06 6D B2 06 57 B3 06 45 B4 06 3C B1 06 37 B3 06 33 B0 06 2B B2 06 2A 13 04
[2026-08-20 17:04:46.701]# RECV HEX/92 <<<
AA 00 3C 13 61 AD 00 34 9C 00 AB 11 BF 1A 4A B3 06 2B AE 06 2F B3 06 32 B1 06 31 B3 06 31 B1 06 2E B1 06 2D B3 06 2A B2 06 25 AE 00 00 B0 00 00 A4 01 AC 89 01 A9 77 01 A9 77 01 A8 12 E6 AA 00 39 13 61 AD 00 31 9C 00 AB 1A E5 22 D2 77 01 AA 
62 01 AA 5D 01 AE 9C 01 A6 00 00 00
[2026-08-20 17:04:46.711]# RECV HEX/77 <<<
00 00 00 00 00 00 00 00 00 00 00 00 00 00 00 00 00 00 00 00 00 00 00 00 00 00 00 09 ED AA 00 39 13 61 AD 00 31 9C 00 AB 23 6D 2B 5B 00 00 00 00 00 00 00 00 00 00 00 00 00 00 00 00 00 00 00 00 00 00 00 00 00 00 00 00 00 00 00 00 00
[2026-08-20 17:04:46.711]# RECV HEX/11 <<<
00 00 00 00 00 00 00 00 00 04 92
[2026-08-20 17:04:46.722]# RECV HEX/62 <<<
AA 00 3C 13 61 AD 00 34 9D 00 AB 2B F6 34 8F 00 00 00 00 00 00 00 00 00 00 00 00 00 00 00 95 00 00 AC 01 CC AC 01 CC 52 00 00 00 00 00 00 00 00 00 00 00 00 00 00 00 00 00 00 00 00 09 40
[2026-08-20 17:04:46.732]# RECV HEX/75 <<<
AA 00 39 13 61 AD 00 31 9B 00 AB 35 2A 3D 15 00 00 00 00 00 00 00 00 00 00 00 00 00 00 00 00 00 00 00 00 00 00 00 00 00 00 00 00 00 00 00 00 00 00 00 00 00 00 00 00 00 00 04 2C AA 00 3C 13 61 AD 00 34 9B 00 AB 3D B0 46 32 00
[2026-08-20 17:04:46.732]# RECV HEX/10 <<<
00 00 00 00 00 00 00 00 00 00
[2026-08-20 17:04:46.743]# RECV HEX/86 <<<
00 00 00 00 00 00 00 00 00 00 00 00 00 00 00 00 00 00 00 00 00 00 00 00 00 00 00 00 00 00 00 00 00 00 04 E6 AA 00 39 13 61 AD 00 31 9B 00 AB 46 CC 4E AF 00 00 00 00 00 00 00 00 00 00 00 00 00 00 00 4A 00 00 AF 09 D7 AF 09 A0 AE 00 00 AF 03 
5B B1 03 51 00 00
[2026-08-20 17:04:46.753]# RECV HEX/71 <<<
00 B1 00 00 B0 02 97 0D 75 AA 00 3C 13 61 AD 00 34 9B 00 AB 4F 49 57 C4 AD 02 93 AD 02 93 AF 02 9A AE 02 AA 8D 02 B8 00 00 00 64 00 00 00 00 00 98 00 00 84 00 00 00 00 00 00 00 00 79 00 00 8F 02 90 9D 02 84 0F E1
[2026-08-20 17:04:46.764]# RECV HEX/68 <<<
AA 00 39 13 61 AD 00 31 9A 00 AB 58 5D 60 34 91 02 86 AD 00 00 B0 02 A8 64 00 00 AF 02 B4 B0 02 C3 AE 02 D3 00 00 00 00 00 00 00 00 00 00 00 00 00 00 00 AE 00 00 B0 09 35 0E 40 AA 00 3C 13 61 AD 00 34 9A
[2026-08-20 17:04:46.764]# RECV HEX/11 <<<
00 AB 60 CD 69 45 AD 00 00 AE 02
[2026-08-20 17:04:46.775]# RECV HEX/86 <<<
9B AF 02 AC 00 00 00 B2 00 00 00 00 00 AF 00 00 8D 04 17 4C 00 00 51 03 DB B4 00 00 9B 00 00 B1 03 62 6F 03 6E 00 00 00 0F 79 AA 00 39 13 61 AD 00 31 9A 00 AB 69 DE 71 B5 4C 00 00 00 00 00 B2 00 00 5F 05 71 00 00 00 B0 00 00 00 00 00 48 00 
00 00 00 00 00 00
[2026-08-20 17:04:46.785]# RECV HEX/77 <<<
00 00 00 00 95 04 50 00 00 00 00 00 00 09 9B AA 00 3C 13 61 AD 00 34 9C 00 AB 72 4F 7A DA 48 00 00 4B 05 13 4B 05 21 52 05 3A 00 00 00 B2 00 00 91 00 00 AE 03 64 AF 03 64 AF 03 63 B4 03 5E B2 03 52 B2 03 45 B0 03 35 00 00 00 0F C5
[2026-08-20 17:04:46.796]# RECV HEX/63 <<<
AA 00 39 13 61 AD 00 31 9B 00 AB 7B 75 83 58 00 00 00 B0 00 00 B2 00 00 B3 07 1A B0 07 11 B2 07 0A B0 06 FF B3 06 F4 B0 06 E6 B2 06 DD B3 06 D1 B1 06 C1 B3 06 B7 B1 06 AC 15 6F AA 00 3C 13
[2026-08-20 17:04:46.806]# RECV HEX/97 <<<
61 AD 00 34 9B 00 AB 83 F2 8C 70 B2 06 A7 B1 06 A0 AF 06 9C B2 06 9A B1 06 9D B1 06 A0 B3 06 A4 B2 06 AB B0 06 AF B1 06 9F B4 06 8D B2 06 76 B2 06 66 B0 06 5E B1 06 5B 19 2A AA 00 39 13 61 AD 00 31 9B 00 AB 00 6A 08 4B B2 06 5F AF 06 5B B1 
06 60 B3 06 69 B3 06 75 B2 06 84 B3 06 98 B0 06 AD
[2026-08-20 17:04:46.817]# RECV HEX/79 <<<
B3 06 CE 8E 07 0B 00 00 00 00 00 00 B2 00 00 B1 26 B3 12 19 AA 00 3C 13 61 AD 00 34 9D 00 AB 08 E5 11 7F AC 26 8F B0 00 00 B0 06 B2 B3 06 A2 B3 06 93 B2 06 82 B3 06 74 B0 06 5F B2 06 4C B2 06 3F B0 06 37 B4 06 32 B4 06 2E B2 06 2B B2 06
[2026-08-20 17:04:46.827]# RECV HEX/62 <<<
28 15 1B AA 00 39 13 61 AD 00 31 9C 00 AB 12 1A 1A 05 B2 06 2D B2 06 30 B2 06 33 B2 06 31 B3 06 2D B0 06 2F B0 06 2A B3 06 26 00 00 00 B0 00 00 B2 01 AE 98 01 AA 79 01 A9 76 01 A9 10 89
[2026-08-20 17:04:46.838]# RECV HEX/98 <<<
AA 00 3C 13 61 AD 00 34 9B 00 AB 1A A0 23 27 76 01 A9 61 01 AB 69 01 AC 58 01 A8 5B 00 00 00 00 00 00 00 00 00 00 00 00 00 00 00 00 00 00 00 00 00 00 00 00 00 00 00 00 00 00 00 00 09 24 AA 00 39 13 61 AD 00 31 9B 00 AB 23 C1 2B AA 00 00 00 
00 00 00 00 00 00 00 00 00 00 00 00 00 00 00 00 00 00
[2026-08-20 17:04:46.849]# RECV HEX/82 <<<
00 00 00 00 00 00 00 00 00 00 00 00 00 00 00 00 00 00 00 00 00 05 34 AA 00 39 13 61 AD 00 31 9D 00 AB 2C 45 34 3D 00 00 00 00 00 00 00 00 00 00 00 00 7A 00 00 A8 01 CB AB 01 CC AA 01 CF 00 00 00 00 00 00 00 00 00 00 00 00 00 00 00 00 00 00 
09 3F
[2026-08-20 17:04:46.859]# RECV HEX/62 <<<
AA 00 3C 13 61 AD 00 34 9B 00 AB 34 D9 3D 5D 00 00 00 00 00 00 00 00 00 00 00 00 00 00 00 00 00 00 00 00 00 00 00 00 00 00 00 00 00 00 00 00 00 00 00 00 00 00 00 00 00 00 00 00 00 05 28
[2026-08-20 17:04:46.870]# RECV HEX/80 <<<
AA 00 39 13 61 AD 00 31 9B 00 AB 3D F7 45 DA 00 00 00 00 00 00 00 00 00 00 00 00 00 00 00 00 00 00 00 00 00 00 00 00 00 00 00 00 00 00 00 00 00 00 00 00 00 00 00 00 00 00 05 CE AA 00 3C 13 61 AD 00 34 9B 00 AB 46 74 4E F1 00 00 00 00 00 00
