[2026-08-20 17:04:47.533]# RECV HEX/85 <<<
AA 00 3C 13 61 AD 00 34 9A 00 AB 4F 63 57 DC AD 02 95 AE 02 96 AE 02 9F AD 00 00 60 00 00 46 00 00 68 00 00 B0 00 00 60 00 00 7C 00 00 00 00 00 00 00 00 7C 00 00 9B 02 85 98 02 82 0F 3F AA 00 39 13 61 AD 00 31 9A 00 AB 58 76 60 4D 8F 02 8D 
AD 00 00 B0 02
[2026-08-20 17:04:47.534]# RECV HEX/12 <<<
AA 00 00 00 B0 00 00 AF 02 C4 AF 00
[2026-08-20 17:04:47.544]# RECV HEX/77 <<<
00 00 00 00 00 00 00 00 00 00 00 00 00 00 00 00 B2 00 00 B0 09 3D 0C 98 AA 00 3C 13 61 AD 00 34 9A 00 AB 60 E7 69 5F AA 00 00 AC 02 9C 67 00 00 8E 00 00 B2 09 EA 00 00 00 9F 00 00 9F 04 1A 00 00 00 53 00 00 B0 00 00 AE 00 00 AD 03
[2026-08-20 17:04:47.544]# RECV HEX/2 <<<
64 4F
[2026-08-20 17:04:47.544]# RECV HEX/7 <<<
03 77 00 00 00 0F 07
[2026-08-20 17:04:47.555]# RECV HEX/59 <<<
AA 00 39 13 61 AD 00 31 9A 00 AB 69 F8 71 D0 4D 00 00 00 00 00 00 00 00 67 00 00 4E 00 00 B0 00 00 00 00 00 4C 00 00 00 00 00 48 00 00 00 00 00 A1 04 58 00 00 00 00 00 00 09 5F
[2026-08-20 17:04:47.565]# RECV HEX/92 <<<
AA 00 3C 13 61 AD 00 34 9C 00 AB 72 6A 7A F7 00 00 00 4C 00 00 4B 05 21 A3 05 3D 63 00 00 AF 00 00 A9 00 00 AF 03 65 B0 03 64 B1 03 63 B2 03 5C B0 03 50 B3 03 42 B2 03 33 00 00 00 10 65 AA 00 39 13 61 AD 00 31 9B 00 AB 7B 91 83 74 00 00 00 
B1 00 00 B3 00 00 B2 07 18 B1 07 12
[2026-08-20 17:04:47.576]# RECV HEX/77 <<<
B3 07 09 B3 06 FD B1 06 F1 B0 06 E6 B0 06 DC B3 06 CE AE 06 C0 B2 06 B5 B1 06 AC 15 97 AA 00 3C 13 61 AD 00 34 9B 00 AB 84 0E 8C 8E B3 06 A6 B0 06 A0 B0 06 9D B2 06 9C B0 06 9F B2 06 A1 B4 06 A7 B1 06 AB B2 06 AC B3 06 9D B4 06 8A
[2026-08-20 17:04:47.586]# RECV HEX/73 <<<
B1 06 73 B3 06 65 B3 06 5B B0 06 5A 18 64 AA 00 39 13 61 AD 00 31 9B 00 AB 00 88 08 69 AD 06 5E AF 06 5B B1 06 60 B2 06 68 B4 06 74 B1 06 84 B2 06 99 B2 06 AE B3 06 CF 6B 07 21 00 00 00 00 00 00 B1 00 00 B2 26 AC 12 3C
[2026-08-20 17:04:47.597]# RECV HEX/73 <<<
AA 00 39 13 61 AD 00 31 9B 00 AB 09 04 10 FE B1 26 80 AE 00 00 B2 06 B1 B3 06 A2 B0 06 93 B3 06 83 B2 06 74 AF 06 5D B1 06 49 B2 06 3D B2 06 36 B0 06 33 AE 06 2D B0 06 2A 13 AF AA 00 3C 13 61 AD 00 34 9C 00 AB 11 9A 1A
[2026-08-20 17:04:47.607]# RECV HEX/97 <<<
25 B3 06 29 AE 06 2D B2 06 30 B4 06 34 B2 06 32 B1 06 2E B4 06 2F B3 06 2A B0 06 25 00 00 00 B0 00 00 B1 01 AE 99 01 AA 82 01 A9 7F 01 A9 12 24 AA 00 39 13 61 AD 00 31 9C 00 AB 1A C0 22 AB 82 01 A9 5F 01 AB 68 01 AD 81 01 A6 00 00 00 00 00 
00 00 00 00 00 00 00 00 00 00 00 00 00 00 00 00 00
[2026-08-20 17:04:47.618]# RECV HEX/72 <<<
00 00 00 00 00 00 00 00 09 98 AA 00 3C 13 61 AD 00 34 9B 00 AB 23 46 2B CB 00 00 00 00 00 00 00 00 00 00 00 00 00 00 00 00 00 00 00 00 00 00 00 00 00 00 00 00 00 00 00 00 00 00 00 00 00 00 00 00 00 00 00 00 00 04 E0
[2026-08-20 17:04:47.628]# RECV HEX/68 <<<
AA 00 39 13 61 AD 00 31 9D 00 AB 2C 67 34 61 00 00 00 00 00 00 00 00 00 00 00 00 8E 00 00 A9 01 CB AC 01 CB AE 01 D1 00 00 00 00 00 00 00 00 00 00 00 00 00 00 00 00 00 00 09 A0 AA 00 3C 13 61 AD 00 34 9C
[2026-08-20 17:04:47.639]# RECV HEX/88 <<<
00 AB 34 FC 3D 83 00 00 00 00 00 00 00 00 00 00 00 00 00 00 00 00 00 00 00 00 00 00 00 00 00 00 00 00 00 00 00 00 00 00 00 00 00 00 00 00 00 00 00 00 00 05 72 AA 00 39 13 61 AD 00 31 9B 00 AB 3E 1E 46 03 00 00 00 00 00 00 00 00 00 00 00 00 
00 00 00 00 00 00 00 00
[2026-08-20 17:04:47.639]# RECV HEX/10 <<<
00 00 00 00 00 00 00 00 00 00
[2026-08-20 17:04:47.639]# RECV HEX/1 <<<
00
[2026-08-20 17:04:47.650]# RECV HEX/72 <<<
00 00 00 00 00 00 00 00 00 00 00 04 20 AA 00 39 13 61 AD 00 31 9B 00 AB 46 9D 4E 80 00 00 00 00 00 00 00 00 00 00 00 00 00 00 00 00 00 00 B1 00 00 B2 09 AC B0 00 00 B1 03 5E B6 03 55 B2 03 4C 00 00 00 B0 00 00 0B C5
[2026-08-20 17:04:47.660]# RECV HEX/66 <<<
AA 00 3C 13 61 AD 00 34 9B 00 AB 4F 1A 57 99 AF 00 00 AE 02 94 AE 02 99 B0 02 A7 93 02 B6 5E 00 00 6C 00 00 9E 00 00 00 00 00 61 00 00 00 00 00 00 00 00 00 00 00 7A 00 00 95 02 7C 0E 10 AA 00 3C 13
[2026-08-20 17:04:47.671]# RECV HEX/88 <<<
61 AD 00 34 9A 00 AB 58 33 60 A9 88 02 83 AD 00 00 B0 02 A6 AA 02 B0 86 02 BD AF 02 BF B0 02 CB 00 00 00 00 00 00 00 00 00 00 00 00 00 00 00 B0 00 00 AC 09 2F AE 00 00 0F F6 AA 00 39 13 61 AD 00 31 9B 00 AB 61 43 69 21 AF 02 97 AF 02 A5 00 
00 00 B1 00 00 B2 00 00
[2026-08-20 17:04:47.681]# RECV HEX/89 <<<
B1 00 00 9A 04 22 62 00 00 50 00 00 54 03 CC 90 00 00 B2 00 00 8C 03 69 00 00 00 0E 2A AA 00 3C 13 61 AD 00 34 9B 00 AB 69 BB 72 36 00 00 00 00 00 00 62 00 00 B0 05 6D 55 05 E4 72 00 00 AC 00 00 00 00 00 00 00 00 00 00 00 00 00 00 00 00 00 
00 00 00 00 00 00 00 00 00
[2026-08-20 17:04:47.692]# RECV HEX/61 <<<
09 2D AA 00 39 13 61 AD 00 31 9C 00 AB 72 D1 7A C1 4C 00 00 4C 05 1F 49 05 30 00 00 00 AF 00 00 77 00 00 B0 03 62 9B 03 60 AE 03 63 B1 03 5E B5 03 55 B3 03 47 B2 03 37 00 00 00 0F 89
[2026-08-20 17:04:47.703]# RECV HEX/83 <<<
AA 00 39 13 61 AD 00 31 9C 00 AB 7B 5C 83 43 00 00 00 B0 00 00 B3 00 00 B3 07 1D B2 07 13 B3 07 0B B1 07 02 B3 06 F6 B1 06 E8 B1 06 E0 B3 06 D3 B3 06 C4 AF 06 B8 B0 06 AD 14 5C AA 00 3C 13 61 AD 00 34 9B 00 AB 83 DE 8C 5D B4 06 A8 B2 06 A0 
B1 06 9B
[2026-08-20 17:04:47.713]# RECV HEX/93 <<<
B3 06 9B B2 06 9C B2 06 9E B6 06 A5 B1 06 AB B2 06 B0 B3 06 A3 B3 06 8E AE 06 79 B2 06 64 B1 06 5D B2 06 59 19 11 AA 00 39 13 61 AD 00 31 9B 00 AB 00 57 08 39 B1 06 5A B0 06 59 B1 06 5C B1 06 66 B0 06 70 B2 06 7E B4 06 90 B2 06 A4 B4 06 C4 
B0 06 F1 00 00 00 00 00 00 AD 00 00 B1
[2026-08-20 17:04:47.724]# RECV HEX/66 <<<
26 B3 12 C1 AA 00 3C 13 61 AD 00 34 9D 00 AB 08 D4 11 6E AC 26 80 AD 00 00 B1 06 B9 B5 06 A7 B3 06 97 B1 06 88 B0 06 78 AF 06 63 B0 06 4F B0 06 3F B6 06 38 B1 06 34 B1 06 30 AF 06 2A B4 06 29 15 06
[2026-08-20 17:04:47.734]# RECV HEX/80 <<<
AA 00 39 13 61 AD 00 31 9C 00 AB 12 0A 19 F8 B0 06 2C B1 06 30 B3 06 34 B3 06 32 B2 06 2F B3 06 2F B0 06 2A B3 06 27 B2 06 1F AE 00 00 B1 00 00 A2 01 AC 86 01 A9 80 01 A9 11 B8 AA 00 3C 13 61 AD 00 34 9C 00 AB 1A 93 23 1F 7A 01 A9 69 01 AB
[2026-08-20 17:04:47.745]# RECV HEX/86 <<<
6F 01 AB 5A 01 AA 7A 01 AA 00 00 00 00 00 00 00 00 00 00 00 00 00 00 00 00 00 00 00 00 00 00 00 00 00 00 00 00 00 00 09 EF AA 00 39 13 61 AD 00 31 9B 00 AB 23 BA 2B A4 00 00 00 00 00 00 00 00 00 00 00 00 00 00 00 00 00 00 00 00 00 00 00 00 
00 00 00 00 00 00
[2026-08-20 17:04:47.755]# RECV HEX/73 <<<
00 00 00 00 00 00 00 00 00 00 00 00 05 27 AA 00 39 13 61 AD 00 31 9C 00 AB 2C 3F 34 37 00 00 00 00 00 00 00 00 00 00 00 00 65 00 00 A5 01 CB AC 01 CC AC 01 CE 00 00 00 00 00 00 00 00 00 00 00 00 00 00 00 00 00 00 09 1C
[2026-08-20 17:04:47.766]# RECV HEX/72 <<<
AA 00 3C 13 61 AD 00 34 9B 00 AB 34 D3 3D 58 00 00 00 00 00 00 00 00 00 00 00 00 00 00 00 00 00 00 00 00 00 00 00 00 00 00 00 00 00 00 00 00 00 00 00 00 00 00 00 00 00 00 00 00 00 05 1D AA 00 39 13 61 AD 00 31 9B 00
[2026-08-20 17:04:47.766]# RECV HEX/11 <<<
AB 3D F3 45 D5 00 00 00 00 00 00
[2026-08-20 17:04:47.777]# RECV HEX/79 <<<
00 00 00 00 00 00 00 00 00 00 00 00 00 00 00 00 00 00 00 00 00 00 00 00 00 00 00 00 00 00 00 00 00 00 00 00 05 C5 AA 00 3C 13 61 AD 00 34 9B 00 AB 46 6F 4E EA 00 00 00 00 00 00 00 00 00 00 00 00 00 00 00 00 00 00 B0 00 00 B2 09 B9 00 00
[2026-08-20 17:04:47.787]# RECV HEX/80 <<<
00 B1 00 00 B4 03 57 B1 03 4F 00 00 00 B0 00 00 AC 02 97 0C 49 AA 00 39 13 61 AD 00 31 9A 00 AB 4F 84 57 62 AD 02 94 AD 02 96 B0 02 A2 A7 00 00 48 02 BF 4E 00 00 6F 03 57 00 00 00 5B 00 00 6B 00 00 00 00 00 00 00 00 6A 00 00 A6 02 83 0E 04
[2026-08-20 17:04:47.798]# RECV HEX/62 <<<
AA 00 3C 13 61 AD 00 34 9A 00 AB 57 FC 60 71 8E 02 81 9F 02 90 AE 02 9F AF 02 AB 00 00 00 B2 00 00 B0 02 C6 6C 00 00 00 00 00 00 00 00 00 00 00 00 00 00 AF 00 00 B1 09 29 00 00 00 0E B9
[2026-08-20 17:04:47.798]# RECV HEX/11 <<<
AA 00 39 13 61 AD 00 31 9A 00 AB
[2026-08-20 17:04:47.809]# RECV HEX/83 <<<
61 0A 68 E3 AA 00 00 AF 02 9E 00 00 00 B2 00 00 B1 00 00 A8 00 00 8D 04 26 90 04 12 4A 00 00 57 03 E1 B2 00 00 B2 00 00 B2 03 67 00 00 00 0E 96 AA 00 3C 13 61 AD 00 34 9A 00 AB 69 7D 71 F6 00 00 00 4E 00 00 00 00 00 00 00 00 00 00 00 65 00 
00 B1 04
[2026-08-20 17:04:47.819]# RECV HEX/86 <<<
51 00 00 00 4F 00 00 00 00 00 49 00 00 00 00 00 5B 00 00 00 00 00 48 00 00 08 C1 AA 00 39 13 61 AD 00 31 9C 00 AB 72 91 7A 81 00 00 00 4A 00 00 4E 05 28 00 00 00 8E 00 00 AF 03 7C AF 00 00 B0 03 67 B0 03 66 B0 03 62 B0 03 59 B1 03 4D B0 03 
3F 00 00 00 0E F1
[2026-08-20 17:04:47.830]# RECV HEX/73 <<<
AA 00 3C 13 61 AD 00 34 9B 00 AB 7B 1C 83 9F 00 00 00 B0 00 00 B3 00 00 B3 07 23 B1 07 16 B2 07 0F B3 07 08 B2 06 FA B2 06 ED B2 06 E3 B6 06 DB B3 06 CA B2 06 BD B2 06 B3 B2 06 A9 16 1F AA 00 39 13 61 AD 00 31 9B 00 AB
[2026-08-20 17:04:47.841]# RECV HEX/79 <<<
84 39 8C 1D B1 06 A3 B2 06 9D B3 06 9B B1 06 9B B2 06 9E B1 06 A2 B6 06 A8 B3 06 AA B4 06 A8 AF 06 98 B0 06 82 B2 06 6E B4 06 5F B2 06 59 16 E3 AA 00 3C 13 61 AD 00 34 9B 00 AB 00 17 08 98 B2 06 57 B1 06 55 B2 06 5D B3 06 63 B3 06 69 B2
[2026-08-20 17:04:47.852]# RECV HEX/90 <<<
06 77 B2 06 87 B0 06 9D B2 06 B5 B2 06 D9 00 00 00 00 00 00 74 00 00 AF 26 AC B3 26 63 13 96 AA 00 39 13 61 AD 00 31 9D 00 AB 09 34 11 2F AE 26 C2 B1 00 00 B3 06 AC B1 06 9D B4 06 8E B2 06 7E B1 06 6E B3 06 57 B3 06 44 B1 06 3A B6 06 36 B0 
06 31 AD 06 2B B0 06 29 13 31
[2026-08-20 17:04:47.862]# RECV HEX/62 <<<
AA 00 3C 13 61 AD 00 34 9C 00 AB 11 CB 1A 54 B1 06 2A B1 06 2E B0 06 33 B2 06 30 B1 06 32 B2 06 2F B3 06 2D B0 06 29 B4 06 23 00 00 00 B2 00 00 AA 01 AD 95 01 AA 83 01 A9 81 01 A8 12 76
[2026-08-20 17:04:47.873]# RECV HEX/86 <<<
AA 00 39 13 61 AD 00 31 9C 00 AB 1A EF 22 DD 7C 01 AA 68 01 AA 5E 01 AE A6 01 A7 00 00 00 00 00 00 00 00 00 00 00 00 00 00 00 00 00 00 00 00 00 00 00 00 00 00 00 00 00 00 0A 19 AA 00 39 13 61 AD 00 31 9B 00 AB 23 78 2B 60 00 00 00 00 00 00 
00 00 00 00 00 00
[2026-08-20 17:04:47.883]# RECV HEX/94 <<<
00 00 00 00 00 00 00 00 00 00 00 00 00 00 00 00 00 00 00 00 00 00 00 00 00 00 00 00 00 00 04 A1 AA 00 3C 13 61 AD 00 34 9D 00 AB 2B FB 34 92 00 00 00 00 00 00 00 00 00 00 00 00 00 00 00 97 00 00 AC 01 CD AC 01 CC 67 00 00 00 00 00 00 00 00 
00 00 00 00 00 00 00 00 00 00 00 00 09 60
[2026-08-20 17:04:47.894]# RECV HEX/59 <<<
AA 00 39 13 61 AD 00 31 9B 00 AB 35 2C 3D 14 00 00 00 00 00 00 00 00 00 00 00 00 00 00 00 00 00 00 00 00 00 00 00 00 00 00 00 00 00 00 00 00 00 00 00 00 00 00 00 00 00 00 04 2D
[2026-08-20 17:04:47.904]# RECV HEX/89 <<<
AA 00 3C 13 61 AD 00 34 9B 00 AB 3D AE 46 2E 00 00 00 00 00 00 00 00 00 00 00 00 00 00 00 00 00 00 00 00 00 00 00 00 00 00 00 00 00 00 00 00 00 00 00 00 00 00 00 00 00 00 00 00 00 04 E0 AA 00 39 13 61 AD 00 31 9A 00 AB 46 C8 4E A3 00 00 00 
00 00 00 00 00 00 00 00 00
[2026-08-20 17:04:47.904]# RECV HEX/1 <<<
00
[2026-08-20 17:04:47.915]# RECV HEX/77 <<<
00 00 00 00 00 AF 00 00 AF 09 A6 AF 00 00 AF 03 5C B2 03 53 B2 03 4B 00 00 00 AF 00 00 0B FA AA 00 3C 13 61 AD 00 34 9A 00 AB 4F 3C 57 B0 AE 00 00 AE 02 95 AE 02 9D AF 02 AD 74 02 BA 00 00 00 74 00 00 00 00 00 00 00 00 71 00 00 00
[2026-08-20 17:04:47.925]# RECV HEX/75 <<<
00 00 00 00 00 9D 00 00 81 00 00 98 02 7E 0D FB AA 00 39 13 61 AD 00 31 9A 00 AB 58 49 60 20 87 02 85 AD 00 00 B0 02 A8 AB 02 B4 A7 02 BF B0 02 C1 AF 02 CE 00 00 00 00 00 00 00 00 00 00 00 00 00 00 00 AD 00 00 B2 09 31 0F 04
[2026-08-20 17:04:47.936]# RECV HEX/67 <<<
AA 00 3C 13 61 AD 00 34 9A 00 AB 60 B9 69 29 AF 00 00 AE 02 99 AF 02 A8 00 00 00 B1 00 00 B2 09 DB AF 00 00 9D 04 20 00 00 00 50 00 00 84 00 00 55 03 B5 B1 00 00 78 03 6B 00 00 00 0F AB AA 00 3C 13 61
[2026-08-20 17:04:47.946]# RECV HEX/100 <<<
AD 00 34 9A 00 AB 69 C3 72 34 00 00 00 00 00 00 7D 00 00 AE 05 6E 53 05 DF 78 00 00 A9 00 00 00 00 00 00 00 00 00 00 00 00 00 00 00 00 00 00 00 00 00 00 00 4A 00 00 09 92 AA 00 39 13 61 AD 00 31 9C 00 AB 72 CF 7A BF 4B 00 00 48 05 1C 4B 05 
2F 00 00 00 B0 00 00 87 00 00 AE 03 63 9F 03 65 B0 03 65 B2
[2026-08-20 17:04:47.957]# RECV HEX/76 <<<
03 5F B5 03 56 B2 03 48 B0 03 38 00 00 00 0F 9D AA 00 3C 13 61 AD 00 34 9B 00 AB 7B 5A 83 D6 00 00 00 B1 00 00 B1 00 00 B3 07 1D B2 07 14 B3 07 0C B1 07 02 B3 06 F6 B2 06 E8 B4 06 E1 B2 06 D6 B0 06 C4 B2 06 BA AC 06 AF B2 06 A9
[2026-08-20 17:04:47.967]# RECV HEX/62 <<<
16 5B AA 00 39 13 61 AD 00 31 9B 00 AB 84 71 8C 55 B0 06 A1 B2 06 9C B3 06 9B B1 06 9D B0 06 9C B4 06 A5 B0 06 AB B2 06 AF B5 06 A5 B2 06 90 B3 06 7A B3 06 64 B2 06 5D AF 06 59 17 38 AA
[2026-08-20 17:04:47.978]# RECV HEX/83 <<<
00 39 13 61 AD 00 31 9B 00 AB 00 4F 08 32 B0 06 58 B2 06 57 B2 06 5C B1 06 64 B4 06 6E B2 06 7C B4 06 8D B3 06 A1 B3 06 BF B3 06 E9 00 00 00 00 00 00 B2 00 00 B1 26 A5 12 95 AA 00 3C 13 61 AD 00 34 9D 00 AB 08 CD 11 69 B1 26 79 00 00 00 B2 
00 00 B4
[2026-08-20 17:04:47.988]# RECV HEX/96 <<<
06 A6 B3 06 96 B3 06 87 B2 06 79 AF 06 64 B3 06 50 B3 06 3F B6 06 37 B3 06 34 B3 06 30 B3 06 2A B2 06 29 13 9B AA 00 39 13 61 AD 00 31 9C 00 AB 12 04 19 F1 B2 06 2B AE 06 2F B1 06 34 B1 06 31 B1 06 2F B3 06 2E B1 06 2A B4 06 27 B3 06 1F AF 
00 00 B1 00 00 A6 01 AC 87 01 A9 83 01 A9 11 AD
[2026-08-20 17:04:47.999]# RECV HEX/62 <<<
AA 00 3C 13 61 AD 00 34 9C 00 AB 1A 8C 23 15 7D 01 A9 6B 01 AB 6D 01 AB 58 01 AC 8A 01 A9 00 00 00 00 00 00 00 00 00 00 00 00 00 00 00 00 00 00 00 00 00 00 00 00 00 00 00 00 00 00 09 F0
[2026-08-20 17:04:47.999]# RECV HEX/3 <<<
AA 00 39
[2026-08-20 17:04:48.010]# RECV HEX/82 <<<
13 61 AD 00 31 9C 00 AB 23 AF 2B 9B 00 00 00 00 00 00 00 00 00 00 00 00 00 00 00 00 00 00 00 00 00 00 00 00 00 00 00 00 00 00 00 00 00 00 00 00 00 00 00 00 00 00 05 14 AA 00 39 13 61 AD 00 31 9C 00 AB 2C 36 34 2A 00 00 00 00 00 00 00 00 00 
00 00
[2026-08-20 17:04:48.020]# RECV HEX/91 <<<
00 4F 00 00 A5 01 CB AB 01 CC AC 01 CE 00 00 00 00 00 00 00 00 00 00 00 00 00 00 00 00 00 00 08 EF AA 00 3C 13 61 AD 00 34 9B 00 AB 34 C6 3D 47 00 00 00 00 00 00 00 00 00 00 00 00 00 00 00 00 00 00 00 00 00 00 00 00 00 00 00 00 00 00 00 00 
00 00 00 00 00 00 00 00 00 00 00
[2026-08-20 17:04:48.031]# RECV HEX/63 <<<
00 00 04 FF AA 00 39 13 61 AD 00 31 9B 00 AB 3D E1 45 C1 00 00 00 00 00 00 00 00 00 00 00 00 00 00 00 00 00 00 00 00 00 00 00 00 00 00 00 00 00 00 00 00 00 00 00 00 00 00 00 00 00 00 05 9F
[2026-08-20 17:04:48.041]# RECV HEX/78 <<<
AA 00 3C 13 61 AD 00 34 9A 00 AB 46 5B 4E D2 00 00 00 00 00 00 00 00 00 00 00 00 00 00 00 00 00 00 B0 00 00 B2 09 C3 00 00 00 AE 00 00 B5 03 59 B0 03 50 00 00 00 AE 00 00 AD 02 98 0C 26 AA 00 3C 13 61 AD 00 34 9A 00 AB 4F 6B 57 DE AD
[2026-08-20 17:04:48.052]# RECV HEX/87 <<<
02 95 AE 02 96 AF 02 A0 AC 00 00 5F 00 00 46 00 00 69 00 00 AF 00 00 61 00 00 7C 00 00 00 00 00 00 00 00 80 00 00 9C 02 85 9A 02 82 0F 51 AA 00 39 13 61 AD 00 31 9A 00 AB 58 77 60 4B 92 02 8C AD 00 00 AF 02 AA 00 00 00 AE 00 00 AE 02 C4 AF 
02 D6 00 00 00 00 00
[2026-08-20 17:04:48.062]# RECV HEX/80 <<<
00 00 00 00 00 00 00 00 00 00 B2 00 00 B2 09 3B 0D 6D AA 00 3C 13 61 AD 00 34 9A 00 AB 60 E4 69 54 AE 00 00 AE 02 9C 88 00 00 58 00 00 B0 09 E8 00 00 00 A6 00 00 9F 04 1A 00 00 00 51 00 00 AF 00 00 B2 00 00 B2 03 64 57 03 73 00 00 00 0E F7
[2026-08-20 17:04:48.073]# RECV HEX/60 <<<
AA 00 39 13 61 AD 00 31 9A 00 AB 69 ED 71 BF 4A 00 00 00 00 00 B0 00 00 6A 05 72 48 00 00 B0 00 00 00 00 00 48 00 00 00 00 00 00 00 00 00 00 00 9A 04 52 00 00 00 00 00 00 0A 0B AA
[2026-08-20 17:04:48.083]# RECV HEX/97 <<<
00 3C 13 61 AD 00 34 9B 00 AB 72 58 7A DE 49 00 00 4C 05 12 4C 05 21 52 05 3D 00 00 00 B2 00 00 8B 00 00 AE 03 65 AF 03 64 B0 03 63 B1 03 5E AF 03 52 AE 03 45 B1 03 35 00 00 00 0F C9 AA 00 39 13 61 AD 00 31 9B 00 AB 7B 78 83 59 00 00 00 B0 
00 00 AF 00 00 B3 07 1B B2 07 11 B2 07 0A B1 07 00
[2026-08-20 17:04:48.093]# RECV HEX/78 <<<
B1 06 F4 B3 06 E6 B3 06 DE B4 06 D2 B3 06 C2 B1 06 B8 B0 06 AD 14 7D AA 00 3C 13 61 AD 00 34 9B 00 AB 83 F3 8C 6D AF 06 A8 AE 06 A0 B1 06 9B B2 06 9A B0 06 9D AF 06 9F B1 06 A4 B1 06 AB B2 06 B0 AF 06 9F B0 06 8D B1 06 77 AF 06 65 B0
[2026-08-20 17:04:48.104]# RECV HEX/66 <<<
06 5C B2 06 59 19 13 AA 00 39 13 61 AD 00 31 9B 00 AB 00 67 08 46 B1 06 5B B0 06 58 B3 06 5D B1 06 64 B0 06 71 B1 06 80 AF 06 92 B3 06 A6 B3 06 C6 A9 06 F5 00 00 00 00 00 00 B0 00 00 B0 26 9D 12 CB
[2026-08-20 17:04:48.115]# RECV HEX/82 <<<
AA 00 3C 13 61 AD 00 34 9D 00 AB 08 E1 11 78 AF 26 8F B0 00 00 B2 06 B6 B2 06 A4 B3 06 96 B1 06 85 B1 06 77 B3 06 62 B1 06 4D B0 06 3F B3 06 36 B2 06 34 B0 06 2F B2 06 2A B0 06 29 15 21 AA 00 39 13 61 AD 00 31 9C 00 AB 12 13 1A 01 B0 06 2C 
B2 06
[2026-08-20 17:04:48.125]# RECV HEX/89 <<<
30 B2 06 34 B2 06 31 B3 06 2F B1 06 2D B2 06 2A B2 06 25 B1 06 1E AF 00 00 B1 00 00 A2 01 AC 8A 01 A9 86 01 A9 10 CE AA 00 3C 13 61 AD 00 34 9C 00 AB 1A 9C 23 25 7E 01 A9 65 01 AB 6E 01 AB 5B 01 A9 6D 01 AB 00 00 00 00 00 00 00 00 00 00 00 
00 00 00 00 00 00 00 00 00
[2026-08-20 17:04:48.136]# RECV HEX/71 <<<
00 00 00 00 00 00 00 00 00 00 09 F1 AA 00 39 13 61 AD 00 31 9B 00 AB 23 C0 2B AA 00 00 00 00 00 00 00 00 00 00 00 00 00 00 00 00 00 00 00 00 00 00 00 00 00 00 00 00 00 00 00 00 00 00 00 00 00 00 00 00 00 00 05 33
[2026-08-20 17:04:48.146]# RECV HEX/64 <<<
AA 00 39 13 61 AD 00 31 9B 00 AB 2C 46 34 40 00 00 00 00 00 00 00 00 00 00 00 00 6C 00 00 A5 01 CC AC 01 CC AD 01 CF 00 00 00 00 00 00 00 00 00 00 00 00 00 00 00 00 00 00 09 35 AA 00 3C 13 61
[2026-08-20 17:04:48.146]# RECV HEX/11 <<<
AD 00 34 9B 00 AB 34 DC 3D 5E 00
[2026-08-20 17:04:48.157]# RECV HEX/86 <<<
00 00 00 00 00 00 00 00 00 00 00 00 00 00 00 00 00 00 00 00 00 00 00 00 00 00 00 00 00 00 00 00 00 00 00 00 00 00 00 00 00 00 00 00 05 2C AA 00 39 13 61 AD 00 31 9B 00 AB 3D F8 45 DB 00 00 00 00 00 00 00 00 00 00 00 00 00 00 00 00 00 00 00 
00 00 00 00 00 00
[2026-08-20 17:04:48.167]# RECV HEX/81 <<<
00 00 00 00 00 00 00 00 00 00 00 00 00 00 00 00 00 05 D0 AA 00 3C 13 61 AD 00 34 9B 00 AB 46 75 4E EF 00 00 00 00 00 00 00 00 00 00 00 00 00 00 00 00 00 00 B2 00 00 B0 09 B7 00 00 00 B1 00 00 AF 03 57 B1 03 4F 00 00 00 AF 00 00 AF 02 98 0C 
50
[2026-08-20 17:04:48.178]# RECV HEX/59 <<<
AA 00 39 13 61 AD 00 31 9A 00 AB 4F 89 57 60 AD 02 95 AE 02 97 AF 02 A3 A3 00 00 00 00 00 4F 00 00 6F 03 53 00 00 00 5A 00 00 6B 00 00 00 00 00 00 00 00 6E 00 00 A9 02 83 0D 00
[2026-08-20 17:04:48.188]# RECV HEX/81 <<<
AA 00 3C 13 61 AD 00 34 9A 00 AB 57 F9 60 68 8E 02 81 9D 02 90 AE 02 9F AE 02 AB 4C 00 00 AE 00 00 AE 02 C6 94 00 00 00 00 00 00 00 00 00 00 00 00 00 00 6F 00 00 B3 09 26 00 00 00 0E D7 AA 00 3C 13 61 AD 00 34 9A 00 AB 61 01 69 73 AD 00 00 
AE
[2026-08-20 17:04:48.188]# RECV HEX/11 <<<
02 9D 00 00 00 B0 00 00 B3 00 00
[2026-08-20 17:04:48.199]# RECV HEX/87 <<<
00 00 00 8D 00 00 9E 04 16 00 00 00 58 00 00 B3 00 00 B1 00 00 AF 03 65 49 00 00 00 00 00 0C 7C AA 00 39 13 61 AD 00 31 9A 00 AB 6A 0C 71 E3 4E 00 00 00 00 00 00 00 00 53 00 00 57 00 00 B0 04 4D 00 00 00 50 00 00 00 00 00 4B 00 00 00 00 00 
91 00 00 00 00 00 00
[2026-08-20 17:04:48.209]# RECV HEX/66 <<<
00 00 08 69 AA 00 3C 13 61 AD 00 34 9C 00 AB 72 7D 7B 06 00 00 00 49 00 00 4D 05 23 00 00 00 86 00 00 AF 03 79 B0 00 00 AF 03 66 AF 03 64 B1 03 62 B3 03 5A B1 03 4F AF 03 41 AC 03 31 00 00 00 0F 3B
[2026-08-20 17:04:48.220]# RECV HEX/72 <<<
AA 00 39 13 61 AD 00 31 9B 00 AB 7B A0 83 83 00 00 00 B1 00 00 B1 00 00 B0 07 19 AF 07 11 B3 07 08 B1 06 FC AF 06 F0 B2 06 E4 B1 06 DC B6 06 CD B3 06 BF B2 06 B4 AE 06 AB 15 AA AA 00 3C 13 61 AD 00 34 9B 00 AB 84 1D
[2026-08-20 17:04:48.230]# RECV HEX/99 <<<
8C 98 B2 06 A5 B1 06 9F B1 06 9C B3 06 9B B0 06 9E B2 06 A1 B6 06 A7 B2 06 AB B4 06 AA B3 06 9C B0 06 87 B3 06 72 B3 06 63 B1 06 5A AC 06 59 18 6C AA 00 39 13 61 AD 00 31 9B 00 AB 00 91 08 70 B2 06 5C B1 06 5B B0 06 60 B2 06 67 B4 06 74 B3 
06 84 B4 06 99 B1 06 AF B3 06 D1 5F 07 30 00 00 00 00 00
[2026-08-20 17:04:48.241]# RECV HEX/68 <<<
00 B0 00 00 AE 26 9D 12 44 AA 00 39 13 61 AD 00 31 9D 00 AB 09 0B 11 02 B2 26 8F AE 00 00 B2 06 AF B3 06 9F B3 06 91 B2 06 81 B1 06 73 B2 06 5C B0 06 49 B4 06 3D B5 06 37 B3 06 31 AE 06 2C AE 06 2A 12 C9
[2026-08-20 17:04:48.251]# RECV HEX/77 <<<
AA 00 3C 13 61 AD 00 34 9C 00 AB 11 9E 1A 29 B2 06 28 B2 06 2C AF 06 30 B3 06 33 B1 06 31 B2 06 2D B3 06 2E B4 06 29 B2 06 24 00 00 00 AF 00 00 B2 01 AE 98 01 AB 87 01 A9 85 01 A9 12 30 AA 00 39 13 61 AD 00 31 9C 00 AB 1A C4 22 B1
[2026-08-20 17:04:48.262]# RECV HEX/78 <<<
83 01 AA 60 01 AA 68 01 AD 84 01 A6 00 00 00 00 00 00 00 00 00 00 00 00 00 00 00 00 00 00 00 00 00 00 00 00 00 00 00 00 00 00 09 A7 AA 00 3C 13 61 AD 00 34 9B 00 AB 23 4C 2B D1 00 00 00 00 00 00 00 00 00 00 00 00 00 00 00 00 00 00 00
[2026-08-20 17:04:48.272]# RECV HEX/87 <<<
00 00 00 00 00 00 00 00 00 00 00 00 00 00 00 00 00 00 00 00 00 00 00 00 00 00 04 EC AA 00 39 13 61 AD 00 31 9D 00 AB 2C 6D 34 68 00 00 00 00 00 00 00 00 00 00 00 00 95 00 00 AB 01 CB AD 01 CB AF 01 D2 00 00 00 00 00 00 00 00 00 00 00 00 00 
00 00 00 00 00 09 B9
[2026-08-20 17:04:48.283]# RECV HEX/59 <<<
AA 00 39 13 61 AD 00 31 9B 00 AB 35 03 3C EC 00 00 00 00 00 00 00 00 00 00 00 00 00 00 00 00 00 00 00 00 00 00 00 00 00 00 00 00 00 00 00 00 00 00 00 00 00 00 00 00 00 00 04 DB
[2026-08-20 17:04:48.293]# RECV HEX/91 <<<
AA 00 3C 13 61 AD 00 34 9B 00 AB 3D 87 46 06 00 00 00 00 00 00 00 00 00 00 00 00 00 00 00 00 00 00 00 00 00 00 00 00 00 00 00 00 00 00 00 00 00 00 00 00 00 00 00 00 00 00 00 00 00 04 91 AA 00 39 13 61 AD 00 31 9B 00 AB 46 A0 4E 82 00 00 00 
00 00 00 00 00 00 00 00 00 00 00
[2026-08-20 17:04:48.304]# RECV HEX/84 <<<
00 00 00 00 B0 00 00 AF 09 AB AF 00 00 B0 03 5E B1 03 55 B1 03 4C 00 00 00 B0 00 00 0B BD AA 00 3C 13 61 AD 00 34 9A 00 AB 4F 1C 57 92 B2 00 00 AE 02 95 AD 02 99 AF 02 A7 92 02 B6 5D 00 00 6A 00 00 9E 00 00 00 00 00 61 00 00 00 00 00 00 00 
00 00 00 00
[2026-08-20 17:04:48.314]# RECV HEX/70 <<<
77 00 00 93 02 7C 0E 03 AA 00 3C 13 61 AD 00 34 9A 00 AB 58 2C 60 9D 8A 02 83 AE 00 00 B0 02 A5 AB 02 AF 6F 02 C0 B1 02 BE AE 02 CA 00 00 00 00 00 00 00 00 00 4D 00 00 00 00 00 B0 00 00 B1 09 30 00 00 00 0F 74
[2026-08-20 17:04:48.325]# RECV HEX/72 <<<
AA 00 39 13 61 AD 00 31 9A 00 AB 61 37 69 0E AE 00 00 AE 02 A3 00 00 00 B3 00 00 B1 00 00 B1 00 00 9B 04 22 67 00 00 4F 00 00 4F 03 E2 B3 00 00 AF 00 00 A0 03 68 00 00 00 0D B7 AA 00 3C 13 61 AD 00 34 9A 00 AB 69 A7
[2026-08-20 17:04:48.335]# RECV HEX/98 <<<
72 19 00 00 00 00 00 00 00 00 00 B0 00 00 55 05 E2 5D 00 00 B1 04 5D 00 00 00 00 00 00 00 00 00 00 00 00 00 00 00 00 00 00 00 00 00 48 00 00 08 BE AA 00 39 13 61 AD 00 31 9B 00 AB 72 B4 7A 9D 00 00 00 4B 00 00 4C 05 2A 00 00 00 AC 00 00 A6 
03 71 B0 03 5F AF 03 5F AF 03 64 B0 00 00 B0 00 00 B0
[2026-08-20 17:04:48.346]# RECV HEX/72 <<<
03 4A B2 03 3B 00 00 00 0E CA AA 00 3C 13 61 AD 00 34 9B 00 AB 7B 38 83 B2 00 00 00 B1 00 00 B4 00 00 B0 07 22 B1 07 14 B4 07 0D B1 07 06 B2 06 F8 B2 06 EB B1 06 E3 B5 06 D8 B2 06 C8 B1 06 BC AD 06 B1 B3 06 AA 16 33
[2026-08-20 17:04:48.356]# RECV HEX/67 <<<
AA 00 39 13 61 AD 00 31 9B 00 AB 84 4C 8C 2B B2 06 A2 B2 06 9D B2 06 9C B2 06 9C B1 06 9E B1 06 A4 B1 06 A9 B1 06 AC B4 06 A9 B3 06 96 B3 06 80 B6 06 6B B1 06 60 B1 06 5B 17 07 AA 00 3C 13 61 AD 00 34
[2026-08-20 17:04:48.367]# RECV HEX/87 <<<
9B 00 AB 00 25 08 9F AE 06 58 B1 06 56 B3 06 5E B3 06 64 B4 06 6B B2 06 7B B3 06 8B B3 06 A0 B1 06 BB B2 06 E2 00 00 00 00 00 00 9A 00 00 B1 26 BB B1 26 63 14 01 AA 00 39 13 61 AD 00 31 9C 00 AB 09 3A 11 30 B1 26 AC B2 00 00 B4 06 AA B3 06 
99 B4 06 8B B1 06 7A
[2026-08-20 17:04:48.377]# RECV HEX/88 <<<
B2 06 6C B3 06 55 B0 06 43 B3 06 3A B3 06 35 B3 06 30 AE 06 29 B0 06 28 13 11 AA 00 3C 13 61 AD 00 34 9B 00 AB 11 CB 1A 4F AE 06 28 B3 06 2C B2 06 30 B3 06 2F B1 06 2F B2 06 2C B3 06 2B B2 06 27 B0 06 22 00 00 00 B1 00 00 AB 01 AD 92 01 A9 
84 01 A9 7D 01 A8 12 56
[2026-08-20 17:04:48.388]# RECV HEX/59 <<<
AA 00 39 13 61 AD 00 31 9B 00 AB 1A EA 22 D2 7E 01 AA 66 01 AA 5F 01 AE A0 01 A6 00 00 00 00 00 00 00 00 00 00 00 00 00 00 00 00 00 00 00 00 00 00 00 00 00 00 00 00 00 00 0A 02
[2026-08-20 17:04:48.398]# RECV HEX/91 <<<
AA 00 3C 13 61 AD 00 34 9B 00 AB 23 6D 2B ED 00 00 00 00 00 00 00 00 00 00 00 00 00 00 00 00 00 00 00 00 00 00 00 00 00 00 00 00 00 00 00 00 00 00 00 00 00 00 00 00 00 00 00 00 00 05 29 AA 00 39 13 61 AD 00 31 9C 00 AB 2C 88 34 7C 00 00 00 
00 00 00 00 00 00 00 00 00 95 00
[2026-08-20 17:04:48.409]# RECV HEX/82 <<<
00 AD 01 CC AC 01 CC AE 01 D6 00 00 00 00 00 00 00 00 00 00 00 00 00 00 00 00 00 00 09 ED AA 00 39 13 61 AD 00 31 9B 00 AB 35 17 3C FC 00 00 00 00 00 00 00 00 00 00 00 00 00 00 00 00 00 00 00 00 00 00 00 00 00 00 00 00 00 00 00 00 00 00 00 
00 00
[2026-08-20 17:04:48.419]# RECV HEX/69 <<<
00 00 00 00 00 04 FF AA 00 3C 13 61 AD 00 34 9B 00 AB 3D 97 46 11 00 00 00 00 00 00 00 00 00 00 00 00 00 00 00 00 00 00 00 00 00 00 00 00 00 00 00 00 00 00 00 00 00 00 00 00 00 00 00 00 00 00 00 00 00 04 AC
[2026-08-20 17:04:48.430]# RECV HEX/72 <<<
AA 00 39 13 61 AD 00 31 9B 00 AB 46 AB 4E 88 00 00 00 00 00 00 00 00 00 00 00 00 00 00 00 00 00 00 B2 00 00 B1 09 AA B0 00 00 B2 03 5E B3 03 55 B1 03 4C 00 00 00 AE 00 00 0B D4 AA 00 3C 13 61 AD 00 34 9A 00 AB 4F 22
[2026-08-20 17:04:48.431]# RECV HEX/11 <<<
57 9A B0 00 00 AE 02 95 AE 02 9B
[2026-08-20 17:04:48.441]# RECV HEX/91 <<<
B0 02 A9 85 02 B7 60 00 00 67 00 00 00 00 00 00 00 00 60 00 00 00 00 00 00 00 00 00 00 00 7A 00 00 94 02 7D 0D 6F AA 00 3C 13 61 AD 00 34 9A 00 AB 58 33 60 A3 87 02 84 AD 00 00 B0 02 A6 A9 02 AF 87 02 BD AE 02 BF AE 02 CB 00 00 00 00 00 00 
00 00 00 4A 00 00 00 00 00 B0 00
[2026-08-20 17:04:48.452]# RECV HEX/68 <<<
00 B1 09 30 AE 00 00 10 3C AA 00 39 13 61 AD 00 31 9A 00 AB 61 3C 69 15 AD 02 97 AD 02 A4 00 00 00 B2 00 00 AF 00 00 B1 00 00 9C 04 22 66 00 00 4F 00 00 4C 03 E1 B4 00 00 AE 00 00 9D 03 68 00 00 00 0E 51
[2026-08-20 17:04:48.462]# RECV HEX/82 <<<
AA 00 3C 13 61 AD 00 34 9A 00 AB 69 AE 72 22 00 00 00 00 00 00 00 00 00 B1 00 00 59 05 E2 57 00 00 B0 04 60 00 00 00 00 00 00 00 00 00 00 00 00 00 00 00 00 00 00 00 00 00 48 00 00 08 CF AA 00 39 13 61 AD 00 31 9C 00 AB 72 BC 7A A8 00 00 00 
4B 00
[2026-08-20 17:04:48.473]# RECV HEX/76 <<<
00 4A 05 2A 00 00 00 AE 00 00 7F 00 00 AF 03 5E A7 03 5A B2 03 61 B2 03 5E B3 03 56 B1 03 49 B2 03 3A 00 00 00 0E F2 AA 00 3C 13 61 AD 00 34 9B 00 AB 7B 42 83 C0 00 00 00 AE 00 00 B2 00 00 B1 07 22 B2 07 14 B2 07 0D B2 07 04 B2
[2026-08-20 17:04:48.483]# RECV HEX/84 <<<
06 F7 B2 06 E9 AF 06 E2 AF 06 D8 B2 06 C6 B2 06 BB B2 06 B0 B4 06 A9 16 3B AA 00 39 13 61 AD 00 31 9A 00 AB 84 5A 8C 36 AC 06 A2 B2 06 9C B2 06 9C B2 06 9C B1 06 9E B2 06 A4 B4 06 AA B1 06 AE B3 06 A8 B3 06 93 B1 06 7E AF 06 68 B1 06 5F B2 
06 5A 17 0B
[2026-08-20 17:04:48.494]# RECV HEX/65 <<<
AA 00 3C 13 61 AD 00 34 9B 00 AB 00 30 08 AC B1 06 58 AF 06 55 B3 06 5C B3 06 65 B3 06 6D AF 06 7B B3 06 8D B1 06 A1 B2 06 BE B2 06 E7 00 00 00 00 00 00 AC 00 00 AF 26 BB B2 26 72 14 40 AA 00 39
[2026-08-20 17:04:48.504]# RECV HEX/89 <<<
13 61 AD 00 31 9C 00 AB 09 47 11 3C 00 00 00 B2 00 00 B4 06 A5 B3 06 95 B1 06 86 B2 06 77 B2 06 68 B2 06 51 B2 06 3F B3 06 38 B1 06 33 B1 06 2E B1 06 27 B3 06 26 11 81 AA 00 3C 13 61 AD 00 34 9B 00 AB 11 D7 1A 5B B0 06 27 B2 06 29 B3 06 2F 
B2 06 2B B2 06 2D B3 06 29
[2026-08-20 17:04:48.515]# RECV HEX/87 <<<
B1 06 28 B2 06 25 B1 06 1F B0 00 00 B0 00 00 A6 01 AD 90 01 A9 86 01 A9 7B 01 A8 13 02 AA 00 39 13 61 AD 00 31 9B 00 AB 1A F6 22 E1 7C 01 AA 66 01 AA 5B 01 AE A2 01 A7 00 00 00 00 00 00 00 00 00 00 00 00 00 00 00 00 00 00 00 00 00 00 00 00 
00 00 00 00 00 00 0A
[2026-08-20 17:04:48.525]# RECV HEX/60 <<<
1A AA 00 39 13 61 AD 00 31 9B 00 AB 23 7B 2B 61 00 00 00 00 00 00 00 00 00 00 00 00 00 00 00 00 00 00 00 00 00 00 00 00 00 00 00 00 00 00 00 00 00 00 00 00 00 00 00 00 00 00 04 A5
[2026-08-20 17:04:48.536]# RECV HEX/84 <<<
AA 00 3C 13 61 AD 00 34 9C 00 AB 2B FC 34 8B 00 00 00 00 00 00 00 00 00 00 00 00 00 00 00 96 00 00 AC 01 CD AB 01 CC 74 00 00 00 00 00 00 00 00 00 00 00 00 00 00 00 00 00 00 00 00 09 64 AA 00 39 13 61 AD 00 31 9C 00 AB 35 26 3D 0A 00 00 00 
00 00 00 00
[2026-08-20 17:04:48.546]# RECV HEX/87 <<<
00 00 00 00 00 00 00 00 00 00 00 00 00 00 00 00 00 00 00 00 00 00 00 00 00 00 00 00 00 00 00 00 00 00 00 04 1E AA 00 3C 13 61 AD 00 34 9B 00 AB 3D A4 46 22 00 00 00 00 00 00 00 00 00 00 00 00 00 00 00 00 00 00 00 00 00 00 00 00 00 00 00 00 
00 00 00 00 00 00 00
[2026-08-20 17:04:48.546]# RECV HEX/5 <<<
00 00 00 00 00
[2026-08-20 17:04:48.557]# RECV HEX/66 <<<
00 00 00 00 00 04 CA AA 00 39 13 61 AD 00 31 9A 00 AB 46 BB 4E 96 00 00 00 00 00 00 00 00 00 00 00 00 00 00 00 00 00 00 B0 00 00 B0 09 A7 B0 00 00 B2 03 5C B4 03 54 B3 03 4B 00 00 00 AF 00 00 0B EB
[2026-08-20 17:04:48.567]# RECV HEX/74 <<<
AA 00 3C 13 61 AD 00 34 9A 00 AB 4F 2F 57 A6 AF 00 00 AE 02 95 AF 02 9B AE 02 AA 83 02 B8 49 00 00 8B 00 00 00 00 00 00 00 00 68 00 00 00 00 00 00 00 00 98 00 00 78 00 00 97 02 7D 0E 34 AA 00 39 13 61 AD 00 31 9A 00 AB 58
[2026-08-20 17:04:48.578]# RECV HEX/84 <<<
3F 60 16 86 02 84 AC 00 00 AF 02 A7 AA 02 B3 9A 02 BD AF 02 C0 AF 02 CD 00 00 00 00 00 00 00 00 00 00 00 00 00 00 00 B3 00 00 B0 09 30 0E DA AA 00 3C 13 61 AD 00 34 9A 00 AB 60 AF 69 24 B2 00 00 AD 02 99 AD 02 A7 00 00 00 B2 00 00 00 00 00 
AF 00 00 9B
[2026-08-20 17:04:48.589]# RECV HEX/87 <<<
04 1E 4E 00 00 4F 03 D3 5A 03 C6 6F 03 B2 B1 00 00 99 03 69 00 00 00 0F FA AA 00 3C 13 61 AD 00 34 9A 00 AB 69 BD 72 33 4C 00 00 00 00 00 5E 00 00 B1 05 6E 54 05 E4 85 00 00 AA 00 00 00 00 00 00 00 00 00 00 00 00 00 00 00 00 00 00 00 00 00 
00 00 49 00 00 09 CE
[2026-08-20 17:04:48.599]# RECV HEX/66 <<<
AA 00 39 13 61 AD 00 31 9C 00 AB 72 CE 7A BE 49 00 00 4B 05 22 4A 05 2E 00 00 00 AF 00 00 6F 00 00 B0 03 60 92 03 5A B1 03 62 AF 03 5D B3 03 55 B1 03 47 AF 03 38 00 00 00 0F 61 AA 00 39 13 61 AD 00
[2026-08-20 17:04:48.610]# RECV HEX/84 <<<
31 9B 00 AB 7B 59 83 3E 00 00 00 B2 00 00 B1 00 00 B3 07 1F B1 07 14 B3 07 0B B0 07 02 B3 06 F6 B0 06 E8 B3 06 E1 B4 06 D5 B6 06 C2 B2 06 B8 B1 06 AE 14 5F AA 00 3C 13 61 AD 00 34 9B 00 AB 83 D8 8C 57 B3 06 A8 B0 06 A0 B3 06 9B B3 06 9A B1 
06 9C B2 06
[2026-08-20 17:04:48.620]# RECV HEX/89 <<<
9D B3 06 A3 B4 06 A9 AF 06 AF B3 06 A1 B4 06 8E B3 06 79 B3 06 64 B0 06 5C AC 06 59 18 F6 AA 00 39 13 61 AD 00 31 9B 00 AB 00 51 08 33 B2 06 59 B0 06 57 B3 06 5C AF 06 66 B4 06 6E AF 06 7D B2 06 8F B4 06 A5 B6 06 C4 A4 06 F7 00 00 00 00 00 
00 B1 00 00 AE 26 96 12 91
[2026-08-20 17:04:48.631]# RECV HEX/62 <<<
AA 00 3C 13 61 AD 00 34 9D 00 AB 08 CE 11 69 B0 26 80 A8 00 00 B2 06 B3 B2 06 9E B3 06 8E B1 06 7D B2 06 70 B2 06 5E B4 06 4A B3 06 3A B4 06 31 B1 06 2F AE 06 2A B3 06 25 AD 06 24 14 A6
[2026-08-20 17:04:48.641]# RECV HEX/76 <<<
AA 00 39 13 61 AD 00 31 9B 00 AB 12 04 19 EE B2 06 25 B2 06 28 B3 06 2D B1 06 28 B0 06 28 B1 06 27 B3 06 24 B0 06 22 B2 06 1C AF 00 00 AF 00 00 A3 01 AC 88 01 A9 83 01 A9 11 6C AA 00 3C 13 61 AD 00 34 9C 00 AB 1A 89 23 12 7B 01
[2026-08-20 17:04:48.641]# RECV HEX/11 <<<
A9 6A 01 AB 6D 01 AB 57 01 AC 8B
[2026-08-20 17:04:48.652]# RECV HEX/87 <<<
01 A9 00 00 00 00 00 00 00 00 00 00 00 00 00 00 00 00 00 00 00 00 00 00 00 00 00 00 00 00 00 00 09 E7 AA 00 39 13 61 AD 00 31 9B 00 AB 23 AD 2B 94 00 00 00 00 00 00 00 00 00 00 00 00 00 00 00 00 00 00 00 00 00 00 00 00 00 00 00 00 00 00 00 
00 00 00 00 00 00 00
[2026-08-20 17:04:48.652]# RECV HEX/6 <<<
00 00 00 00 05 0A
[2026-08-20 17:04:48.663]# RECV HEX/59 <<<
AA 00 39 13 61 AD 00 31 9C 00 AB 2C 2F 34 26 00 00 00 00 00 00 00 00 00 00 00 00 00 00 00 A6 00 00 AC 01 CC AC 01 CE 00 00 00 00 00 00 00 00 00 00 00 00 00 00 00 00 00 00 07 CB
[2026-08-20 17:04:48.673]# RECV HEX/90 <<<
AA 00 3C 13 61 AD 00 34 9B 00 AB 34 C2 3D 45 00 00 00 00 00 00 00 00 00 00 00 00 00 00 00 00 00 00 00 00 00 00 00 00 00 00 00 00 00 00 00 00 00 00 00 00 00 00 00 00 00 00 00 00 00 04 F9 AA 00 39 13 61 AD 00 31 9B 00 AB 3D DF 45 C3 00 00 00 
00 00 00 00 00 00 00 00 00 00
[2026-08-20 17:04:48.684]# RECV HEX/79 <<<
00 00 00 00 00 00 00 00 00 00 00 00 00 00 00 00 00 00 00 00 00 00 00 00 00 00 00 00 00 05 9F AA 00 3C 13 61 AD 00 34 9A 00 AB 46 5D 4E D4 00 00 00 00 00 00 00 00 00 00 00 00 00 00 00 00 00 00 B2 00 00 AF 09 C0 00 00 00 B0 00 00 B3 03 59
[2026-08-20 17:04:48.694]# RECV HEX/76 <<<
B1 03 50 00 00 00 B0 00 00 AD 02 98 0C 29 AA 00 3C 13 61 AD 00 34 9A 00 AB 4F 6E 57 DF AD 02 95 AF 02 96 B0 02 A0 AC 00 00 5C 00 00 48 00 00 6A 00 00 00 00 00 60 00 00 76 00 00 00 00 00 00 00 00 77 00 00 A2 02 86 98 02 82 0E 9D
[2026-08-20 17:04:48.705]# RECV HEX/66 <<<
AA 00 39 13 61 AD 00 31 9A 00 AB 58 79 60 50 95 02 8C AB 00 00 AF 02 AA 00 00 00 AF 00 00 AE 02 C4 AD 00 00 00 00 00 00 00 00 00 00 00 00 00 00 00 00 00 B4 00 00 AE 09 3E 0C 9D AA 00 3C 13 61 AD 00
[2026-08-20 17:04:48.715]# RECV HEX/86 <<<
34 9A 00 AB 60 E9 69 5C AC 00 00 AC 02 9C 52 00 00 AF 00 00 B0 09 EA 00 00 00 A2 00 00 91 04 17 4D 00 00 51 03 DD B3 00 00 B0 00 00 AD 03 64 5D 03 73 00 00 00 10 3E AA 00 39 13 61 AD 00 31 9A 00 AB 69 F6 71 CE 4B 00 00 00 00 00 00 00 00 64 
00 00 4A 00 00 B2
[2026-08-20 17:04:48.715]# RECV HEX/12 <<<
00 00 00 00 00 4B 00 00 00 00 00 4A
[2026-08-20 17:04:48.726]# RECV HEX/78 <<<
00 00 00 00 00 A3 04 53 00 00 00 00 00 00 09 52 AA 00 3C 13 61 AD 00 34 9C 00 AB 72 68 7A F5 00 00 00 49 00 00 4B 05 22 96 05 27 6A 00 00 AF 03 77 AA 00 00 AE 03 64 B2 03 61 B1 03 61 B1 03 5B B1 03 50 B2 03 42 B1 03 32 00 00 00 10 B5
[2026-08-20 17:04:48.736]# RECV HEX/61 <<<
AA 00 39 13 61 AD 00 31 9B 00 AB 7B 8F 83 74 00 00 00 B1 00 00 B2 00 00 B3 07 1A B3 07 11 B4 07 09 B3 06 FD B1 06 F1 B1 06 E5 B0 06 DD B4 06 CF B6 06 C0 B2 06 B4 B3 06 AA 15 A3 AA 00
[2026-08-20 17:04:48.747]# RECV HEX/87 <<<
3C 13 61 AD 00 34 9B 00 AB 84 0F 8C 91 B4 06 A5 AE 06 9E B0 06 9B B2 06 99 B2 06 9C B0 06 9D B4 06 A4 B3 06 A8 B6 06 A8 B1 06 9B B1 06 85 B3 06 70 AD 06 61 B0 06 58 B1 06 57 18 35 AA 00 39 13 61 AD 00 31 9B 00 AB 00 8B 08 6D B2 06 5A B2 06 
57 B3 06 5E B2 06 66
[2026-08-20 17:04:48.757]# RECV HEX/91 <<<
B3 06 72 B2 06 82 B0 06 98 AF 06 AF B1 06 D3 4A 07 2E 00 00 00 64 00 00 B3 27 2A AE 26 96 12 C3 AA 00 39 13 61 AD 00 31 9B 00 AB 09 08 11 06 AC 26 80 B2 00 00 B6 06 A8 B2 06 96 B4 06 86 B3 06 75 B1 06 68 B3 06 54 B0 06 41 B1 06 35 AF 06 2D 
AE 06 2A AF 06 25 B0 06 22 12 48
[2026-08-20 17:04:48.768]# RECV HEX/62 <<<
AA 00 3C 13 61 AD 00 34 9C 00 AB 11 A2 1A 2E AC 06 20 B0 06 23 B3 06 26 B2 06 2A B3 06 27 B3 06 24 B3 06 25 B1 06 21 B1 06 1D 00 00 00 B3 00 00 B1 01 AE 9E 01 AA 86 01 A9 80 01 A8 11 E5
[2026-08-20 17:04:48.779]# RECV HEX/82 <<<
AA 00 39 13 61 AD 00 31 9C 00 AB 1A C9 22 B4 81 01 AA 63 01 AA 69 01 AD 83 01 A6 00 00 00 00 00 00 00 00 00 00 00 00 00 00 00 00 00 00 00 00 00 00 00 00 00 00 00 00 00 00 09 B0 AA 00 3C 13 61 AD 00 34 9C 00 AB 23 4F 2B DA 00 00 00 00 00 00 
00 00
[2026-08-20 17:04:48.789]# RECV HEX/98 <<<
00 00 00 00 00 00 00 00 00 00 00 00 00 00 00 00 00 00 00 00 00 00 00 00 00 00 00 00 00 00 00 00 00 00 00 00 00 04 F9 AA 00 39 13 61 AD 00 31 9C 00 AB 2C 76 34 6D 00 00 00 00 00 00 00 00 00 00 00 00 9A 00 00 AB 01 CC AC 01 CC AD 01 D4 00 00 
00 00 00 00 00 00 00 00 00 00 00 00 00 00 00 00 09 CC
[2026-08-20 17:04:48.800]# RECV HEX/59 <<<
AA 00 39 13 61 AD 00 31 9B 00 AB 35 09 3C F0 00 00 00 00 00 00 00 00 00 00 00 00 00 00 00 00 00 00 00 00 00 00 00 00 00 00 00 00 00 00 00 00 00 00 00 00 00 00 00 00 00 00 04 E5
[2026-08-20 17:04:48.810]# RECV HEX/80 <<<
AA 00 3C 13 61 AD 00 34 9B 00 AB 3D 8B 46 0A 00 00 00 00 00 00 00 00 00 00 00 00 00 00 00 00 00 00 00 00 00 00 00 00 00 00 00 00 00 00 00 00 00 00 00 00 00 00 00 00 00 00 00 00 00 04 99 AA 00 39 13 61 AD 00 31 9B 00 AB 46 A4 4E 85 00 00 00
[2026-08-20 17:04:48.821]# RECV HEX/83 <<<
00 00 00 00 00 00 00 00 00 00 00 00 00 00 00 B0 00 00 B0 09 AA B0 00 00 AF 03 5E B4 03 54 B3 03 4C 00 00 00 B0 00 00 0B C8 AA 00 3C 13 61 AD 00 34 9A 00 AB 4F 1F 57 97 B0 00 00 AE 02 94 AE 02 99 B0 02 A7 92 02 B6 52 00 00 7A 00 00 AD 00 00 
00 00 00
[2026-08-20 17:04:48.831]# RECV HEX/81 <<<
62 00 00 AE 02 F2 00 00 00 00 00 00 74 00 00 93 02 7C 0F BE AA 00 3C 13 61 AD 00 34 9A 00 AB 58 31 60 A4 8B 02 82 AC 00 00 B0 02 A5 AD 02 B0 7C 02 C1 B0 02 BF B0 02 CB 00 00 00 00 00 00 00 00 00 00 00 00 00 00 00 B2 00 00 B0 09 2F B0 00 00 
0F
[2026-08-20 17:04:48.841]# RECV HEX/61 <<<
F5 AA 00 39 13 61 AD 00 31 9A 00 AB 61 3E 69 19 AC 02 97 AD 02 A5 00 00 00 B2 00 00 AF 00 00 AD 00 00 9D 04 1E 57 00 00 4D 00 00 4D 03 E0 A2 00 00 B2 00 00 A2 03 69 00 00 00 0E 37 AA
[2026-08-20 17:04:48.852]# RECV HEX/88 <<<
00 3C 13 61 AD 00 34 9A 00 AB 69 B3 72 26 00 00 00 00 00 00 00 00 00 B2 00 00 5B 05 E3 5E 00 00 B0 04 61 00 00 00 00 00 00 00 00 00 00 00 00 00 00 00 00 00 00 00 00 00 4A 00 00 08 E6 AA 00 39 13 61 AD 00 31 9C 00 AB 72 C1 7A AF 00 00 00 4B 
00 00 49 05 2C 00 00 00
[2026-08-20 17:04:48.863]# RECV HEX/88 <<<
B2 00 00 7C 00 00 B0 03 5E A0 03 59 B1 03 61 B2 03 5E B4 03 55 AE 03 48 AF 03 39 00 00 00 0E F0 AA 00 3C 13 61 AD 00 34 9B 00 AB 7B 49 83 CA 00 00 00 B1 00 00 B3 00 00 B3 07 22 AF 07 14 B3 07 0C AF 07 03 B2 06 F4 B1 06 E8 B3 06 DF B3 06 D5 
B4 06 C3 AF 06 B7 AE 06
[2026-08-20 17:04:48.873]# RECV HEX/65 <<<
AD AD 06 A7 16 30 AA 00 39 13 61 AD 00 31 9B 00 AB 84 64 8C 49 B2 06 9F AF 06 9A B2 06 98 B2 06 9A B3 06 9A B0 06 A0 B4 06 A6 B2 06 AB B2 06 A2 B4 06 8C B3 06 77 B3 06 61 B2 06 5A AF 06 56 16 F3
[2026-08-20 17:04:48.884]# RECV HEX/83 <<<
AA 00 3C 13 61 AD 00 34 9B 00 AB 00 43 08 C4 B0 06 55 B2 06 54 B3 06 59 B3 06 62 B3 06 6A B0 06 79 B3 06 8B B2 06 A0 B2 06 BF A8 06 F4 00 00 00 00 00 00 AC 00 00 AB 26 BB B4 26 55 14 42 AA 00 39 13 61 AD 00 31 9D 00 AB 09 60 11 5C 00 00 00 
B1 00 00
[2026-08-20 17:04:48.884]# RECV HEX/12 <<<
B1 06 9A B4 06 89 B2 06 78 B0 06 6A
[2026-08-20 17:04:48.895]# RECV HEX/84 <<<
B1 06 5A B2 06 46 B0 06 36 B0 06 2E B3 06 2A B2 06 25 B2 06 1F B0 06 1E 11 32 AA 00 39 13 61 AD 00 31 9C 00 AB 11 F8 19 EC AE 06 1E B3 06 21 B3 06 25 B3 06 23 B1 06 25 B2 06 22 B3 06 21 B2 06 1E B1 06 19 AE 00 00 B0 00 00 A7 01 AD 8D 01 A9 
89 01 A9 12
[2026-08-20 17:04:48.905]# RECV HEX/63 <<<
43 AA 00 3C 13 61 AD 00 34 9C 00 AB 1A 87 23 17 7B 01 A9 70 01 AB 70 01 AB 58 01 AC 98 01 A8 00 00 00 00 00 00 00 00 00 00 00 00 00 00 00 00 00 00 00 00 00 00 00 00 00 00 00 00 00 00 0A 00
[2026-08-20 17:04:48.916]# RECV HEX/81 <<<
AA 00 39 13 61 AD 00 31 9C 00 AB 23 B2 2B 9E 00 00 00 00 00 00 00 00 00 00 00 00 00 00 00 00 00 00 00 00 00 00 00 00 00 00 00 00 00 00 00 00 00 00 00 00 00 00 00 00 00 00 05 1A AA 00 39 13 61 AD 00 31 9D 00 AB 2C 3A 34 39 00 00 00 00 00 00 
00
[2026-08-20 17:04:48.926]# RECV HEX/91 <<<
00 00 00 00 00 58 00 00 A7 01 CC AC 01 CC AC 01 CE 00 00 00 00 00 00 00 00 00 00 00 00 00 00 00 00 00 00 09 10 AA 00 3C 13 61 AD 00 34 9B 00 AB 34 D5 3D 5C 00 00 00 00 00 00 00 00 00 00 00 00 00 00 00 00 00 00 00 00 00 00 00 00 00 00 00 00 
00 00 00 00 00 00 00 00 00 00 00
[2026-08-20 17:04:48.937]# RECV HEX/67 <<<
00 00 00 00 00 00 05 23 AA 00 39 13 61 AD 00 31 9B 00 AB 3D F6 45 DD 00 00 00 00 00 00 00 00 00 00 00 00 00 00 00 00 00 00 00 00 00 00 00 00 00 00 00 00 00 00 00 00 00 00 00 00 00 00 00 00 00 00 05 D0
[2026-08-20 17:04:48.947]# RECV HEX/68 <<<
AA 00 3C 13 61 AD 00 34 9B 00 AB 46 77 4E F6 00 00 00 00 00 00 00 00 00 00 00 00 00 00 00 00 00 00 B1 00 00 B1 09 B7 00 00 00 B1 00 00 B2 03 57 B1 03 4E 00 00 00 AF 00 00 AF 02 97 0C 5A AA 00 39 13 61 AD
[2026-08-20 17:04:48.957]# RECV HEX/91 <<<
00 31 9A 00 AB 4F 90 57 6C AC 02 94 AE 02 96 AF 02 A2 A4 00 00 46 02 BF 4D 00 00 73 03 59 00 00 00 5D 00 00 73 00 00 00 00 00 00 00 00 6A 00 00 A2 02 84 0E 20 AA 00 3C 13 61 AD 00 34 9A 00 AB 58 05 60 78 8C 02 81 A2 02 91 AD 02 A0 AF 02 AD 
49 00 00 B0 00 00 AC 02 C7 4D 00
[2026-08-20 17:04:48.968]# RECV HEX/80 <<<
00 00 00 00 00 00 00 00 00 00 00 00 00 B4 00 00 B2 09 2B 00 00 00 0D FB AA 00 39 13 61 AD 00 31 9A 00 AB 61 11 68 E8 AC 00 00 AD 02 9F 00 00 00 B4 00 00 B3 00 00 AB 00 00 8D 04 20 7A 04 0D 4B 00 00 55 03 E1 B0 00 00 B2 00 00 B1 03 67 4E 03
[2026-08-20 17:04:48.978]# RECV HEX/66 <<<
7A 0F 50 AA 00 3C 13 61 AD 00 34 9A 00 AB 69 81 71 F8 00 00 00 4E 00 00 00 00 00 B0 00 00 00 00 00 65 00 00 B1 04 52 00 00 00 4F 00 00 00 00 00 48 00 00 00 00 00 5F 00 00 00 00 00 49 00 00 09 7C AA
[2026-08-20 17:04:48.989]# RECV HEX/79 <<<
00 39 13 61 AD 00 31 9C 00 AB 72 93 7A 81 00 00 00 4A 00 00 4D 05 28 00 00 00 96 00 00 AE 03 74 AF 00 00 AF 03 65 B0 03 63 B2 03 61 B3 03 58 AF 03 4D AF 03 3E 00 00 00 0E EA AA 00 3C 13 61 AD 00 34 9B 00 AB 7B 1C 83 9B 00 00 00 B1 00 00
[2026-08-20 17:04:48.999]# RECV HEX/86 <<<
B2 00 00 AF 07 24 B2 07 17 B3 07 0E B2 07 06 B3 06 F9 B3 06 EA B3 06 E2 B5 06 D9 B1 06 C8 B1 06 BB AF 06 B1 B3 06 A8 16 06 AA 00 39 13 61 AD 00 31 9B 00 AB 84 35 8C 16 AE 06 A0 B2 06 9A B2 06 98 B2 06 98 B2 06 9A B2 06 9D B2 06 A3 B4 06 A6 
B4 06 A3 B1 06 92
[2026-08-20 17:04:48.999]# RECV HEX/11 <<<
B3 06 7D B2 06 69 B1 06 5B B0 06
[2026-08-20 17:04:49.010]# RECV HEX/65 <<<
56 16 99 AA 00 3C 13 61 AD 00 34 9B 00 AB 00 10 08 8D B2 06 52 B0 06 51 AF 06 56 B3 06 5D B2 06 64 B2 06 73 B1 06 84 B1 06 99 B0 06 B4 B0 06 DC 00 00 00 00 00 00 9C 00 00 AD 26 D8 B3 26 6B 13 B1
[2026-08-20 17:04:49.020]# RECV HEX/75 <<<
AA 00 39 13 61 AD 00 31 9B 00 AB 09 29 11 23 B2 26 AC AF 00 00 B1 06 9F B1 06 8C B2 06 7D B3 06 6D B2 06 60 B1 06 4B B2 06 3A B3 06 2E B6 06 28 B2 06 24 B0 06 1F B2 06 1D 12 65 AA 00 3C 13 61 AD 00 34 9C 00 AB 11 BE 1A 4B AE
[2026-08-20 17:04:49.031]# RECV HEX/88 <<<
06 1B B1 06 1F B2 06 21 B1 06 25 B3 06 22 B2 06 1F B3 06 21 B2 06 1D B3 06 1A 00 00 00 AF 00 00 AE 01 AE 99 01 AA 8A 01 A9 84 01 A8 11 F5 AA 00 39 13 61 AD 00 31 9C 00 AB 1A E6 22 D5 80 01 AA 62 01 AA 67 01 AD 9A 01 A6 00 00 00 00 00 00 00 
00 00 00 00 00 00 00 00
[2026-08-20 17:04:49.041]# RECV HEX/76 <<<
00 00 00 00 00 00 00 00 00 00 00 00 00 00 00 0A 01 AA 00 39 13 61 AD 00 31 9C 00 AB 23 70 2B 5B 00 00 00 00 00 00 00 00 00 00 00 00 00 00 00 00 00 00 00 00 00 00 00 00 00 00 00 00 00 00 00 00 00 00 00 00 00 00 00 00 00 00 04 95
[2026-08-20 17:04:49.052]# RECV HEX/68 <<<
AA 00 3C 13 61 AD 00 34 9D 00 AB 2B F6 34 92 00 00 00 00 00 00 00 00 00 00 00 00 00 00 00 94 00 00 AC 01 CD AC 01 CC 7E 00 00 00 00 00 00 00 00 00 00 00 00 00 00 00 00 00 00 00 00 09 6F AA 00 39 13 61 AD
[2026-08-20 17:04:49.052]# RECV HEX/12 <<<
00 31 9C 00 AB 35 2E 3D 1A 00 00 00
[2026-08-20 17:04:49.063]# RECV HEX/78 <<<
00 00 00 00 00 00 00 00 00 00 00 00 00 00 00 00 00 00 00 00 00 00 00 00 00 00 00 00 00 00 00 00 00 00 00 00 00 00 00 04 36 AA 00 3C 13 61 AD 00 34 9B 00 AB 3D B5 46 37 00 00 00 00 00 00 00 00 00 00 00 00 00 00 00 00 00 00 00 00 00 00
[2026-08-20 17:04:49.073]# RECV HEX/84 <<<
00 00 00 00 00 00 00 00 00 00 00 00 00 00 00 00 00 00 00 00 00 00 00 04 F0 AA 00 39 13 61 AD 00 31 9B 00 AB 46 D2 4E B5 00 00 00 00 00 00 00 00 00 00 00 00 00 00 00 00 00 00 B0 00 00 AF 09 A3 AF 00 00 B0 03 5B B4 03 52 B2 03 4A B0 00 00 AD 
02 98 0D 5D
[2026-08-20 17:04:49.084]# RECV HEX/64 <<<
AA 00 3C 13 61 AD 00 34 9B 00 AB 4F 4F 57 C9 AE 02 95 AE 02 94 AE 02 9D AE 02 AE 00 00 00 00 00 00 65 00 00 AF 00 00 75 00 00 8A 00 00 00 00 00 00 00 00 84 00 00 8F 02 8A 99 02 82 0F 42 AA 00
[2026-08-20 17:04:49.094]# RECV HEX/78 <<<
39 13 61 AD 00 31 9A 00 AB 58 63 60 3D 8E 02 89 AE 00 00 B0 02 A9 6A 00 00 AF 02 B7 B0 02 C3 AD 02 D3 00 00 00 00 00 00 00 00 00 00 00 00 00 00 00 B3 00 00 AE 09 37 0E 5E AA 00 3C 13 61 AD 00 34 9A 00 AB 60 D6 69 4B AD 00 00 AC 02 9B
[2026-08-20 17:04:49.094]# RECV HEX/11 <<<
AE 00 00 00 00 00 AE 09 E7 00 00
[2026-08-20 17:04:49.105]# RECV HEX/86 <<<
00 AD 00 00 97 04 19 00 00 00 51 00 00 B1 00 00 9E 00 00 B0 03 63 69 03 6F 00 00 00 0E 9E AA 00 39 13 61 AD 00 31 9A 00 AB 69 E4 71 BE 4B 00 00 00 00 00 B0 00 00 64 05 73 00 00 00 B0 00 00 00 00 00 47 00 00 00 00 00 00 00 00 00 00 00 96 04 
50 00 00 00 00 00
[2026-08-20 17:04:49.105]# RECV HEX/3 <<<
00 09 AE
[2026-08-20 17:04:49.116]# RECV HEX/62 <<<
AA 00 3C 13 61 AD 00 34 9C 00 AB 72 57 7A E4 47 00 00 4D 05 13 4B 05 20 50 05 39 00 00 00 AE 00 00 99 00 00 AD 03 63 B0 03 62 B2 03 62 B3 03 5D B0 03 51 AF 03 44 AE 03 33 00 00 00 0F CA
[2026-08-20 17:04:49.126]# RECV HEX/74 <<<
AA 00 39 13 61 AD 00 31 9B 00 AB 7B 7E 83 5F 00 00 00 B2 00 00 B3 00 00 B3 07 1B B1 07 12 B1 07 0A B2 06 FE B1 06 F1 B3 06 E5 B3 06 DC B1 06 CD B2 06 BF B0 06 B3 B3 06 A8 15 72 AA 00 3C 13 61 AD 00 34 9B 00 AB 83 F9 8C 77
[2026-08-20 17:04:49.126]# RECV HEX/12 <<<
B0 06 A3 B2 06 9C B3 06 97 B2 06 96
[2026-08-20 17:04:49.137]# RECV HEX/86 <<<
B2 06 98 B2 06 99 B3 06 9F B3 06 A4 B3 06 A7 B2 06 97 B3 06 83 B3 06 6D B2 06 5E B1 06 55 B0 06 53 18 DD AA 00 39 13 61 AD 00 31 9B 00 AB 00 71 08 52 AE 06 57 AE 06 53 B3 06 58 B3 06 63 B2 06 6C B2 06 7D B3 06 92 B3 06 AA B3 06 CC 5B 07 2C 
00 00 00 00 00 00
[2026-08-20 17:04:49.147]# RECV HEX/70 <<<
AE 00 00 AE 26 9D 11 BE AA 00 3C 13 61 AD 00 34 9D 00 AB 08 ED 11 85 AC 26 88 B1 00 00 B4 06 A4 B3 06 91 AF 06 81 B0 06 6F B2 06 62 B3 06 51 B2 06 3E B0 06 2F B1 06 28 B2 06 24 B0 06 20 B1 06 1B B1 06 1B 14 50
[2026-08-20 17:04:49.158]# RECV HEX/71 <<<
AA 00 39 13 61 AD 00 31 9B 00 AB 12 20 1A 08 B0 06 1C B2 06 1F B1 06 23 B2 06 20 B1 06 20 B1 06 1E B2 06 1C B2 06 1B B4 06 15 AF 00 00 B0 00 00 A5 01 AD 91 01 A9 8E 01 A9 10 71 AA 00 39 13 61 AD 00 31 9C 00 AB 1A
[2026-08-20 17:04:49.168]# RECV HEX/95 <<<
A3 22 90 81 01 A9 6A 01 AB 6E 01 AB 5A 01 AB 82 01 AA 00 00 00 00 00 00 00 00 00 00 00 00 00 00 00 00 00 00 00 00 00 00 00 00 00 00 00 0A 79 AA 00 3C 13 61 AD 00 34 9B 00 AB 23 2B 2B AE 00 00 00 00 00 00 00 00 00 00 00 00 00 00 00 00 00 00 
00 00 00 00 00 00 00 00 00 00 00 00 00 00 00
[2026-08-20 17:04:49.179]# RECV HEX/73 <<<
00 00 00 00 00 00 00 00 00 00 00 00 04 A8 AA 00 39 13 61 AD 00 31 9C 00 AB 2C 49 34 3E 00 00 00 00 00 00 00 00 00 00 00 00 6F 00 00 AA 01 CD AC 01 CC AD 01 CF 00 00 00 00 00 00 00 00 00 00 00 00 00 00 00 00 00 00 09 40
